Archive member included to satisfy reference by file (symbol)

/opt/gcc-arm-none-eabi/bin/../lib/gcc/arm-none-eabi/13.2.1/../../../../arm-none-eabi/lib/thumb/v7e-m/nofp/libc_nano.a(libc_a-exit.o)
                              /opt/gcc-arm-none-eabi/bin/../lib/gcc/arm-none-eabi/13.2.1/../../../../arm-none-eabi/lib/thumb/v7e-m/nofp/crt0.o (exit)
/opt/gcc-arm-none-eabi/bin/../lib/gcc/arm-none-eabi/13.2.1/../../../../arm-none-eabi/lib/thumb/v7e-m/nofp/libc_nano.a(libc_a-init.o)
                              /opt/gcc-arm-none-eabi/bin/../lib/gcc/arm-none-eabi/13.2.1/../../../../arm-none-eabi/lib/thumb/v7e-m/nofp/crt0.o (__libc_init_array)
/opt/gcc-arm-none-eabi/bin/../lib/gcc/arm-none-eabi/13.2.1/../../../../arm-none-eabi/lib/thumb/v7e-m/nofp/libc_nano.a(libc_a-nano-vfprintf_float.o)
                              (_printf_float)
/opt/gcc-arm-none-eabi/bin/../lib/gcc/arm-none-eabi/13.2.1/../../../../arm-none-eabi/lib/thumb/v7e-m/nofp/libc_nano.a(libc_a-vsprintf.o)
                              CMakeFiles/Drone.dir/HARDWARE/src/Serial.c.o (vsprintf)
/opt/gcc-arm-none-eabi/bin/../lib/gcc/arm-none-eabi/13.2.1/../../../../arm-none-eabi/lib/thumb/v7e-m/nofp/libc_nano.a(libc_a-nano-vfprintf_i.o)
                              /opt/gcc-arm-none-eabi/bin/../lib/gcc/arm-none-eabi/13.2.1/../../../../arm-none-eabi/lib/thumb/v7e-m/nofp/libc_nano.a(libc_a-nano-vfprintf_float.o) (_printf_common)
/opt/gcc-arm-none-eabi/bin/../lib/gcc/arm-none-eabi/13.2.1/../../../../arm-none-eabi/lib/thumb/v7e-m/nofp/libc_nano.a(libc_a-nano-vfscanf_float.o)
                              (_scanf_float)
/opt/gcc-arm-none-eabi/bin/../lib/gcc/arm-none-eabi/13.2.1/../../../../arm-none-eabi/lib/thumb/v7e-m/nofp/libc_nano.a(libc_a-impure.o)
                              /opt/gcc-arm-none-eabi/bin/../lib/gcc/arm-none-eabi/13.2.1/../../../../arm-none-eabi/lib/thumb/v7e-m/nofp/libc_nano.a(libc_a-vsprintf.o) (_impure_ptr)
/opt/gcc-arm-none-eabi/bin/../lib/gcc/arm-none-eabi/13.2.1/../../../../arm-none-eabi/lib/thumb/v7e-m/nofp/libc_nano.a(libc_a-memchr.o)
                              /opt/gcc-arm-none-eabi/bin/../lib/gcc/arm-none-eabi/13.2.1/../../../../arm-none-eabi/lib/thumb/v7e-m/nofp/libc_nano.a(libc_a-nano-vfprintf_i.o) (memchr)
/opt/gcc-arm-none-eabi/bin/../lib/gcc/arm-none-eabi/13.2.1/../../../../arm-none-eabi/lib/thumb/v7e-m/nofp/libc_nano.a(libc_a-memcpy-stub.o)
                              CMakeFiles/Drone.dir/FWLIB/src/stm32f4xx_cryp_aes.c.o (memcpy)
/opt/gcc-arm-none-eabi/bin/../lib/gcc/arm-none-eabi/13.2.1/../../../../arm-none-eabi/lib/thumb/v7e-m/nofp/libc_nano.a(libc_a-findfp.o)
                              /opt/gcc-arm-none-eabi/bin/../lib/gcc/arm-none-eabi/13.2.1/../../../../arm-none-eabi/lib/thumb/v7e-m/nofp/libc_nano.a(libc_a-exit.o) (__stdio_exit_handler)
/opt/gcc-arm-none-eabi/bin/../lib/gcc/arm-none-eabi/13.2.1/../../../../arm-none-eabi/lib/thumb/v7e-m/nofp/libc_nano.a(libc_a-strlen.o)
                              CMakeFiles/Drone.dir/os/src/os_core.c.o (strlen)
/opt/gcc-arm-none-eabi/bin/../lib/gcc/arm-none-eabi/13.2.1/../../../../arm-none-eabi/lib/thumb/v7e-m/nofp/libc_nano.a(libc_a-sprintf.o)
                              /opt/gcc-arm-none-eabi/bin/../lib/gcc/arm-none-eabi/13.2.1/../../../../arm-none-eabi/lib/thumb/v7e-m/nofp/libc_nano.a(libc_a-nano-vfscanf_float.o) (sprintf)
/opt/gcc-arm-none-eabi/bin/../lib/gcc/arm-none-eabi/13.2.1/../../../../arm-none-eabi/lib/thumb/v7e-m/nofp/libc_nano.a(libc_a-stdio.o)
                              /opt/gcc-arm-none-eabi/bin/../lib/gcc/arm-none-eabi/13.2.1/../../../../arm-none-eabi/lib/thumb/v7e-m/nofp/libc_nano.a(libc_a-findfp.o) (__sread)
/opt/gcc-arm-none-eabi/bin/../lib/gcc/arm-none-eabi/13.2.1/../../../../arm-none-eabi/lib/thumb/v7e-m/nofp/libc_nano.a(libc_a-dtoa.o)
                              /opt/gcc-arm-none-eabi/bin/../lib/gcc/arm-none-eabi/13.2.1/../../../../arm-none-eabi/lib/thumb/v7e-m/nofp/libc_nano.a(libc_a-nano-vfprintf_float.o) (_dtoa_r)
/opt/gcc-arm-none-eabi/bin/../lib/gcc/arm-none-eabi/13.2.1/../../../../arm-none-eabi/lib/thumb/v7e-m/nofp/libc_nano.a(libc_a-readr.o)
                              /opt/gcc-arm-none-eabi/bin/../lib/gcc/arm-none-eabi/13.2.1/../../../../arm-none-eabi/lib/thumb/v7e-m/nofp/libc_nano.a(libc_a-stdio.o) (_read_r)
/opt/gcc-arm-none-eabi/bin/../lib/gcc/arm-none-eabi/13.2.1/../../../../arm-none-eabi/lib/thumb/v7e-m/nofp/libc_nano.a(libc_a-writer.o)
                              /opt/gcc-arm-none-eabi/bin/../lib/gcc/arm-none-eabi/13.2.1/../../../../arm-none-eabi/lib/thumb/v7e-m/nofp/libc_nano.a(libc_a-stdio.o) (_write_r)
/opt/gcc-arm-none-eabi/bin/../lib/gcc/arm-none-eabi/13.2.1/../../../../arm-none-eabi/lib/thumb/v7e-m/nofp/libc_nano.a(libc_a-fwalk.o)
                              /opt/gcc-arm-none-eabi/bin/../lib/gcc/arm-none-eabi/13.2.1/../../../../arm-none-eabi/lib/thumb/v7e-m/nofp/libc_nano.a(libc_a-findfp.o) (_fwalk_sglue)
[...]
Memory Configuration

Name             Origin             Length             Attributes
RAM              0x20000000         0x00018000         xrw
FLASH            0x08000000         0x00080000         xr
*default*        0x00000000         0xffffffff

Linker script and memory map

LOAD /opt/gcc-arm-none-eabi/bin/../lib/gcc/arm-none-eabi/13.2.1/thumb/v7e-m/nofp/crti.o
LOAD /opt/gcc-arm-none-eabi/bin/../lib/gcc/arm-none-eabi/13.2.1/thumb/v7e-m/nofp/crtbegin.o
LOAD /opt/gcc-arm-none-eabi/bin/../lib/gcc/arm-none-eabi/13.2.1/../../../../arm-none-eabi/lib/thumb/v7e-m/nofp/crt0.o
LOAD CMakeFiles/Drone.dir/FWLIB/src/misc.c.o
LOAD CMakeFiles/Drone.dir/FWLIB/src/stm32f4xx_adc.c.o
LOAD CMakeFiles/Drone.dir/FWLIB/src/stm32f4xx_can.c.o
LOAD CMakeFiles/Drone.dir/FWLIB/src/stm32f4xx_cec.c.o
LOAD CMakeFiles/Drone.dir/FWLIB/src/stm32f4xx_crc.c.o
LOAD CMakeFiles/Drone.dir/FWLIB/src/stm32f4xx_cryp.c.o
LOAD CMakeFiles/Drone.dir/FWLIB/src/stm32f4xx_cryp_aes.c.o
LOAD CMakeFiles/Drone.dir/FWLIB/src/stm32f4xx_cryp_des.c.o
LOAD CMakeFiles/Drone.dir/FWLIB/src/stm32f4xx_cryp_tdes.c.o
LOAD CMakeFiles/Drone.dir/FWLIB/src/stm32f4xx_dac.c.o
LOAD CMakeFiles/Drone.dir/FWLIB/src/stm32f4xx_dbgmcu.c.o
LOAD CMakeFiles/Drone.dir/FWLIB/src/stm32f4xx_dcmi.c.o
LOAD CMakeFiles/Drone.dir/FWLIB/src/stm32f4xx_dfsdm.c.o
LOAD CMakeFiles/Drone.dir/FWLIB/src/stm32f4xx_dma.c.o
LOAD CMakeFiles/Drone.dir/FWLIB/src/stm32f4xx_dma2d.c.o
LOAD CMakeFiles/Drone.dir/FWLIB/src/stm32f4xx_dsi.c.o
LOAD CMakeFiles/Drone.dir/FWLIB/src/stm32f4xx_exti.c.o
LOAD CMakeFiles/Drone.dir/FWLIB/src/stm32f4xx_flash.c.o
LOAD CMakeFiles/Drone.dir/FWLIB/src/stm32f4xx_flash_ramfunc.c.o
LOAD CMakeFiles/Drone.dir/FWLIB/src/stm32f4xx_fmpi2c.c.o
LOAD CMakeFiles/Drone.dir/FWLIB/src/stm32f4xx_gpio.c.o
LOAD CMakeFiles/Drone.dir/FWLIB/src/stm32f4xx_hash.c.o
LOAD CMakeFiles/Drone.dir/FWLIB/src/stm32f4xx_hash_md5.c.o
LOAD CMakeFiles/Drone.dir/FWLIB/src/stm32f4xx_hash_sha1.c.o
LOAD CMakeFiles/Drone.dir/FWLIB/src/stm32f4xx_i2c.c.o
LOAD CMakeFiles/Drone.dir/FWLIB/src/stm32f4xx_iwdg.c.o
LOAD CMakeFiles/Drone.dir/FWLIB/src/stm32f4xx_lptim.c.o
LOAD CMakeFiles/Drone.dir/FWLIB/src/stm32f4xx_ltdc.c.o
LOAD CMakeFiles/Drone.dir/FWLIB/src/stm32f4xx_pwr.c.o
LOAD CMakeFiles/Drone.dir/FWLIB/src/stm32f4xx_qspi.c.o
LOAD CMakeFiles/Drone.dir/FWLIB/src/stm32f4xx_rcc.c.o
LOAD CMakeFiles/Drone.dir/FWLIB/src/stm32f4xx_rng.c.o
LOAD CMakeFiles/Drone.dir/FWLIB/src/stm32f4xx_rtc.c.o
LOAD CMakeFiles/Drone.dir/FWLIB/src/stm32f4xx_sai.c.o
LOAD CMakeFiles/Drone.dir/FWLIB/src/stm32f4xx_sdio.c.o
LOAD CMakeFiles/Drone.dir/FWLIB/src/stm32f4xx_spdifrx.c.o
LOAD CMakeFiles/Drone.dir/FWLIB/src/stm32f4xx_spi.c.o
LOAD CMakeFiles/Drone.dir/FWLIB/src/stm32f4xx_syscfg.c.o
LOAD CMakeFiles/Drone.dir/FWLIB/src/stm32f4xx_tim.c.o
LOAD CMakeFiles/Drone.dir/FWLIB/src/stm32f4xx_usart.c.o
LOAD CMakeFiles/Drone.dir/FWLIB/src/stm32f4xx_wwdg.c.o
LOAD CMakeFiles/Drone.dir/HARDWARE/src/HMC5883L.c.o
LOAD CMakeFiles/Drone.dir/HARDWARE/src/MPU.c.o
LOAD CMakeFiles/Drone.dir/HARDWARE/src/Moter.c.o
LOAD CMakeFiles/Drone.dir/HARDWARE/src/MyI2C.c.o
LOAD CMakeFiles/Drone.dir/HARDWARE/src/Receiver.c.o
LOAD CMakeFiles/Drone.dir/HARDWARE/src/Serial.c.o
LOAD CMakeFiles/Drone.dir/SYSTEM/src/ChangeHCLK.c.o
LOAD CMakeFiles/Drone.dir/SYSTEM/src/Delay.c.o
LOAD CMakeFiles/Drone.dir/USER/src/main.c.o
LOAD CMakeFiles/Drone.dir/USER/src/stm32f4xx_it.c.o
LOAD CMakeFiles/Drone.dir/USER/src/system_stm32f4xx.c.o
LOAD CMakeFiles/Drone.dir/os/src/app_hooks.c.o
LOAD CMakeFiles/Drone.dir/os/src/os_core.c.o
LOAD CMakeFiles/Drone.dir/os/src/os_cpu.c.o
LOAD CMakeFiles/Drone.dir/os/src/os_cpu_c.c.o
LOAD CMakeFiles/Drone.dir/os/src/os_dbg_r.c.o
LOAD CMakeFiles/Drone.dir/os/src/os_flag.c.o
LOAD CMakeFiles/Drone.dir/os/src/os_mbox.c.o
LOAD CMakeFiles/Drone.dir/os/src/os_mem.c.o
LOAD CMakeFiles/Drone.dir/os/src/os_mutex.c.o
LOAD CMakeFiles/Drone.dir/os/src/os_q.c.o
LOAD CMakeFiles/Drone.dir/os/src/os_sem.c.o
LOAD CMakeFiles/Drone.dir/os/src/os_task.c.o
LOAD CMakeFiles/Drone.dir/os/src/os_time.c.o
LOAD CMakeFiles/Drone.dir/os/src/os_tmr.c.o
LOAD CMakeFiles/Drone.dir/CORE/startup_stm32f401xe.s.o
LOAD CMakeFiles/Drone.dir/os/src/os_cpu_a.s.o
LOAD /opt/gcc-arm-none-eabi/bin/../lib/gcc/arm-none-eabi/13.2.1/../../../../arm-none-eabi/lib/thumb/v7e-m/nofp/libc_nano.a
LOAD /opt/gcc-arm-none-eabi/bin/../lib/gcc/arm-none-eabi/13.2.1/../../../../arm-none-eabi/lib/thumb/v7e-m/nofp/libm.a
START GROUP
LOAD /opt/gcc-arm-none-eabi/bin/../lib/gcc/arm-none-eabi/13.2.1/thumb/v7e-m/nofp/libgcc.a
LOAD /opt/gcc-arm-none-eabi/bin/../lib/gcc/arm-none-eabi/13.2.1/../../../../arm-none-eabi/lib/thumb/v7e-m/nofp/libg_nano.a
LOAD /opt/gcc-arm-none-eabi/bin/../lib/gcc/arm-none-eabi/13.2.1/../../../../arm-none-eabi/lib/thumb/v7e-m/nofp/libc_nano.a
END GROUP
START GROUP
LOAD /opt/gcc-arm-none-eabi/bin/../lib/gcc/arm-none-eabi/13.2.1/thumb/v7e-m/nofp/libgcc.a
LOAD /opt/gcc-arm-none-eabi/bin/../lib/gcc/arm-none-eabi/13.2.1/../../../../arm-none-eabi/lib/thumb/v7e-m/nofp/libc_nano.a
LOAD /opt/gcc-arm-none-eabi/bin/../lib/gcc/arm-none-eabi/13.2.1/../../../../arm-none-eabi/lib/thumb/v7e-m/nofp/libnosys.a
END GROUP
START GROUP
LOAD /opt/gcc-arm-none-eabi/bin/../lib/gcc/arm-none-eabi/13.2.1/thumb/v7e-m/nofp/libgcc.a
LOAD /opt/gcc-arm-none-eabi/bin/../lib/gcc/arm-none-eabi/13.2.1/../../../../arm-none-eabi/lib/thumb/v7e-m/nofp/libc_nano.a
LOAD /opt/gcc-arm-none-eabi/bin/../lib/gcc/arm-none-eabi/13.2.1/../../../../arm-none-eabi/lib/thumb/v7e-m/nofp/libnosys.a
END GROUP
LOAD /opt/gcc-arm-none-eabi/bin/../lib/gcc/arm-none-eabi/13.2.1/thumb/v7e-m/nofp/crtend.o
LOAD /opt/gcc-arm-none-eabi/bin/../lib/gcc/arm-none-eabi/13.2.1/thumb/v7e-m/nofp/crtn.o
                0x20018000                        _estack = (ORIGIN (RAM) + LENGTH (RAM))
                0x00000200                        _Min_Heap_Size = 0x200
                0x00000400                        _Min_Stack_Size = 0x400

.isr_vector     0x08000000      0x194
                0x08000000                        . = ALIGN (0x4)
 *(.isr_vector)
 .isr_vector    0x08000000      0x194 CMakeFiles/Drone.dir/CORE/startup_stm32f401xe.s.o
                0x08000000                g_pfnVectors
                0x08000194                        . = ALIGN (0x4)

.text           0x080001a0     0x6e38
                0x080001a0                        . = ALIGN (0x4)
 *(.text)
 .text          0x080001a0      0x138 CMakeFiles/Drone.dir/os/src/os_cpu_a.s.o
                0x080001a0                OS_CPU_SR_Save
                0x080001bc                OS_CPU_SR_Restore
                0x080001ce                OSStartHighRdy
                0x0800024e                OSCtxSw
                0x0800024e                OSIntCtxSw
                0x08000258                PendSV_Handler
 *fill*         0x080002d8        0x8 
 .text          0x080002e0       0xa0 /opt/gcc-arm-none-eabi/bin/../lib/gcc/arm-none-eabi/13.2.1/../../../../arm-none-eabi/lib/thumb/v7e-m/nofp/libc_nano.a(libc_a-memchr.o)
                0x080002e0                memchr
 .text          0x08000380       0x10 /opt/gcc-arm-none-eabi/bin/../lib/gcc/arm-none-eabi/13.2.1/../../../../arm-none-eabi/lib/thumb/v7e-m/nofp/libc_nano.a(libc_a-strlen.o)
                0x08000380                strlen
 .text          0x08000390      0x378 /opt/gcc-arm-none-eabi/bin/../lib/gcc/arm-none-eabi/13.2.1/thumb/v7e-m/nofp/libgcc.a(_arm_addsubdf3.o)
                0x08000390                __aeabi_drsub
                0x08000398                __aeabi_dsub
                0x08000398                __subdf3
                0x0800039c                __adddf3
                0x0800039c                __aeabi_dadd
                0x08000614                __aeabi_ui2d
                0x08000614                __floatunsidf
                0x08000634                __floatsidf
                0x08000634                __aeabi_i2d
                0x08000658                __extendsfdf2
                0x08000658                __aeabi_f2d
                0x0800069c                __aeabi_ul2d
                0x0800069c                __floatundidf
                0x080006ac                __floatdidf
                0x080006ac                __aeabi_l2d
 .text          0x08000708      0x424 /opt/gcc-arm-none-eabi/bin/../lib/gcc/arm-none-eabi/13.2.1/thumb/v7e-m/nofp/libgcc.a(_arm_muldivdf3.o)
                0x08000708                __aeabi_dmul
                0x08000708                __muldf3
                0x0800095c                __aeabi_ddiv
                0x0800095c                __divdf3
 .text          0x08000b2c      0x110 /opt/gcc-arm-none-eabi/bin/../lib/gcc/arm-none-eabi/13.2.1/thumb/v7e-m/nofp/libgcc.a(_arm_cmpdf2.o)
                0x08000b2c                __gtdf2
                0x08000b2c                __gedf2
                0x08000b34                __ltdf2
                0x08000b34                __ledf2
                0x08000b3c                __cmpdf2
                0x08000b3c                __eqdf2
                0x08000b3c                __nedf2
                0x08000bb8                __aeabi_cdrcmple
                0x08000bc8                __aeabi_cdcmple
                0x08000bc8                __aeabi_cdcmpeq
                0x08000bd8                __aeabi_dcmpeq
                0x08000bec                __aeabi_dcmplt
                0x08000c00                __aeabi_dcmple
                0x08000c14                __aeabi_dcmpge
                0x08000c28                __aeabi_dcmpgt
 .text          0x08000c3c       0x2c /opt/gcc-arm-none-eabi/bin/../lib/gcc/arm-none-eabi/13.2.1/thumb/v7e-m/nofp/libgcc.a(_arm_unorddf2.o)
                0x08000c3c                __aeabi_dcmpun
                0x08000c3c                __unorddf2
 .text          0x08000c68       0x50 /opt/gcc-arm-none-eabi/bin/../lib/gcc/arm-none-eabi/13.2.1/thumb/v7e-m/nofp/libgcc.a(_arm_fixdfsi.o)
                0x08000c68                __fixdfsi
                0x08000c68                __aeabi_d2iz
 .text          0x08000cb8       0x40 /opt/gcc-arm-none-eabi/bin/../lib/gcc/arm-none-eabi/13.2.1/thumb/v7e-m/nofp/libgcc.a(_arm_fixunsdfsi.o)
                0x08000cb8                __fixunsdfsi
                0x08000cb8                __aeabi_d2uiz
 .text          0x08000cf8       0xa0 /opt/gcc-arm-none-eabi/bin/../lib/gcc/arm-none-eabi/13.2.1/thumb/v7e-m/nofp/libgcc.a(_arm_truncdfsf2.o)
                0x08000cf8                __aeabi_d2f
                0x08000cf8                __truncdfsf2
 *(.text*)
 .text.deregister_tm_clones
                0x08000d98       0x1c /opt/gcc-arm-none-eabi/bin/../lib/gcc/arm-none-eabi/13.2.1/thumb/v7e-m/nofp/crtbegin.o
 .text.register_tm_clones
                0x08000db4       0x24 /opt/gcc-arm-none-eabi/bin/../lib/gcc/arm-none-eabi/13.2.1/thumb/v7e-m/nofp/crtbegin.o
 .text.__do_global_dtors_aux
                0x08000dd8       0x28 /opt/gcc-arm-none-eabi/bin/../lib/gcc/arm-none-eabi/13.2.1/thumb/v7e-m/nofp/crtbegin.o
 .text.frame_dummy
                0x08000e00       0x24 /opt/gcc-arm-none-eabi/bin/../lib/gcc/arm-none-eabi/13.2.1/thumb/v7e-m/nofp/crtbegin.o
 .text.HMC5883L_WriteReg
                0x08000e24       0x30 CMakeFiles/Drone.dir/HARDWARE/src/HMC5883L.c.o
                0x08000e24                HMC5883L_WriteReg
 .text.HMC5883L_Init
                0x08000e54       0x22 CMakeFiles/Drone.dir/HARDWARE/src/HMC5883L.c.o
                0x08000e54                HMC5883L_Init
 .text.MPU6050_WriteReg
                0x08000e76       0x30 CMakeFiles/Drone.dir/HARDWARE/src/MPU.c.o
                0x08000e76                MPU6050_WriteReg
 .text.MPU6050_Init
                0x08000ea6       0x4a CMakeFiles/Drone.dir/HARDWARE/src/MPU.c.o
                0x08000ea6                MPU6050_Init
 .text.ChangeDutyCycle
                0x08000ef0       0x34 CMakeFiles/Drone.dir/HARDWARE/src/Moter.c.o
                0x08000ef0                ChangeDutyCycle
 .text.PWM_Init
                0x08000f24       0xe8 CMakeFiles/Drone.dir/HARDWARE/src/Moter.c.o
                0x08000f24                PWM_Init
 .text.MyI2C_W_SCL
                0x0800100c       0x1c CMakeFiles/Drone.dir/HARDWARE/src/MyI2C.c.o
                0x0800100c                MyI2C_W_SCL
 .text.MyI2C_W_SDA
                0x08001028       0x1c CMakeFiles/Drone.dir/HARDWARE/src/MyI2C.c.o
                0x08001028                MyI2C_W_SDA
 .text.MyI2C_R_SDA
                0x08001044       0x18 CMakeFiles/Drone.dir/HARDWARE/src/MyI2C.c.o
                0x08001044                MyI2C_R_SDA
 .text.MyI2C_Init
                0x0800105c       0x50 CMakeFiles/Drone.dir/HARDWARE/src/MyI2C.c.o
                0x0800105c                MyI2C_Init
 .text.MyI2C_Start
                0x080010ac       0x1e CMakeFiles/Drone.dir/HARDWARE/src/MyI2C.c.o
                0x080010ac                MyI2C_Start
 .text.MyI2C_Stop
                0x080010ca       0x18 CMakeFiles/Drone.dir/HARDWARE/src/MyI2C.c.o
                0x080010ca                MyI2C_Stop
 .text.MyI2C_SendByte
                0x080010e2       0x26 CMakeFiles/Drone.dir/HARDWARE/src/MyI2C.c.o
                0x080010e2                MyI2C_SendByte
 .text.MyI2C_ReceiveAck
                0x08001108       0x1e CMakeFiles/Drone.dir/HARDWARE/src/MyI2C.c.o
                0x08001108                MyI2C_ReceiveAck
 *fill*         0x08001126        0x2 
 .text.Receiver_Init
                0x08001128       0xbc CMakeFiles/Drone.dir/HARDWARE/src/Receiver.c.o
                0x08001128                Receiver_Init
 .text.TIM1_CC_IRQHandler
                0x080011e4       0x64 CMakeFiles/Drone.dir/HARDWARE/src/Receiver.c.o
                0x080011e4                TIM1_CC_IRQHandler
 .text.Serial_Init
                0x08001248       0xd4 CMakeFiles/Drone.dir/HARDWARE/src/Serial.c.o
                0x08001248                Serial_Init
 .text.Serial_SendByte
                0x0800131c       0x10 CMakeFiles/Drone.dir/HARDWARE/src/Serial.c.o
                0x0800131c                Serial_SendByte
 .text.Serial_SendString
                0x0800132c       0x16 CMakeFiles/Drone.dir/HARDWARE/src/Serial.c.o
                0x0800132c                Serial_SendString
 .text.Serial_Printf
                0x08001342       0x24 CMakeFiles/Drone.dir/HARDWARE/src/Serial.c.o
                0x08001342                Serial_Printf
 *fill*         0x08001366        0x2 
 .text.Serial_GetRxData
                0x08001368        0xc CMakeFiles/Drone.dir/HARDWARE/src/Serial.c.o
                0x08001368                Serial_GetRxData
 .text.USART1_IRQHandler
                0x08001374       0x50 CMakeFiles/Drone.dir/HARDWARE/src/Serial.c.o
                0x08001374                USART1_IRQHandler
 .text.Delay_us
                0x080013c4       0x1e CMakeFiles/Drone.dir/SYSTEM/src/Delay.c.o
                0x080013c4                Delay_us
 *fill*         0x080013e2        0x2 
 .text.Task_GetDuty
                0x080013e4       0x34 CMakeFiles/Drone.dir/USER/src/main.c.o
                0x080013e4                Task_GetDuty
 .text.Task_USART_RECEIVE
                0x08001418       0x18 CMakeFiles/Drone.dir/USER/src/main.c.o
                0x08001418                Task_USART_RECEIVE
 .text.startup.main
                0x08001430       0x7c CMakeFiles/Drone.dir/USER/src/main.c.o
                0x08001430                main
 .text.NMI_Handler
                0x080014ac        0x2 CMakeFiles/Drone.dir/USER/src/stm32f4xx_it.c.o
                0x080014ac                NMI_Handler
 .text.HardFault_Handler
                0x080014ae        0x2 CMakeFiles/Drone.dir/USER/src/stm32f4xx_it.c.o
                0x080014ae                HardFault_Handler
 .text.MemManage_Handler
                0x080014b0        0x2 CMakeFiles/Drone.dir/USER/src/stm32f4xx_it.c.o
                0x080014b0                MemManage_Handler
 .text.BusFault_Handler
                0x080014b2        0x2 CMakeFiles/Drone.dir/USER/src/stm32f4xx_it.c.o
                0x080014b2                BusFault_Handler
 .text.UsageFault_Handler
                0x080014b4        0x2 CMakeFiles/Drone.dir/USER/src/stm32f4xx_it.c.o
                0x080014b4                UsageFault_Handler
 .text.SVC_Handler
                0x080014b6        0x2 CMakeFiles/Drone.dir/USER/src/stm32f4xx_it.c.o
                0x080014b6                SVC_Handler
 .text.DebugMon_Handler
                0x080014b8        0x2 CMakeFiles/Drone.dir/USER/src/stm32f4xx_it.c.o
                0x080014b8                DebugMon_Handler
 *fill*         0x080014ba        0x2 
 .text.SystemInit
                0x080014bc       0xe0 CMakeFiles/Drone.dir/USER/src/system_stm32f4xx.c.o
                0x080014bc                SystemInit
 .text.App_TaskCreateHook
                0x0800159c        0x2 CMakeFiles/Drone.dir/os/src/app_hooks.c.o
                0x0800159c                App_TaskCreateHook
 .text.App_TaskDelHook
                0x0800159e        0x2 CMakeFiles/Drone.dir/os/src/app_hooks.c.o
                0x0800159e                App_TaskDelHook
 .text.App_TaskIdleHook
                0x080015a0        0x2 CMakeFiles/Drone.dir/os/src/app_hooks.c.o
                0x080015a0                App_TaskIdleHook
 .text.App_TaskStatHook
                0x080015a2        0x2 CMakeFiles/Drone.dir/os/src/app_hooks.c.o
                0x080015a2                App_TaskStatHook
 .text.App_TaskReturnHook
                0x080015a4        0x2 CMakeFiles/Drone.dir/os/src/app_hooks.c.o
                0x080015a4                App_TaskReturnHook
 .text.App_TaskSwHook
                0x080015a6        0x2 CMakeFiles/Drone.dir/os/src/app_hooks.c.o
                0x080015a6                App_TaskSwHook
 .text.App_TCBInitHook
                0x080015a8        0x2 CMakeFiles/Drone.dir/os/src/app_hooks.c.o
                0x080015a8                App_TCBInitHook
 .text.App_TimeTickHook
                0x080015aa        0x2 CMakeFiles/Drone.dir/os/src/app_hooks.c.o
                0x080015aa                App_TimeTickHook
 .text.OS_SchedNew
                0x080015ac       0x28 CMakeFiles/Drone.dir/os/src/os_core.c.o
 .text.OS_TaskIdle
                0x080015d4       0x20 CMakeFiles/Drone.dir/os/src/os_core.c.o
                0x080015d4                OS_TaskIdle
 .text.OSEventNameSet
                0x080015f4       0x40 CMakeFiles/Drone.dir/os/src/os_core.c.o
                0x080015f4                OSEventNameSet
 .text.OSIntEnter
                0x08001634       0x20 CMakeFiles/Drone.dir/os/src/os_core.c.o
                0x08001634                OSIntEnter
 .text.OSIntExit
                0x08001654       0x84 CMakeFiles/Drone.dir/os/src/os_core.c.o
                0x08001654                OSIntExit
 .text.OSSchedLock
                0x080016d8       0x38 CMakeFiles/Drone.dir/os/src/os_core.c.o
                0x080016d8                OSSchedLock
 .text.OSStart  0x08001710       0x44 CMakeFiles/Drone.dir/os/src/os_core.c.o
                0x08001710                OSStart
 .text.OSTimeTick
                0x08001754       0xb4 CMakeFiles/Drone.dir/os/src/os_core.c.o
                0x08001754                OSTimeTick
 .text.OS_Dummy
                0x08001808        0x2 CMakeFiles/Drone.dir/os/src/os_core.c.o
                0x08001808                OS_Dummy
 *fill*         0x0800180a        0x2 
 .text.OS_EventTaskWait
                0x0800180c       0x48 CMakeFiles/Drone.dir/os/src/os_core.c.o
                0x0800180c                OS_EventTaskWait
 .text.OS_EventTaskRemove
                0x08001854       0x28 CMakeFiles/Drone.dir/os/src/os_core.c.o
                0x08001854                OS_EventTaskRemove
 .text.OS_EventTaskRemoveMulti
                0x0800187c       0x2e CMakeFiles/Drone.dir/os/src/os_core.c.o
                0x0800187c                OS_EventTaskRemoveMulti
 *fill*         0x080018aa        0x2 
 .text.OS_EventTaskRdy
                0x080018ac       0x78 CMakeFiles/Drone.dir/os/src/os_core.c.o
                0x080018ac                OS_EventTaskRdy
 .text.OS_EventWaitListInit
                0x08001924        0xe CMakeFiles/Drone.dir/os/src/os_core.c.o
                0x08001924                OS_EventWaitListInit
 .text.OS_MemClr
                0x08001932        0x8 CMakeFiles/Drone.dir/os/src/os_core.c.o
                0x08001932                OS_MemClr
 *fill*         0x0800193a        0x2 
 .text.OSInit   0x0800193c      0x1bc CMakeFiles/Drone.dir/os/src/os_core.c.o
                0x0800193c                OSInit
 .text.OS_Sched
                0x08001af8       0x68 CMakeFiles/Drone.dir/os/src/os_core.c.o
                0x08001af8                OS_Sched
 .text.OSSchedUnlock
                0x08001b60       0x48 CMakeFiles/Drone.dir/os/src/os_core.c.o
                0x08001b60                OSSchedUnlock
 .text.OS_TaskStatStkChk
                0x08001ba8       0x38 CMakeFiles/Drone.dir/os/src/os_core.c.o
                0x08001ba8                OS_TaskStatStkChk
 .text.OS_TaskStat
                0x08001be0       0xb4 CMakeFiles/Drone.dir/os/src/os_core.c.o
                0x08001be0                OS_TaskStat
 .text.OS_TCBInit
                0x08001c94      0x100 CMakeFiles/Drone.dir/os/src/os_core.c.o
                0x08001c94                OS_TCBInit
 .text.OSInitHookBegin
                0x08001d94       0x3c CMakeFiles/Drone.dir/os/src/os_cpu_c.c.o
                0x08001d94                OSInitHookBegin
 .text.OSInitHookEnd
                0x08001dd0        0x2 CMakeFiles/Drone.dir/os/src/os_cpu_c.c.o
                0x08001dd0                OSInitHookEnd
 .text.OSTaskCreateHook
                0x08001dd2        0x4 CMakeFiles/Drone.dir/os/src/os_cpu_c.c.o
                0x08001dd2                OSTaskCreateHook
 .text.OSTaskDelHook
                0x08001dd6        0x4 CMakeFiles/Drone.dir/os/src/os_cpu_c.c.o
                0x08001dd6                OSTaskDelHook
 .text.OSTaskIdleHook
                0x08001dda        0x4 CMakeFiles/Drone.dir/os/src/os_cpu_c.c.o
                0x08001dda                OSTaskIdleHook
 .text.OSTaskReturnHook
                0x08001dde        0x4 CMakeFiles/Drone.dir/os/src/os_cpu_c.c.o
                0x08001dde                OSTaskReturnHook
 .text.OSTaskStatHook
                0x08001de2        0x4 CMakeFiles/Drone.dir/os/src/os_cpu_c.c.o
                0x08001de2                OSTaskStatHook
 *fill*         0x08001de6        0x2 
 .text.OSTaskStkInit
                0x08001de8       0x70 CMakeFiles/Drone.dir/os/src/os_cpu_c.c.o
                0x08001de8                OSTaskStkInit
 .text.OSTaskSwHook
                0x08001e58        0x4 CMakeFiles/Drone.dir/os/src/os_cpu_c.c.o
                0x08001e58                OSTaskSwHook
 .text.OSTCBInitHook
                0x08001e5c        0x4 CMakeFiles/Drone.dir/os/src/os_cpu_c.c.o
                0x08001e5c                OSTCBInitHook
 .text.OSTimeTickHook
                0x08001e60       0x28 CMakeFiles/Drone.dir/os/src/os_cpu_c.c.o
                0x08001e60                OSTimeTickHook
 .text.SysTick_Handler
                0x08001e88       0x20 CMakeFiles/Drone.dir/os/src/os_cpu_c.c.o
                0x08001e88                SysTick_Handler
 .text.OSDebugInit
                0x08001ea8        0x2 CMakeFiles/Drone.dir/os/src/os_dbg_r.c.o
                0x08001ea8                OSDebugInit
 *fill*         0x08001eaa        0x2 
 .text.OS_FlagInit
                0x08001eac       0x48 CMakeFiles/Drone.dir/os/src/os_flag.c.o
                0x08001eac                OS_FlagInit
 .text.OS_FlagUnlink
                0x08001ef4       0x1a CMakeFiles/Drone.dir/os/src/os_flag.c.o
                0x08001ef4                OS_FlagUnlink
 *fill*         0x08001f0e        0x2 
 .text.OS_MemInit
                0x08001f10       0x48 CMakeFiles/Drone.dir/os/src/os_mem.c.o
                0x08001f10                OS_MemInit
 .text.OS_QInit
                0x08001f58       0x30 CMakeFiles/Drone.dir/os/src/os_q.c.o
                0x08001f58                OS_QInit
 .text.OSSemCreate
                0x08001f88       0x48 CMakeFiles/Drone.dir/os/src/os_sem.c.o
                0x08001f88                OSSemCreate
 .text.OSSemPend
                0x08001fd0       0xb8 CMakeFiles/Drone.dir/os/src/os_sem.c.o
                0x08001fd0                OSSemPend
 .text.OSSemPost
                0x08002088       0x56 CMakeFiles/Drone.dir/os/src/os_sem.c.o
                0x08002088                OSSemPost
 *fill*         0x080020de        0x2 
 .text.OSTaskCreate
                0x080020e0       0x98 CMakeFiles/Drone.dir/os/src/os_task.c.o
                0x080020e0                OSTaskCreate
 .text.OSTaskDel
                0x08002178      0x154 CMakeFiles/Drone.dir/os/src/os_task.c.o
                0x08002178                OSTaskDel
 .text.OSTaskNameSet
                0x080022cc       0x64 CMakeFiles/Drone.dir/os/src/os_task.c.o
                0x080022cc                OSTaskNameSet
 .text.OSTaskStkChk
                0x08002330       0x7c CMakeFiles/Drone.dir/os/src/os_task.c.o
                0x08002330                OSTaskStkChk
 .text.OSTaskSuspend
                0x080023ac       0xa4 CMakeFiles/Drone.dir/os/src/os_task.c.o
                0x080023ac                OSTaskSuspend
 .text.OS_TaskReturn
                0x08002450       0x18 CMakeFiles/Drone.dir/os/src/os_task.c.o
                0x08002450                OS_TaskReturn
 .text.OS_TaskStkClr
                0x08002468       0x12 CMakeFiles/Drone.dir/os/src/os_task.c.o
                0x08002468                OS_TaskStkClr
 *fill*         0x0800247a        0x2 
 .text.OSTaskCreateExt
                0x0800247c       0xb4 CMakeFiles/Drone.dir/os/src/os_task.c.o
                0x0800247c                OSTaskCreateExt
 .text.OSTimeDly
                0x08002530       0x64 CMakeFiles/Drone.dir/os/src/os_time.c.o
                0x08002530                OSTimeDly
 .text.OSTmr_Link
                0x08002594       0x5c CMakeFiles/Drone.dir/os/src/os_tmr.c.o
 .text.OSTmr_Unlink
                0x080025f0       0x4c CMakeFiles/Drone.dir/os/src/os_tmr.c.o
 .text.OSTmr_Task
                0x0800263c       0x78 CMakeFiles/Drone.dir/os/src/os_tmr.c.o
 .text.OSTmrSignal
                0x080026b4        0xc CMakeFiles/Drone.dir/os/src/os_tmr.c.o
                0x080026b4                OSTmrSignal
 .text.OSTmr_Init
                0x080026c0       0xf8 CMakeFiles/Drone.dir/os/src/os_tmr.c.o
                0x080026c0                OSTmr_Init
 .text.Reset_Handler
                0x080027b8       0x50 CMakeFiles/Drone.dir/CORE/startup_stm32f401xe.s.o
                0x080027b8                Reset_Handler
 .text.Default_Handler
                0x08002808        0x2 CMakeFiles/Drone.dir/CORE/startup_stm32f401xe.s.o
                0x08002808                RTC_Alarm_IRQHandler
                0x08002808                EXTI2_IRQHandler
                0x08002808                SPI4_IRQHandler
                0x08002808                DMA2_Stream5_IRQHandler
                0x08002808                DMA1_Stream5_IRQHandler
                0x08002808                PVD_IRQHandler
                0x08002808                SDIO_IRQHandler
                0x08002808                TAMP_STAMP_IRQHandler
                0x08002808                EXTI3_IRQHandler
                0x08002808                TIM1_UP_TIM10_IRQHandler
                0x08002808                I2C3_ER_IRQHandler
                0x08002808                EXTI0_IRQHandler
                0x08002808                I2C2_EV_IRQHandler
                0x08002808                DMA1_Stream2_IRQHandler
                0x08002808                FPU_IRQHandler
                0x08002808                DMA2_Stream2_IRQHandler
                0x08002808                SPI1_IRQHandler
                0x08002808                TIM1_BRK_TIM9_IRQHandler
                0x08002808                DMA2_Stream3_IRQHandler
                0x08002808                USART6_IRQHandler
                0x08002808                DMA2_Stream0_IRQHandler
                0x08002808                TIM4_IRQHandler
                0x08002808                I2C1_EV_IRQHandler
                0x08002808                DMA1_Stream6_IRQHandler
                0x08002808                DMA1_Stream1_IRQHandler
                0x08002808                TIM3_IRQHandler
                0x08002808                RCC_IRQHandler
                0x08002808                Default_Handler
                0x08002808                EXTI15_10_IRQHandler
                0x08002808                ADC_IRQHandler
                0x08002808                DMA1_Stream7_IRQHandler
                0x08002808                TIM5_IRQHandler
                0x08002808                DMA2_Stream7_IRQHandler
                0x08002808                I2C3_EV_IRQHandler
                0x08002808                EXTI9_5_IRQHandler
                0x08002808                RTC_WKUP_IRQHandler
                0x08002808                SPI2_IRQHandler
                0x08002808                DMA1_Stream0_IRQHandler
                0x08002808                EXTI4_IRQHandler
                0x08002808                WWDG_IRQHandler
                0x08002808                TIM2_IRQHandler
                0x08002808                OTG_FS_WKUP_IRQHandler
                0x08002808                TIM1_TRG_COM_TIM11_IRQHandler
                0x08002808                EXTI1_IRQHandler
                0x08002808                USART2_IRQHandler
                0x08002808                I2C2_ER_IRQHandler
                0x08002808                DMA2_Stream1_IRQHandler
                0x08002808                FLASH_IRQHandler
                0x08002808                DMA2_Stream4_IRQHandler
                0x08002808                OTG_FS_IRQHandler
                0x08002808                SPI3_IRQHandler
                0x08002808                DMA1_Stream4_IRQHandler
                0x08002808                I2C1_ER_IRQHandler
                0x08002808                DMA2_Stream6_IRQHandler
                0x08002808                DMA1_Stream3_IRQHandler
 *fill*         0x0800280a        0x2 
 .text.__libc_init_array
                0x0800280c       0x48 /opt/gcc-arm-none-eabi/bin/../lib/gcc/arm-none-eabi/13.2.1/../../../../arm-none-eabi/lib/thumb/v7e-m/nofp/libc_nano.a(libc_a-init.o)
                0x0800280c                __libc_init_array
 .text.__cvt    0x08002854       0xc8 /opt/gcc-arm-none-eabi/bin/../lib/gcc/arm-none-eabi/13.2.1/../../../../arm-none-eabi/lib/thumb/v7e-m/nofp/libc_nano.a(libc_a-nano-vfprintf_float.o)
                0x08002854                __cvt
 .text.__exponent
                0x0800291c       0x74 /opt/gcc-arm-none-eabi/bin/../lib/gcc/arm-none-eabi/13.2.1/../../../../arm-none-eabi/lib/thumb/v7e-m/nofp/libc_nano.a(libc_a-nano-vfprintf_float.o)
                0x0800291c                __exponent
 .text._printf_float
                0x08002990      0x458 /opt/gcc-arm-none-eabi/bin/../lib/gcc/arm-none-eabi/13.2.1/../../../../arm-none-eabi/lib/thumb/v7e-m/nofp/libc_nano.a(libc_a-nano-vfprintf_float.o)
                0x08002990                _printf_float
 .text._vsprintf_r
                0x08002de8       0x2c /opt/gcc-arm-none-eabi/bin/../lib/gcc/arm-none-eabi/13.2.1/../../../../arm-none-eabi/lib/thumb/v7e-m/nofp/libc_nano.a(libc_a-vsprintf.o)
                0x08002de8                _vsiprintf_r
                0x08002de8                _vsprintf_r
 .text.vsprintf
                0x08002e14       0x14 /opt/gcc-arm-none-eabi/bin/../lib/gcc/arm-none-eabi/13.2.1/../../../../arm-none-eabi/lib/thumb/v7e-m/nofp/libc_nano.a(libc_a-vsprintf.o)
                0x08002e14                vsprintf
                0x08002e14                vsiprintf
 .text._printf_common
                0x08002e28       0xda /opt/gcc-arm-none-eabi/bin/../lib/gcc/arm-none-eabi/13.2.1/../../../../arm-none-eabi/lib/thumb/v7e-m/nofp/libc_nano.a(libc_a-nano-vfprintf_i.o)
                0x08002e28                _printf_common
 *fill*         0x08002f02        0x2 
 .text._printf_i
                0x08002f04      0x23c /opt/gcc-arm-none-eabi/bin/../lib/gcc/arm-none-eabi/13.2.1/../../../../arm-none-eabi/lib/thumb/v7e-m/nofp/libc_nano.a(libc_a-nano-vfprintf_i.o)
                0x08002f04                _printf_i
 .text._scanf_float
                0x08003140      0x41c /opt/gcc-arm-none-eabi/bin/../lib/gcc/arm-none-eabi/13.2.1/../../../../arm-none-eabi/lib/thumb/v7e-m/nofp/libc_nano.a(libc_a-nano-vfscanf_float.o)
                0x08003140                _scanf_float
 .text.memcpy   0x0800355c       0x1c /opt/gcc-arm-none-eabi/bin/../lib/gcc/arm-none-eabi/13.2.1/../../../../arm-none-eabi/lib/thumb/v7e-m/nofp/libc_nano.a(libc_a-memcpy-stub.o)
                0x0800355c                memcpy
 .text.std      0x08003578       0x6c /opt/gcc-arm-none-eabi/bin/../lib/gcc/arm-none-eabi/13.2.1/../../../../arm-none-eabi/lib/thumb/v7e-m/nofp/libc_nano.a(libc_a-findfp.o)
 .text.stdio_exit_handler
                0x080035e4       0x18 /opt/gcc-arm-none-eabi/bin/../lib/gcc/arm-none-eabi/13.2.1/../../../../arm-none-eabi/lib/thumb/v7e-m/nofp/libc_nano.a(libc_a-findfp.o)
 .text.cleanup_stdio
                0x080035fc       0x40 /opt/gcc-arm-none-eabi/bin/../lib/gcc/arm-none-eabi/13.2.1/../../../../arm-none-eabi/lib/thumb/v7e-m/nofp/libc_nano.a(libc_a-findfp.o)
 .text.global_stdio_init.part.0
                0x0800363c       0x3c /opt/gcc-arm-none-eabi/bin/../lib/gcc/arm-none-eabi/13.2.1/../../../../arm-none-eabi/lib/thumb/v7e-m/nofp/libc_nano.a(libc_a-findfp.o)
 .text.__sfp_lock_acquire
                0x08003678        0xc /opt/gcc-arm-none-eabi/bin/../lib/gcc/arm-none-eabi/13.2.1/../../../../arm-none-eabi/lib/thumb/v7e-m/nofp/libc_nano.a(libc_a-findfp.o)
                0x08003678                __sfp_lock_acquire
 .text.__sfp_lock_release
                0x08003684        0xc /opt/gcc-arm-none-eabi/bin/../lib/gcc/arm-none-eabi/13.2.1/../../../../arm-none-eabi/lib/thumb/v7e-m/nofp/libc_nano.a(libc_a-findfp.o)
                0x08003684                __sfp_lock_release
 .text.__sinit  0x08003690       0x30 /opt/gcc-arm-none-eabi/bin/../lib/gcc/arm-none-eabi/13.2.1/../../../../arm-none-eabi/lib/thumb/v7e-m/nofp/libc_nano.a(libc_a-findfp.o)
                0x08003690                __sinit
 .text.sprintf  0x080036c0       0x40 /opt/gcc-arm-none-eabi/bin/../lib/gcc/arm-none-eabi/13.2.1/../../../../arm-none-eabi/lib/thumb/v7e-m/nofp/libc_nano.a(libc_a-sprintf.o)
                0x080036c0                sprintf
                0x080036c0                siprintf
 .text.__sread  0x08003700       0x22 /opt/gcc-arm-none-eabi/bin/../lib/gcc/arm-none-eabi/13.2.1/../../../../arm-none-eabi/lib/thumb/v7e-m/nofp/libc_nano.a(libc_a-stdio.o)
                0x08003700                __sread
 .text.__swrite
                0x08003722       0x38 /opt/gcc-arm-none-eabi/bin/../lib/gcc/arm-none-eabi/13.2.1/../../../../arm-none-eabi/lib/thumb/v7e-m/nofp/libc_nano.a(libc_a-stdio.o)
                0x08003722                __swrite
 .text.__sseek  0x0800375a       0x24 /opt/gcc-arm-none-eabi/bin/../lib/gcc/arm-none-eabi/13.2.1/../../../../arm-none-eabi/lib/thumb/v7e-m/nofp/libc_nano.a(libc_a-stdio.o)
                0x0800375a                __sseek
 .text.__sclose
                0x0800377e        0x8 /opt/gcc-arm-none-eabi/bin/../lib/gcc/arm-none-eabi/13.2.1/../../../../arm-none-eabi/lib/thumb/v7e-m/nofp/libc_nano.a(libc_a-stdio.o)
                0x0800377e                __sclose
 .text.quorem   0x08003786      0x110 /opt/gcc-arm-none-eabi/bin/../lib/gcc/arm-none-eabi/13.2.1/../../../../arm-none-eabi/lib/thumb/v7e-m/nofp/libc_nano.a(libc_a-dtoa.o)
 *fill*         0x08003896        0x2 
 .text._dtoa_r  0x08003898      0xb7c /opt/gcc-arm-none-eabi/bin/../lib/gcc/arm-none-eabi/13.2.1/../../../../arm-none-eabi/lib/thumb/v7e-m/nofp/libc_nano.a(libc_a-dtoa.o)
                0x08003898                _dtoa_r
 .text._read_r  0x08004414       0x24 /opt/gcc-arm-none-eabi/bin/../lib/gcc/arm-none-eabi/13.2.1/../../../../arm-none-eabi/lib/thumb/v7e-m/nofp/libc_nano.a(libc_a-readr.o)
                0x08004414                _read_r
 .text._write_r
                0x08004438       0x24 /opt/gcc-arm-none-eabi/bin/../lib/gcc/arm-none-eabi/13.2.1/../../../../arm-none-eabi/lib/thumb/v7e-m/nofp/libc_nano.a(libc_a-writer.o)
                0x08004438                _write_r
 .text._fwalk_sglue
                0x0800445c       0x3c /opt/gcc-arm-none-eabi/bin/../lib/gcc/arm-none-eabi/13.2.1/../../../../arm-none-eabi/lib/thumb/v7e-m/nofp/libc_nano.a(libc_a-fwalk.o)
                0x0800445c                _fwalk_sglue
 .text.memset   0x08004498       0x10 /opt/gcc-arm-none-eabi/bin/../lib/gcc/arm-none-eabi/13.2.1/../../../../arm-none-eabi/lib/thumb/v7e-m/nofp/libc_nano.a(libc_a-memset.o)
                0x08004498                memset
 .text.nanf     0x080044a8        0x8 /opt/gcc-arm-none-eabi/bin/../lib/gcc/arm-none-eabi/13.2.1/../../../../arm-none-eabi/lib/thumb/v7e-m/nofp/libc_nano.a(libm_a-sf_nan.o)
                0x080044a8                nanf
 .text.sulp     0x080044b0       0x42 /opt/gcc-arm-none-eabi/bin/../lib/gcc/arm-none-eabi/13.2.1/../../../../arm-none-eabi/lib/thumb/v7e-m/nofp/libc_nano.a(libc_a-strtod.o)
 *fill*         0x080044f2        0x6 
 .text._strtod_l
                0x080044f8      0xba8 /opt/gcc-arm-none-eabi/bin/../lib/gcc/arm-none-eabi/13.2.1/../../../../arm-none-eabi/lib/thumb/v7e-m/nofp/libc_nano.a(libc_a-strtod.o)
                0x080044f8                _strtod_l
 .text._strtod_r
                0x080050a0        0xc /opt/gcc-arm-none-eabi/bin/../lib/gcc/arm-none-eabi/13.2.1/../../../../arm-none-eabi/lib/thumb/v7e-m/nofp/libc_nano.a(libc_a-strtod.o)
                0x080050a0                _strtod_r
 .text._strtol_l.isra.0
                0x080050ac       0xf4 /opt/gcc-arm-none-eabi/bin/../lib/gcc/arm-none-eabi/13.2.1/../../../../arm-none-eabi/lib/thumb/v7e-m/nofp/libc_nano.a(libc_a-strtol.o)
 .text._strtol_r
                0x080051a0        0x4 /opt/gcc-arm-none-eabi/bin/../lib/gcc/arm-none-eabi/13.2.1/../../../../arm-none-eabi/lib/thumb/v7e-m/nofp/libc_nano.a(libc_a-strtol.o)
                0x080051a0                _strtol_r
 .text.rshift   0x080051a4       0xa4 /opt/gcc-arm-none-eabi/bin/../lib/gcc/arm-none-eabi/13.2.1/../../../../arm-none-eabi/lib/thumb/v7e-m/nofp/libc_nano.a(libc_a-gdtoa-gethex.o)
 .text.__hexdig_fun
                0x08005248       0x2a /opt/gcc-arm-none-eabi/bin/../lib/gcc/arm-none-eabi/13.2.1/../../../../arm-none-eabi/lib/thumb/v7e-m/nofp/libc_nano.a(libc_a-gdtoa-gethex.o)
                0x08005248                __hexdig_fun
 *fill*         0x08005272        0x2 
 .text.__gethex
                0x08005274      0x420 /opt/gcc-arm-none-eabi/bin/../lib/gcc/arm-none-eabi/13.2.1/../../../../arm-none-eabi/lib/thumb/v7e-m/nofp/libc_nano.a(libc_a-gdtoa-gethex.o)
                0x08005274                __gethex
 .text.L_shift  0x08005694       0x24 /opt/gcc-arm-none-eabi/bin/../lib/gcc/arm-none-eabi/13.2.1/../../../../arm-none-eabi/lib/thumb/v7e-m/nofp/libc_nano.a(libc_a-gdtoa-hexnan.o)
 .text.__match  0x080056b8       0x28 /opt/gcc-arm-none-eabi/bin/../lib/gcc/arm-none-eabi/13.2.1/../../../../arm-none-eabi/lib/thumb/v7e-m/nofp/libc_nano.a(libc_a-gdtoa-hexnan.o)
                0x080056b8                __match
 .text.__hexnan
                0x080056e0      0x136 /opt/gcc-arm-none-eabi/bin/../lib/gcc/arm-none-eabi/13.2.1/../../../../arm-none-eabi/lib/thumb/v7e-m/nofp/libc_nano.a(libc_a-gdtoa-hexnan.o)
                0x080056e0                __hexnan
 .text.__retarget_lock_init_recursive
                0x08005816        0x2 /opt/gcc-arm-none-eabi/bin/../lib/gcc/arm-none-eabi/13.2.1/../../../../arm-none-eabi/lib/thumb/v7e-m/nofp/libc_nano.a(libc_a-lock.o)
                0x08005816                __retarget_lock_init_recursive
 .text.__retarget_lock_acquire_recursive
                0x08005818        0x2 /opt/gcc-arm-none-eabi/bin/../lib/gcc/arm-none-eabi/13.2.1/../../../../arm-none-eabi/lib/thumb/v7e-m/nofp/libc_nano.a(libc_a-lock.o)
                0x08005818                __retarget_lock_acquire_recursive
 .text.__retarget_lock_release_recursive
                0x0800581a        0x2 /opt/gcc-arm-none-eabi/bin/../lib/gcc/arm-none-eabi/13.2.1/../../../../arm-none-eabi/lib/thumb/v7e-m/nofp/libc_nano.a(libc_a-lock.o)
                0x0800581a                __retarget_lock_release_recursive
 .text._localeconv_r
                0x0800581c        0x8 /opt/gcc-arm-none-eabi/bin/../lib/gcc/arm-none-eabi/13.2.1/../../../../arm-none-eabi/lib/thumb/v7e-m/nofp/libc_nano.a(libc_a-localeconv.o)
                0x0800581c                _localeconv_r
 .text.__ssputs_r
                0x08005824       0xb6 /opt/gcc-arm-none-eabi/bin/../lib/gcc/arm-none-eabi/13.2.1/../../../../arm-none-eabi/lib/thumb/v7e-m/nofp/libc_nano.a(libc_a-nano-svfprintf.o)
                0x08005824                __ssputs_r
 *fill*         0x080058da        0x2 
 .text._svfprintf_r
                0x080058dc      0x1f8 /opt/gcc-arm-none-eabi/bin/../lib/gcc/arm-none-eabi/13.2.1/../../../../arm-none-eabi/lib/thumb/v7e-m/nofp/libc_nano.a(libc_a-nano-svfprintf.o)
                0x080058dc                _svfprintf_r
                0x080058dc                _svfiprintf_r
 .text.__ascii_wctomb
                0x08005ad4       0x1a /opt/gcc-arm-none-eabi/bin/../lib/gcc/arm-none-eabi/13.2.1/../../../../arm-none-eabi/lib/thumb/v7e-m/nofp/libc_nano.a(libc_a-wctomb_r.o)
                0x08005ad4                __ascii_wctomb
 *fill*         0x08005aee        0x2 
 .text._close_r
                0x08005af0       0x20 /opt/gcc-arm-none-eabi/bin/../lib/gcc/arm-none-eabi/13.2.1/../../../../arm-none-eabi/lib/thumb/v7e-m/nofp/libc_nano.a(libc_a-closer.o)
                0x08005af0                _close_r
 .text.__sflush_r
                0x08005b10      0x100 /opt/gcc-arm-none-eabi/bin/../lib/gcc/arm-none-eabi/13.2.1/../../../../arm-none-eabi/lib/thumb/v7e-m/nofp/libc_nano.a(libc_a-fflush.o)
                0x08005b10                __sflush_r
 .text._fflush_r
                0x08005c10       0x50 /opt/gcc-arm-none-eabi/bin/../lib/gcc/arm-none-eabi/13.2.1/../../../../arm-none-eabi/lib/thumb/v7e-m/nofp/libc_nano.a(libc_a-fflush.o)
                0x08005c10                _fflush_r
 .text.malloc   0x08005c60       0x10 /opt/gcc-arm-none-eabi/bin/../lib/gcc/arm-none-eabi/13.2.1/../../../../arm-none-eabi/lib/thumb/v7e-m/nofp/libc_nano.a(libc_a-malloc.o)
                0x08005c60                malloc
 .text.sbrk_aligned
                0x08005c70       0x44 /opt/gcc-arm-none-eabi/bin/../lib/gcc/arm-none-eabi/13.2.1/../../../../arm-none-eabi/lib/thumb/v7e-m/nofp/libc_nano.a(libc_a-mallocr.o)
 .text._malloc_r
                0x08005cb4      0x100 /opt/gcc-arm-none-eabi/bin/../lib/gcc/arm-none-eabi/13.2.1/../../../../arm-none-eabi/lib/thumb/v7e-m/nofp/libc_nano.a(libc_a-mallocr.o)
                0x08005cb4                _malloc_r
 .text.__ascii_mbtowc
                0x08005db4       0x24 /opt/gcc-arm-none-eabi/bin/../lib/gcc/arm-none-eabi/13.2.1/../../../../arm-none-eabi/lib/thumb/v7e-m/nofp/libc_nano.a(libc_a-mbtowc_r.o)
                0x08005db4                __ascii_mbtowc
 .text.__assert_func
                0x08005dd8       0x3c /opt/gcc-arm-none-eabi/bin/../lib/gcc/arm-none-eabi/13.2.1/../../../../arm-none-eabi/lib/thumb/v7e-m/nofp/libc_nano.a(libc_a-assert.o)
                0x08005dd8                __assert_func
 .text.strncmp  0x08005e14       0x24 /opt/gcc-arm-none-eabi/bin/../lib/gcc/arm-none-eabi/13.2.1/../../../../arm-none-eabi/lib/thumb/v7e-m/nofp/libc_nano.a(libc_a-strncmp.o)
                0x08005e14                strncmp
 .text._lseek_r
                0x08005e38       0x24 /opt/gcc-arm-none-eabi/bin/../lib/gcc/arm-none-eabi/13.2.1/../../../../arm-none-eabi/lib/thumb/v7e-m/nofp/libc_nano.a(libc_a-lseekr.o)
                0x08005e38                _lseek_r
 .text.fprintf  0x08005e5c       0x24 /opt/gcc-arm-none-eabi/bin/../lib/gcc/arm-none-eabi/13.2.1/../../../../arm-none-eabi/lib/thumb/v7e-m/nofp/libc_nano.a(libc_a-fprintf.o)
                0x08005e5c                fprintf
                0x08005e5c                fiprintf
 .text.__malloc_lock
                0x08005e80        0xc /opt/gcc-arm-none-eabi/bin/../lib/gcc/arm-none-eabi/13.2.1/../../../../arm-none-eabi/lib/thumb/v7e-m/nofp/libc_nano.a(libc_a-mlock.o)
                0x08005e80                __malloc_lock
 .text.__malloc_unlock
                0x08005e8c        0xc /opt/gcc-arm-none-eabi/bin/../lib/gcc/arm-none-eabi/13.2.1/../../../../arm-none-eabi/lib/thumb/v7e-m/nofp/libc_nano.a(libc_a-mlock.o)
                0x08005e8c                __malloc_unlock
 .text._Balloc  0x08005e98       0x80 /opt/gcc-arm-none-eabi/bin/../lib/gcc/arm-none-eabi/13.2.1/../../../../arm-none-eabi/lib/thumb/v7e-m/nofp/libc_nano.a(libc_a-mprec.o)
                0x08005e98                _Balloc
 .text._Bfree   0x08005f18       0x44 /opt/gcc-arm-none-eabi/bin/../lib/gcc/arm-none-eabi/13.2.1/../../../../arm-none-eabi/lib/thumb/v7e-m/nofp/libc_nano.a(libc_a-mprec.o)
                0x08005f18                _Bfree
 .text.__multadd
                0x08005f5c       0x8c /opt/gcc-arm-none-eabi/bin/../lib/gcc/arm-none-eabi/13.2.1/../../../../arm-none-eabi/lib/thumb/v7e-m/nofp/libc_nano.a(libc_a-mprec.o)
                0x08005f5c                __multadd
 .text.__s2b    0x08005fe8       0x94 /opt/gcc-arm-none-eabi/bin/../lib/gcc/arm-none-eabi/13.2.1/../../../../arm-none-eabi/lib/thumb/v7e-m/nofp/libc_nano.a(libc_a-mprec.o)
                0x08005fe8                __s2b
 .text.__hi0bits
                0x0800607c       0x3e /opt/gcc-arm-none-eabi/bin/../lib/gcc/arm-none-eabi/13.2.1/../../../../arm-none-eabi/lib/thumb/v7e-m/nofp/libc_nano.a(libc_a-mprec.o)
                0x0800607c                __hi0bits
 .text.__lo0bits
                0x080060ba       0x5a /opt/gcc-arm-none-eabi/bin/../lib/gcc/arm-none-eabi/13.2.1/../../../../arm-none-eabi/lib/thumb/v7e-m/nofp/libc_nano.a(libc_a-mprec.o)
                0x080060ba                __lo0bits
 .text.__i2b    0x08006114       0x2c /opt/gcc-arm-none-eabi/bin/../lib/gcc/arm-none-eabi/13.2.1/../../../../arm-none-eabi/lib/thumb/v7e-m/nofp/libc_nano.a(libc_a-mprec.o)
                0x08006114                __i2b
 .text.__multiply
                0x08006140      0x144 /opt/gcc-arm-none-eabi/bin/../lib/gcc/arm-none-eabi/13.2.1/../../../../arm-none-eabi/lib/thumb/v7e-m/nofp/libc_nano.a(libc_a-mprec.o)
                0x08006140                __multiply
 .text.__pow5mult
                0x08006284       0xb4 /opt/gcc-arm-none-eabi/bin/../lib/gcc/arm-none-eabi/13.2.1/../../../../arm-none-eabi/lib/thumb/v7e-m/nofp/libc_nano.a(libc_a-mprec.o)
                0x08006284                __pow5mult
 .text.__lshift
                0x08006338       0xd8 /opt/gcc-arm-none-eabi/bin/../lib/gcc/arm-none-eabi/13.2.1/../../../../arm-none-eabi/lib/thumb/v7e-m/nofp/libc_nano.a(libc_a-mprec.o)
                0x08006338                __lshift
 .text.__mcmp   0x08006410       0x36 /opt/gcc-arm-none-eabi/bin/../lib/gcc/arm-none-eabi/13.2.1/../../../../arm-none-eabi/lib/thumb/v7e-m/nofp/libc_nano.a(libc_a-mprec.o)
                0x08006410                __mcmp
 *fill*         0x08006446        0x2 
 .text.__mdiff  0x08006448      0x124 /opt/gcc-arm-none-eabi/bin/../lib/gcc/arm-none-eabi/13.2.1/../../../../arm-none-eabi/lib/thumb/v7e-m/nofp/libc_nano.a(libc_a-mprec.o)
                0x08006448                __mdiff
 .text.__ulp    0x0800656c       0x40 /opt/gcc-arm-none-eabi/bin/../lib/gcc/arm-none-eabi/13.2.1/../../../../arm-none-eabi/lib/thumb/v7e-m/nofp/libc_nano.a(libc_a-mprec.o)
                0x0800656c                __ulp
 .text.__b2d    0x080065ac       0x94 /opt/gcc-arm-none-eabi/bin/../lib/gcc/arm-none-eabi/13.2.1/../../../../arm-none-eabi/lib/thumb/v7e-m/nofp/libc_nano.a(libc_a-mprec.o)
                0x080065ac                __b2d
 .text.__d2b    0x08006640       0xb0 /opt/gcc-arm-none-eabi/bin/../lib/gcc/arm-none-eabi/13.2.1/../../../../arm-none-eabi/lib/thumb/v7e-m/nofp/libc_nano.a(libc_a-mprec.o)
                0x08006640                __d2b
 .text.__ratio  0x080066f0       0x60 /opt/gcc-arm-none-eabi/bin/../lib/gcc/arm-none-eabi/13.2.1/../../../../arm-none-eabi/lib/thumb/v7e-m/nofp/libc_nano.a(libc_a-mprec.o)
                0x080066f0                __ratio
 .text.__copybits
                0x08006750       0x46 /opt/gcc-arm-none-eabi/bin/../lib/gcc/arm-none-eabi/13.2.1/../../../../arm-none-eabi/lib/thumb/v7e-m/nofp/libc_nano.a(libc_a-mprec.o)
                0x08006750                __copybits
 .text.__any_on
                0x08006796       0x42 /opt/gcc-arm-none-eabi/bin/../lib/gcc/arm-none-eabi/13.2.1/../../../../arm-none-eabi/lib/thumb/v7e-m/nofp/libc_nano.a(libc_a-mprec.o)
                0x08006796                __any_on
 .text._calloc_r
                0x080067d8       0x28 /opt/gcc-arm-none-eabi/bin/../lib/gcc/arm-none-eabi/13.2.1/../../../../arm-none-eabi/lib/thumb/v7e-m/nofp/libc_nano.a(libc_a-callocr.o)
                0x080067d8                _calloc_r
 .text._sbrk_r  0x08006800       0x20 /opt/gcc-arm-none-eabi/bin/../lib/gcc/arm-none-eabi/13.2.1/../../../../arm-none-eabi/lib/thumb/v7e-m/nofp/libc_nano.a(libc_a-sbrkr.o)
                0x08006800                _sbrk_r
 .text.__errno  0x08006820        0xc /opt/gcc-arm-none-eabi/bin/../lib/gcc/arm-none-eabi/13.2.1/../../../../arm-none-eabi/lib/thumb/v7e-m/nofp/libc_nano.a(libc_a-errno.o)
                0x08006820                __errno
 .text.memmove  0x0800682c       0x34 /opt/gcc-arm-none-eabi/bin/../lib/gcc/arm-none-eabi/13.2.1/../../../../arm-none-eabi/lib/thumb/v7e-m/nofp/libc_nano.a(libc_a-memmove.o)
                0x0800682c                memmove
 .text.nan      0x08006860        0xc /opt/gcc-arm-none-eabi/bin/../lib/gcc/arm-none-eabi/13.2.1/../../../../arm-none-eabi/lib/thumb/v7e-m/nofp/libc_nano.a(libm_a-s_nan.o)
                0x08006860                nan
 .text._realloc_r
                0x0800686c       0x5c /opt/gcc-arm-none-eabi/bin/../lib/gcc/arm-none-eabi/13.2.1/../../../../arm-none-eabi/lib/thumb/v7e-m/nofp/libc_nano.a(libc_a-reallocr.o)
                0x0800686c                _realloc_r
 .text._free_r  0x080068c8       0x94 /opt/gcc-arm-none-eabi/bin/../lib/gcc/arm-none-eabi/13.2.1/../../../../arm-none-eabi/lib/thumb/v7e-m/nofp/libc_nano.a(libc_a-freer.o)
                0x080068c8                _free_r
 .text.__sfputc_r
                0x0800695c       0x2a /opt/gcc-arm-none-eabi/bin/../lib/gcc/arm-none-eabi/13.2.1/../../../../arm-none-eabi/lib/thumb/v7e-m/nofp/libc_nano.a(libc_a-nano-vfprintf.o)
 .text.__sfputs_r
                0x08006986       0x24 /opt/gcc-arm-none-eabi/bin/../lib/gcc/arm-none-eabi/13.2.1/../../../../arm-none-eabi/lib/thumb/v7e-m/nofp/libc_nano.a(libc_a-nano-vfprintf.o)
                0x08006986                __sfputs_r
 *fill*         0x080069aa        0x2 
 .text._vfprintf_r
                0x080069ac      0x230 /opt/gcc-arm-none-eabi/bin/../lib/gcc/arm-none-eabi/13.2.1/../../../../arm-none-eabi/lib/thumb/v7e-m/nofp/libc_nano.a(libc_a-nano-vfprintf.o)
                0x080069ac                _vfiprintf_r
                0x080069ac                _vfprintf_r
 .text.__swbuf_r
                0x08006bdc       0x7c /opt/gcc-arm-none-eabi/bin/../lib/gcc/arm-none-eabi/13.2.1/../../../../arm-none-eabi/lib/thumb/v7e-m/nofp/libc_nano.a(libc_a-wbuf.o)
                0x08006bdc                __swbuf_r
 .text.__swsetup_r
                0x08006c58       0xac /opt/gcc-arm-none-eabi/bin/../lib/gcc/arm-none-eabi/13.2.1/../../../../arm-none-eabi/lib/thumb/v7e-m/nofp/libc_nano.a(libc_a-wsetup.o)
                0x08006c58                __swsetup_r
 .text.abort    0x08006d04        0xe /opt/gcc-arm-none-eabi/bin/../lib/gcc/arm-none-eabi/13.2.1/../../../../arm-none-eabi/lib/thumb/v7e-m/nofp/libc_nano.a(libc_a-abort.o)
                0x08006d04                abort
 .text._malloc_usable_size_r
                0x08006d12       0x10 /opt/gcc-arm-none-eabi/bin/../lib/gcc/arm-none-eabi/13.2.1/../../../../arm-none-eabi/lib/thumb/v7e-m/nofp/libc_nano.a(libc_a-msizer.o)
                0x08006d12                _malloc_usable_size_r
 .text.__swhatbuf_r
                0x08006d22       0x4c /opt/gcc-arm-none-eabi/bin/../lib/gcc/arm-none-eabi/13.2.1/../../../../arm-none-eabi/lib/thumb/v7e-m/nofp/libc_nano.a(libc_a-makebuf.o)
                0x08006d22                __swhatbuf_r
 .text.__smakebuf_r
                0x08006d6e       0x78 /opt/gcc-arm-none-eabi/bin/../lib/gcc/arm-none-eabi/13.2.1/../../../../arm-none-eabi/lib/thumb/v7e-m/nofp/libc_nano.a(libc_a-makebuf.o)
                0x08006d6e                __smakebuf_r
 .text._raise_r
                0x08006de6       0x50 /opt/gcc-arm-none-eabi/bin/../lib/gcc/arm-none-eabi/13.2.1/../../../../arm-none-eabi/lib/thumb/v7e-m/nofp/libc_nano.a(libc_a-signal.o)
                0x08006de6                _raise_r
 *fill*         0x08006e36        0x2 
 .text.raise    0x08006e38       0x10 /opt/gcc-arm-none-eabi/bin/../lib/gcc/arm-none-eabi/13.2.1/../../../../arm-none-eabi/lib/thumb/v7e-m/nofp/libc_nano.a(libc_a-signal.o)
                0x08006e38                raise
 .text._fstat_r
                0x08006e48       0x24 /opt/gcc-arm-none-eabi/bin/../lib/gcc/arm-none-eabi/13.2.1/../../../../arm-none-eabi/lib/thumb/v7e-m/nofp/libc_nano.a(libc_a-fstatr.o)
                0x08006e48                _fstat_r
 .text._isatty_r
                0x08006e6c       0x20 /opt/gcc-arm-none-eabi/bin/../lib/gcc/arm-none-eabi/13.2.1/../../../../arm-none-eabi/lib/thumb/v7e-m/nofp/libc_nano.a(libc_a-isattyr.o)
                0x08006e6c                _isatty_r
 .text._kill_r  0x08006e8c       0x24 /opt/gcc-arm-none-eabi/bin/../lib/gcc/arm-none-eabi/13.2.1/../../../../arm-none-eabi/lib/thumb/v7e-m/nofp/libc_nano.a(libc_a-signalr.o)
                0x08006e8c                _kill_r
 .text._getpid_r
                0x08006eb0        0x4 /opt/gcc-arm-none-eabi/bin/../lib/gcc/arm-none-eabi/13.2.1/../../../../arm-none-eabi/lib/thumb/v7e-m/nofp/libc_nano.a(libc_a-signalr.o)
                0x08006eb0                _getpid_r
 .text.__fixdfdi
                0x08006eb4       0x30 /opt/gcc-arm-none-eabi/bin/../lib/gcc/arm-none-eabi/13.2.1/thumb/v7e-m/nofp/libgcc.a(_fixdfdi.o)
                0x08006eb4                __aeabi_d2lz
                0x08006eb4                __fixdfdi
 .text.__fixunsdfdi
                0x08006ee4       0x3c /opt/gcc-arm-none-eabi/bin/../lib/gcc/arm-none-eabi/13.2.1/thumb/v7e-m/nofp/libgcc.a(_fixunsdfdi.o)
                0x08006ee4                __aeabi_d2ulz
                0x08006ee4                __fixunsdfdi
 .text._close   0x08006f20       0x10 /opt/gcc-arm-none-eabi/bin/../lib/gcc/arm-none-eabi/13.2.1/../../../../arm-none-eabi/lib/thumb/v7e-m/nofp/libnosys.a(close.o)
                0x08006f20                _close
 .text._fstat   0x08006f30       0x10 /opt/gcc-arm-none-eabi/bin/../lib/gcc/arm-none-eabi/13.2.1/../../../../arm-none-eabi/lib/thumb/v7e-m/nofp/libnosys.a(fstat.o)
                0x08006f30                _fstat
 .text._getpid  0x08006f40       0x10 /opt/gcc-arm-none-eabi/bin/../lib/gcc/arm-none-eabi/13.2.1/../../../../arm-none-eabi/lib/thumb/v7e-m/nofp/libnosys.a(getpid.o)
                0x08006f40                _getpid
 .text._isatty  0x08006f50       0x10 /opt/gcc-arm-none-eabi/bin/../lib/gcc/arm-none-eabi/13.2.1/../../../../arm-none-eabi/lib/thumb/v7e-m/nofp/libnosys.a(isatty.o)
                0x08006f50                _isatty
 .text._kill    0x08006f60       0x10 /opt/gcc-arm-none-eabi/bin/../lib/gcc/arm-none-eabi/13.2.1/../../../../arm-none-eabi/lib/thumb/v7e-m/nofp/libnosys.a(kill.o)
                0x08006f60                _kill
 .text._lseek   0x08006f70       0x10 /opt/gcc-arm-none-eabi/bin/../lib/gcc/arm-none-eabi/13.2.1/../../../../arm-none-eabi/lib/thumb/v7e-m/nofp/libnosys.a(lseek.o)
                0x08006f70                _lseek
 .text._read    0x08006f80       0x10 /opt/gcc-arm-none-eabi/bin/../lib/gcc/arm-none-eabi/13.2.1/../../../../arm-none-eabi/lib/thumb/v7e-m/nofp/libnosys.a(read.o)
                0x08006f80                _read
 .text._sbrk    0x08006f90       0x1c /opt/gcc-arm-none-eabi/bin/../lib/gcc/arm-none-eabi/13.2.1/../../../../arm-none-eabi/lib/thumb/v7e-m/nofp/libnosys.a(sbrk.o)
                0x08006f90                _sbrk
 .text._write   0x08006fac       0x10 /opt/gcc-arm-none-eabi/bin/../lib/gcc/arm-none-eabi/13.2.1/../../../../arm-none-eabi/lib/thumb/v7e-m/nofp/libnosys.a(write.o)
                0x08006fac                _write
 .text._exit    0x08006fbc        0x4 /opt/gcc-arm-none-eabi/bin/../lib/gcc/arm-none-eabi/13.2.1/../../../../arm-none-eabi/lib/thumb/v7e-m/nofp/libnosys.a(_exit.o)
                0x08006fbc                _exit
 *(.glue_7)
 .glue_7        0x08006fc0        0x0 linker stubs
 *(.glue_7t)
 .glue_7t       0x08006fc0        0x0 linker stubs
 *(.eh_frame)
 .eh_frame      0x08006fc0        0x0 /opt/gcc-arm-none-eabi/bin/../lib/gcc/arm-none-eabi/13.2.1/thumb/v7e-m/nofp/crtbegin.o
 *(.init)
 .init          0x08006fc0        0x4 /opt/gcc-arm-none-eabi/bin/../lib/gcc/arm-none-eabi/13.2.1/thumb/v7e-m/nofp/crti.o
                0x08006fc0                _init
 .init          0x08006fc4        0x8 /opt/gcc-arm-none-eabi/bin/../lib/gcc/arm-none-eabi/13.2.1/thumb/v7e-m/nofp/crtn.o
 *(.fini)
 .fini          0x08006fcc        0x4 /opt/gcc-arm-none-eabi/bin/../lib/gcc/arm-none-eabi/13.2.1/thumb/v7e-m/nofp/crti.o
                0x08006fcc                _fini
 .fini          0x08006fd0        0x8 /opt/gcc-arm-none-eabi/bin/../lib/gcc/arm-none-eabi/13.2.1/thumb/v7e-m/nofp/crtn.o
                0x08006fd8                        . = ALIGN (0x4)
                0x08006fd8                        _etext = .

.vfp11_veneer   0x08006fd8        0x0
 .vfp11_veneer  0x08006fd8        0x0 linker stubs

.v4_bx          0x08006fd8        0x0
 .v4_bx         0x08006fd8        0x0 linker stubs

.iplt           0x08006fd8        0x0
 .iplt          0x08006fd8        0x0 /opt/gcc-arm-none-eabi/bin/../lib/gcc/arm-none-eabi/13.2.1/thumb/v7e-m/nofp/crtbegin.o

.rodata         0x08006fd8      0x584
                0x08006fd8                        . = ALIGN (0x4)
 *(.rodata)
 *(.rodata*)
 .rodata.Task_GetDuty.str1.1
                0x08006fd8      0x22d CMakeFiles/Drone.dir/USER/src/main.c.o
                                  0x5 (size before relaxing)
 .rodata.OSInit.str1.1
                0x08007205       0x1e CMakeFiles/Drone.dir/os/src/os_core.c.o
 .rodata.OSUnMapTbl
                0x08007205      0x100 CMakeFiles/Drone.dir/os/src/os_core.c.o
                0x08007205                OSUnMapTbl
 .rodata.OSFlagCreate.str1.1
                0x08007305        0x2 CMakeFiles/Drone.dir/os/src/os_flag.c.o
 .rodata.OS_MemInit.str1.1
                0x08007305        0x2 CMakeFiles/Drone.dir/os/src/os_mem.c.o
 .rodata.OSSemCreate.str1.1
                0x08007305        0x2 CMakeFiles/Drone.dir/os/src/os_sem.c.o
 .rodata.OSTaskDel.str1.1
                0x08007305        0x2 CMakeFiles/Drone.dir/os/src/os_task.c.o
 .rodata.OSTmr_Free.str1.1
                0x08007305        0x2 CMakeFiles/Drone.dir/os/src/os_tmr.c.o
 .rodata.OSTmr_Init.str1.1
                0x08007305       0x31 CMakeFiles/Drone.dir/os/src/os_tmr.c.o
 .rodata._printf_float.str1.1
                0x08007305       0x12 /opt/gcc-arm-none-eabi/bin/../lib/gcc/arm-none-eabi/13.2.1/../../../../arm-none-eabi/lib/thumb/v7e-m/nofp/libc_nano.a(libc_a-nano-vfprintf_float.o)
 .rodata._printf_i.str1.1
                0x08007305       0x22 /opt/gcc-arm-none-eabi/bin/../lib/gcc/arm-none-eabi/13.2.1/../../../../arm-none-eabi/lib/thumb/v7e-m/nofp/libc_nano.a(libc_a-nano-vfprintf_i.o)
 .rodata._scanf_float.str1.1
                0x08007305        0x6 /opt/gcc-arm-none-eabi/bin/../lib/gcc/arm-none-eabi/13.2.1/../../../../arm-none-eabi/lib/thumb/v7e-m/nofp/libc_nano.a(libc_a-nano-vfscanf_float.o)
 .rodata._dtoa_r.str1.1
                0x08007305       0x90 /opt/gcc-arm-none-eabi/bin/../lib/gcc/arm-none-eabi/13.2.1/../../../../arm-none-eabi/lib/thumb/v7e-m/nofp/libc_nano.a(libc_a-dtoa.o)
 .rodata._strtod_l.str1.1
                0x08007305        0xf /opt/gcc-arm-none-eabi/bin/../lib/gcc/arm-none-eabi/13.2.1/../../../../arm-none-eabi/lib/thumb/v7e-m/nofp/libc_nano.a(libc_a-strtod.o)
 *fill*         0x08007305        0x3 
 .rodata.fpinan.0
                0x08007308       0x14 /opt/gcc-arm-none-eabi/bin/../lib/gcc/arm-none-eabi/13.2.1/../../../../arm-none-eabi/lib/thumb/v7e-m/nofp/libc_nano.a(libc_a-strtod.o)
 .rodata.fpi.1  0x0800731c       0x14 /opt/gcc-arm-none-eabi/bin/../lib/gcc/arm-none-eabi/13.2.1/../../../../arm-none-eabi/lib/thumb/v7e-m/nofp/libc_nano.a(libc_a-strtod.o)
 .rodata.tinytens
                0x08007330       0x28 /opt/gcc-arm-none-eabi/bin/../lib/gcc/arm-none-eabi/13.2.1/../../../../arm-none-eabi/lib/thumb/v7e-m/nofp/libc_nano.a(libc_a-strtod.o)
 .rodata.__gethex.str1.1
                0x08007358       0x74 /opt/gcc-arm-none-eabi/bin/../lib/gcc/arm-none-eabi/13.2.1/../../../../arm-none-eabi/lib/thumb/v7e-m/nofp/libc_nano.a(libc_a-gdtoa-gethex.o)
 .rodata._setlocale_r.str1.1
                0x08007358        0x9 /opt/gcc-arm-none-eabi/bin/../lib/gcc/arm-none-eabi/13.2.1/../../../../arm-none-eabi/lib/thumb/v7e-m/nofp/libc_nano.a(libc_a-locale.o)
 .rodata.str1.1
                0x08007358        0x2 /opt/gcc-arm-none-eabi/bin/../lib/gcc/arm-none-eabi/13.2.1/../../../../arm-none-eabi/lib/thumb/v7e-m/nofp/libc_nano.a(libc_a-locale.o)
 .rodata._svfprintf_r.str1.1
                0x08007358       0x11 /opt/gcc-arm-none-eabi/bin/../lib/gcc/arm-none-eabi/13.2.1/../../../../arm-none-eabi/lib/thumb/v7e-m/nofp/libc_nano.a(libc_a-nano-svfprintf.o)
 .rodata.__assert_func.str1.1
                0x08007358       0x3d /opt/gcc-arm-none-eabi/bin/../lib/gcc/arm-none-eabi/13.2.1/../../../../arm-none-eabi/lib/thumb/v7e-m/nofp/libc_nano.a(libc_a-assert.o)
 .rodata._Balloc.str1.1
                0x08007358       0x71 /opt/gcc-arm-none-eabi/bin/../lib/gcc/arm-none-eabi/13.2.1/../../../../arm-none-eabi/lib/thumb/v7e-m/nofp/libc_nano.a(libc_a-mprec.o)
 .rodata.__multadd.str1.1
                0x08007358       0x11 /opt/gcc-arm-none-eabi/bin/../lib/gcc/arm-none-eabi/13.2.1/../../../../arm-none-eabi/lib/thumb/v7e-m/nofp/libc_nano.a(libc_a-mprec.o)
 .rodata.p05.0  0x08007358        0xc /opt/gcc-arm-none-eabi/bin/../lib/gcc/arm-none-eabi/13.2.1/../../../../arm-none-eabi/lib/thumb/v7e-m/nofp/libc_nano.a(libc_a-mprec.o)
 *fill*         0x08007364        0x4 
 .rodata.__mprec_bigtens
                0x08007368       0x28 /opt/gcc-arm-none-eabi/bin/../lib/gcc/arm-none-eabi/13.2.1/../../../../arm-none-eabi/lib/thumb/v7e-m/nofp/libc_nano.a(libc_a-mprec.o)
                0x08007368                __mprec_bigtens
 .rodata.__mprec_tens
                0x08007390       0xc8 /opt/gcc-arm-none-eabi/bin/../lib/gcc/arm-none-eabi/13.2.1/../../../../arm-none-eabi/lib/thumb/v7e-m/nofp/libc_nano.a(libc_a-mprec.o)
                0x08007390                __mprec_tens
 .rodata._ctype_
                0x08007458      0x101 /opt/gcc-arm-none-eabi/bin/../lib/gcc/arm-none-eabi/13.2.1/../../../../arm-none-eabi/lib/thumb/v7e-m/nofp/libc_nano.a(libc_a-ctype_.o)
                0x08007458                _ctype_
 .rodata._vfprintf_r.str1.1
                0x08007559       0x11 /opt/gcc-arm-none-eabi/bin/../lib/gcc/arm-none-eabi/13.2.1/../../../../arm-none-eabi/lib/thumb/v7e-m/nofp/libc_nano.a(libc_a-nano-vfprintf.o)
                0x0800756c                        . = ALIGN (0x4)
 *fill*         0x08007559        0x3 

.ARM.extab
 *(.ARM.extab* .gnu.linkonce.armextab.*)

.ARM            0x0800755c        0x8
                0x0800755c                        __exidx_start = .
 *(.ARM.exidx*)
 .ARM.exidx     0x0800755c        0x8 /opt/gcc-arm-none-eabi/bin/../lib/gcc/arm-none-eabi/13.2.1/../../../../arm-none-eabi/lib/thumb/v7e-m/nofp/libc_nano.a(libc_a-memchr.o)
 .ARM.exidx     0x08007564        0x0 /opt/gcc-arm-none-eabi/bin/../lib/gcc/arm-none-eabi/13.2.1/../../../../arm-none-eabi/lib/thumb/v7e-m/nofp/libc_nano.a(libc_a-strlen.o)
                                  0x8 (size before relaxing)
                0x08007564                        __exidx_end = .

.rel.dyn        0x08007564        0x0
 .rel.iplt      0x08007564        0x0 /opt/gcc-arm-none-eabi/bin/../lib/gcc/arm-none-eabi/13.2.1/thumb/v7e-m/nofp/crtbegin.o

.preinit_array  0x08007564        0x0
                0x08007564                        PROVIDE (__preinit_array_start = .)
 *(.preinit_array*)
                0x08007564                        PROVIDE (__preinit_array_end = .)

.init_array     0x08007564        0x4
                0x08007564                        PROVIDE (__init_array_start = .)
 *(SORT_BY_NAME(.init_array.*))
 *(.init_array*)
 .init_array    0x08007564        0x4 /opt/gcc-arm-none-eabi/bin/../lib/gcc/arm-none-eabi/13.2.1/thumb/v7e-m/nofp/crtbegin.o
                0x08007568                        PROVIDE (__init_array_end = .)

.fini_array     0x08007568        0x4
                [!provide]                        PROVIDE (__fini_array_start = .)
 *(SORT_BY_NAME(.fini_array.*))
 *(.fini_array*)
 .fini_array    0x08007568        0x4 /opt/gcc-arm-none-eabi/bin/../lib/gcc/arm-none-eabi/13.2.1/thumb/v7e-m/nofp/crtbegin.o
                [!provide]                        PROVIDE (__fini_array_end = .)
                0x0800756c                        _sidata = LOADADDR (.data)

.data           0x20000000      0x1cc load address 0x0800756c
                0x20000000                        . = ALIGN (0x4)
                0x20000000                        _sdata = .
 *(.data)
 *(.data*)
 .data.SystemCoreClock
                0x20000000        0x4 CMakeFiles/Drone.dir/USER/src/system_stm32f4xx.c.o
                0x20000000                SystemCoreClock
 .data._impure_ptr
                0x20000004        0x4 /opt/gcc-arm-none-eabi/bin/../lib/gcc/arm-none-eabi/13.2.1/../../../../arm-none-eabi/lib/thumb/v7e-m/nofp/libc_nano.a(libc_a-impure.o)
                0x20000004                _impure_ptr
 .data._impure_data
                0x20000008       0x4c /opt/gcc-arm-none-eabi/bin/../lib/gcc/arm-none-eabi/13.2.1/../../../../arm-none-eabi/lib/thumb/v7e-m/nofp/libc_nano.a(libc_a-impure.o)
                0x20000008                _impure_data
 .data.__sglue  0x20000054        0xc /opt/gcc-arm-none-eabi/bin/../lib/gcc/arm-none-eabi/13.2.1/../../../../arm-none-eabi/lib/thumb/v7e-m/nofp/libc_nano.a(libc_a-findfp.o)
                0x20000054                __sglue
 .data.__global_locale
                0x20000060      0x16c /opt/gcc-arm-none-eabi/bin/../lib/gcc/arm-none-eabi/13.2.1/../../../../arm-none-eabi/lib/thumb/v7e-m/nofp/libc_nano.a(libc_a-locale.o)
                0x20000060                __global_locale
                0x200001cc                        . = ALIGN (0x4)
                0x200001cc                        _edata = .

.tm_clone_table
                0x200001cc        0x0 load address 0x08007738
 .tm_clone_table
                0x200001cc        0x0 /opt/gcc-arm-none-eabi/bin/../lib/gcc/arm-none-eabi/13.2.1/thumb/v7e-m/nofp/crtbegin.o
 .tm_clone_table
                0x200001cc        0x0 /opt/gcc-arm-none-eabi/bin/../lib/gcc/arm-none-eabi/13.2.1/thumb/v7e-m/nofp/crtend.o

.igot.plt       0x200001cc        0x0 load address 0x08007738
 .igot.plt      0x200001cc        0x0 /opt/gcc-arm-none-eabi/bin/../lib/gcc/arm-none-eabi/13.2.1/thumb/v7e-m/nofp/crtbegin.o
                0x200001cc                        . = ALIGN (0x4)

.bss            0x200001cc     0x1cd8 load address 0x08007738
                0x200001cc                        _sbss = .
                0x200001cc                        __bss_start__ = _sbss
 *(.bss)
 *(.bss*)
 .bss.completed.1
                0x200001cc        0x1 /opt/gcc-arm-none-eabi/bin/../lib/gcc/arm-none-eabi/13.2.1/thumb/v7e-m/nofp/crtbegin.o
 *fill*         0x200001cd        0x3 
 .bss.object.0  0x200001d0       0x18 /opt/gcc-arm-none-eabi/bin/../lib/gcc/arm-none-eabi/13.2.1/thumb/v7e-m/nofp/crtbegin.o
 .bss.receiver  0x200001e8       0x14 CMakeFiles/Drone.dir/HARDWARE/src/Receiver.c.o
                0x200001e8                receiver
 .bss.Serial_RxFlag
                0x200001fc        0x1 CMakeFiles/Drone.dir/HARDWARE/src/Serial.c.o
                0x200001fc                Serial_RxFlag
 .bss.Serial_RxData
                0x200001fd        0x1 CMakeFiles/Drone.dir/HARDWARE/src/Serial.c.o
                0x200001fd                Serial_RxData
 .bss.test      0x200001fe        0x1 CMakeFiles/Drone.dir/USER/src/main.c.o
                0x200001fe                test
 *fill*         0x200001ff        0x1 
 .bss.cpu_sr    0x20000200        0x4 CMakeFiles/Drone.dir/USER/src/main.c.o
                0x20000200                cpu_sr
 .bss.Duty      0x20000204        0x4 CMakeFiles/Drone.dir/USER/src/main.c.o
                0x20000204                Duty
 .bss.GetDuty   0x20000208      0x190 CMakeFiles/Drone.dir/USER/src/main.c.o
                0x20000208                GetDuty
 .bss.USART_RECEIVE
                0x20000398      0x190 CMakeFiles/Drone.dir/USER/src/main.c.o
                0x20000398                USART_RECEIVE
 .bss.OSTmrWheelTbl
                0x20000528       0x38 CMakeFiles/Drone.dir/os/src/os_core.c.o
                0x20000528                OSTmrWheelTbl
 .bss.OSTmrTaskStk
                0x20000560      0x200 CMakeFiles/Drone.dir/os/src/os_core.c.o
                0x20000560                OSTmrTaskStk
 .bss.OSTmrFreeList
                0x20000760        0x4 CMakeFiles/Drone.dir/os/src/os_core.c.o
                0x20000760                OSTmrFreeList
 .bss.OSTmrTbl  0x20000764      0x280 CMakeFiles/Drone.dir/os/src/os_core.c.o
                0x20000764                OSTmrTbl
 .bss.OSTmrSemSignal
                0x200009e4        0x4 CMakeFiles/Drone.dir/os/src/os_core.c.o
                0x200009e4                OSTmrSemSignal
 .bss.OSTmrSem  0x200009e8        0x4 CMakeFiles/Drone.dir/os/src/os_core.c.o
                0x200009e8                OSTmrSem
 .bss.OSTmrTime
                0x200009ec        0x4 CMakeFiles/Drone.dir/os/src/os_core.c.o
                0x200009ec                OSTmrTime
 .bss.OSTmrUsed
                0x200009f0        0x2 CMakeFiles/Drone.dir/os/src/os_core.c.o
                0x200009f0                OSTmrUsed
 .bss.OSTmrFree
                0x200009f2        0x2 CMakeFiles/Drone.dir/os/src/os_core.c.o
                0x200009f2                OSTmrFree
 .bss.OSTime    0x200009f4        0x4 CMakeFiles/Drone.dir/os/src/os_core.c.o
                0x200009f4                OSTime
 .bss.OSTaskRegNextAvailID
                0x200009f8        0x1 CMakeFiles/Drone.dir/os/src/os_core.c.o
                0x200009f8                OSTaskRegNextAvailID
 *fill*         0x200009f9        0x3 
 .bss.OSQTbl    0x200009fc       0x60 CMakeFiles/Drone.dir/os/src/os_core.c.o
                0x200009fc                OSQTbl
 .bss.OSQFreeList
                0x20000a5c        0x4 CMakeFiles/Drone.dir/os/src/os_core.c.o
                0x20000a5c                OSQFreeList
 .bss.OSMemTbl  0x20000a60       0x78 CMakeFiles/Drone.dir/os/src/os_core.c.o
                0x20000a60                OSMemTbl
 .bss.OSMemFreeList
                0x20000ad8        0x4 CMakeFiles/Drone.dir/os/src/os_core.c.o
                0x20000ad8                OSMemFreeList
 .bss.OSTickStepState
                0x20000adc        0x1 CMakeFiles/Drone.dir/os/src/os_core.c.o
                0x20000adc                OSTickStepState
 *fill*         0x20000add        0x3 
 .bss.OSTCBTbl  0x20000ae0      0x7e8 CMakeFiles/Drone.dir/os/src/os_core.c.o
                0x20000ae0                OSTCBTbl
 .bss.OSTCBPrioTbl
                0x200012c8      0x100 CMakeFiles/Drone.dir/os/src/os_core.c.o
                0x200012c8                OSTCBPrioTbl
 .bss.OSTCBList
                0x200013c8        0x4 CMakeFiles/Drone.dir/os/src/os_core.c.o
                0x200013c8                OSTCBList
 .bss.OSTCBHighRdy
                0x200013cc        0x4 CMakeFiles/Drone.dir/os/src/os_core.c.o
                0x200013cc                OSTCBHighRdy
 .bss.OSTCBFreeList
                0x200013d0        0x4 CMakeFiles/Drone.dir/os/src/os_core.c.o
                0x200013d0                OSTCBFreeList
 .bss.OSTCBCur  0x200013d4        0x4 CMakeFiles/Drone.dir/os/src/os_core.c.o
                0x200013d4                OSTCBCur
 .bss.OSTaskIdleStk
                0x200013d8      0x200 CMakeFiles/Drone.dir/os/src/os_core.c.o
                0x200013d8                OSTaskIdleStk
 .bss.OSIdleCtr
                0x200015d8        0x4 CMakeFiles/Drone.dir/os/src/os_core.c.o
                0x200015d8                OSIdleCtr
 .bss.OSTaskCtr
                0x200015dc        0x1 CMakeFiles/Drone.dir/os/src/os_core.c.o
                0x200015dc                OSTaskCtr
 .bss.OSRunning
                0x200015dd        0x1 CMakeFiles/Drone.dir/os/src/os_core.c.o
                0x200015dd                OSRunning
 .bss.OSRdyTbl  0x200015de        0x8 CMakeFiles/Drone.dir/os/src/os_core.c.o
                0x200015de                OSRdyTbl
 .bss.OSRdyGrp  0x200015e6        0x1 CMakeFiles/Drone.dir/os/src/os_core.c.o
                0x200015e6                OSRdyGrp
 .bss.OSPrioHighRdy
                0x200015e7        0x1 CMakeFiles/Drone.dir/os/src/os_core.c.o
                0x200015e7                OSPrioHighRdy
 .bss.OSPrioCur
                0x200015e8        0x1 CMakeFiles/Drone.dir/os/src/os_core.c.o
                0x200015e8                OSPrioCur
 .bss.OSLockNesting
                0x200015e9        0x1 CMakeFiles/Drone.dir/os/src/os_core.c.o
                0x200015e9                OSLockNesting
 .bss.OSIntNesting
                0x200015ea        0x1 CMakeFiles/Drone.dir/os/src/os_core.c.o
                0x200015ea                OSIntNesting
 *fill*         0x200015eb        0x1 
 .bss.OSTaskStatStk
                0x200015ec      0x200 CMakeFiles/Drone.dir/os/src/os_core.c.o
                0x200015ec                OSTaskStatStk
 .bss.OSStatRdy
                0x200017ec        0x1 CMakeFiles/Drone.dir/os/src/os_core.c.o
                0x200017ec                OSStatRdy
 *fill*         0x200017ed        0x3 
 .bss.OSIdleCtrRun
                0x200017f0        0x4 CMakeFiles/Drone.dir/os/src/os_core.c.o
                0x200017f0                OSIdleCtrRun
 .bss.OSIdleCtrMax
                0x200017f4        0x4 CMakeFiles/Drone.dir/os/src/os_core.c.o
                0x200017f4                OSIdleCtrMax
 .bss.OSCPUUsage
                0x200017f8        0x1 CMakeFiles/Drone.dir/os/src/os_core.c.o
                0x200017f8                OSCPUUsage
 *fill*         0x200017f9        0x3 
 .bss.OSFlagFreeList
                0x200017fc        0x4 CMakeFiles/Drone.dir/os/src/os_core.c.o
                0x200017fc                OSFlagFreeList
 .bss.OSFlagTbl
                0x20001800       0x50 CMakeFiles/Drone.dir/os/src/os_core.c.o
                0x20001800                OSFlagTbl
 .bss.OSEventTbl
                0x20001850       0xf0 CMakeFiles/Drone.dir/os/src/os_core.c.o
                0x20001850                OSEventTbl
 .bss.OSEventFreeList
                0x20001940        0x4 CMakeFiles/Drone.dir/os/src/os_core.c.o
                0x20001940                OSEventFreeList
 .bss.OSCtxSwCtr
                0x20001944        0x4 CMakeFiles/Drone.dir/os/src/os_core.c.o
                0x20001944                OSCtxSwCtr
 .bss.OS_KA_BASEPRI_Boundary
                0x20001948        0x4 CMakeFiles/Drone.dir/os/src/os_cpu_c.c.o
                0x20001948                OS_KA_BASEPRI_Boundary
 .bss.OSTmrCtr  0x2000194c        0x2 CMakeFiles/Drone.dir/os/src/os_cpu_c.c.o
 *fill*         0x2000194e        0x2 
 .bss.OS_CPU_ExceptStkBase
                0x20001950        0x4 CMakeFiles/Drone.dir/os/src/os_cpu_c.c.o
                0x20001950                OS_CPU_ExceptStkBase
 .bss.OS_CPU_ExceptStk
                0x20001954      0x400 CMakeFiles/Drone.dir/os/src/os_cpu_c.c.o
                0x20001954                OS_CPU_ExceptStk
 .bss.__sf      0x20001d54      0x138 /opt/gcc-arm-none-eabi/bin/../lib/gcc/arm-none-eabi/13.2.1/../../../../arm-none-eabi/lib/thumb/v7e-m/nofp/libc_nano.a(libc_a-findfp.o)
                0x20001d54                __sf
 .bss.__stdio_exit_handler
                0x20001e8c        0x4 /opt/gcc-arm-none-eabi/bin/../lib/gcc/arm-none-eabi/13.2.1/../../../../arm-none-eabi/lib/thumb/v7e-m/nofp/libc_nano.a(libc_a-findfp.o)
                0x20001e8c                __stdio_exit_handler
 .bss.__lock___malloc_recursive_mutex
                0x20001e90        0x1 /opt/gcc-arm-none-eabi/bin/../lib/gcc/arm-none-eabi/13.2.1/../../../../arm-none-eabi/lib/thumb/v7e-m/nofp/libc_nano.a(libc_a-lock.o)
                0x20001e90                __lock___malloc_recursive_mutex
 .bss.__lock___sfp_recursive_mutex
                0x20001e91        0x1 /opt/gcc-arm-none-eabi/bin/../lib/gcc/arm-none-eabi/13.2.1/../../../../arm-none-eabi/lib/thumb/v7e-m/nofp/libc_nano.a(libc_a-lock.o)
                0x20001e91                __lock___sfp_recursive_mutex
 *fill*         0x20001e92        0x2 
 .bss.errno     0x20001e94        0x4 /opt/gcc-arm-none-eabi/bin/../lib/gcc/arm-none-eabi/13.2.1/../../../../arm-none-eabi/lib/thumb/v7e-m/nofp/libc_nano.a(libc_a-reent.o)
                0x20001e94                errno
 .bss.__malloc_sbrk_start
                0x20001e98        0x4 /opt/gcc-arm-none-eabi/bin/../lib/gcc/arm-none-eabi/13.2.1/../../../../arm-none-eabi/lib/thumb/v7e-m/nofp/libc_nano.a(libc_a-mallocr.o)
                0x20001e98                __malloc_sbrk_start
 .bss.__malloc_free_list
                0x20001e9c        0x4 /opt/gcc-arm-none-eabi/bin/../lib/gcc/arm-none-eabi/13.2.1/../../../../arm-none-eabi/lib/thumb/v7e-m/nofp/libc_nano.a(libc_a-mallocr.o)
                0x20001e9c                __malloc_free_list
 .bss.heap_end.0
                0x20001ea0        0x4 /opt/gcc-arm-none-eabi/bin/../lib/gcc/arm-none-eabi/13.2.1/../../../../arm-none-eabi/lib/thumb/v7e-m/nofp/libnosys.a(sbrk.o)
 *(COMMON)
                0x20001ea4                        . = ALIGN (0x4)
                0x20001ea4                        _ebss = .
                0x20001ea4                        __bss_end__ = _ebss

._user_heap_stack
                0x20001ea4      0x604 load address 0x08007738
                0x20001ea8                        . = ALIGN (0x8)
 *fill*         0x20001ea4        0x4 
                0x20001ea8                        PROVIDE (end = .)
                [!provide]                        PROVIDE (_end = .)
                0x200020a8                        . = (. + _Min_Heap_Size)
 *fill*         0x20001ea8      0x200 
                0x200024a8                        . = (. + _Min_Stack_Size)
 *fill*         0x200020a8      0x400 
                0x200024a8                        . = ALIGN (0x8)

/DISCARD/
 libc.a(*)
 libm.a(*)
 libgcc.a(*)

.ARM.attributes
                0x00000000       0x2a
 *(.ARM.attributes)
 .ARM.attributes
                0x00000000       0x1e /opt/gcc-arm-none-eabi/bin/../lib/gcc/arm-none-eabi/13.2.1/thumb/v7e-m/nofp/crti.o
 .ARM.attributes
                0x0000001e       0x2e /opt/gcc-arm-none-eabi/bin/../lib/gcc/arm-none-eabi/13.2.1/thumb/v7e-m/nofp/crtbegin.o
 .ARM.attributes
                0x0000004c       0x2e CMakeFiles/Drone.dir/HARDWARE/src/HMC5883L.c.o
 .ARM.attributes
                0x0000007a       0x2e CMakeFiles/Drone.dir/HARDWARE/src/MPU.c.o
 .ARM.attributes
                0x000000a8       0x2e CMakeFiles/Drone.dir/HARDWARE/src/Moter.c.o
 .ARM.attributes
                0x000000d6       0x2e CMakeFiles/Drone.dir/HARDWARE/src/MyI2C.c.o
 .ARM.attributes
                0x00000104       0x2e CMakeFiles/Drone.dir/HARDWARE/src/Receiver.c.o
 .ARM.attributes
                0x00000132       0x2e CMakeFiles/Drone.dir/HARDWARE/src/Serial.c.o
 .ARM.attributes
                0x00000160       0x2e CMakeFiles/Drone.dir/SYSTEM/src/Delay.c.o
 .ARM.attributes
                0x0000018e       0x2e CMakeFiles/Drone.dir/USER/src/main.c.o
 .ARM.attributes
                0x000001bc       0x2e CMakeFiles/Drone.dir/USER/src/stm32f4xx_it.c.o
 .ARM.attributes
                0x000001ea       0x2e CMakeFiles/Drone.dir/USER/src/system_stm32f4xx.c.o
 .ARM.attributes
                0x00000218       0x2e CMakeFiles/Drone.dir/os/src/app_hooks.c.o
 .ARM.attributes
                0x00000246       0x2e CMakeFiles/Drone.dir/os/src/os_core.c.o
 .ARM.attributes
                0x00000274       0x2e CMakeFiles/Drone.dir/os/src/os_cpu_c.c.o
 .ARM.attributes
                0x000002a2       0x2e CMakeFiles/Drone.dir/os/src/os_dbg_r.c.o
 .ARM.attributes
                0x000002d0       0x2e CMakeFiles/Drone.dir/os/src/os_flag.c.o
 .ARM.attributes
                0x000002fe       0x2e CMakeFiles/Drone.dir/os/src/os_mem.c.o
 .ARM.attributes
                0x0000032c       0x2e CMakeFiles/Drone.dir/os/src/os_q.c.o
 .ARM.attributes
                0x0000035a       0x2e CMakeFiles/Drone.dir/os/src/os_sem.c.o
 .ARM.attributes
                0x00000388       0x2e CMakeFiles/Drone.dir/os/src/os_task.c.o
 .ARM.attributes
                0x000003b6       0x2e CMakeFiles/Drone.dir/os/src/os_time.c.o
 .ARM.attributes
                0x000003e4       0x2e CMakeFiles/Drone.dir/os/src/os_tmr.c.o
 .ARM.attributes
                0x00000412       0x21 CMakeFiles/Drone.dir/CORE/startup_stm32f401xe.s.o
 .ARM.attributes
                0x00000433       0x1c CMakeFiles/Drone.dir/os/src/os_cpu_a.s.o
 .ARM.attributes
                0x0000044f       0x2e /opt/gcc-arm-none-eabi/bin/../lib/gcc/arm-none-eabi/13.2.1/../../../../arm-none-eabi/lib/thumb/v7e-m/nofp/libc_nano.a(libc_a-init.o)
 .ARM.attributes
                0x0000047d       0x2e /opt/gcc-arm-none-eabi/bin/../lib/gcc/arm-none-eabi/13.2.1/../../../../arm-none-eabi/lib/thumb/v7e-m/nofp/libc_nano.a(libc_a-nano-vfprintf_float.o)
 .ARM.attributes
                0x000004ab       0x2e /opt/gcc-arm-none-eabi/bin/../lib/gcc/arm-none-eabi/13.2.1/../../../../arm-none-eabi/lib/thumb/v7e-m/nofp/libc_nano.a(libc_a-vsprintf.o)
 .ARM.attributes
                0x000004d9       0x2e /opt/gcc-arm-none-eabi/bin/../lib/gcc/arm-none-eabi/13.2.1/../../../../arm-none-eabi/lib/thumb/v7e-m/nofp/libc_nano.a(libc_a-nano-vfprintf_i.o)
 .ARM.attributes
                0x00000507       0x2e /opt/gcc-arm-none-eabi/bin/../lib/gcc/arm-none-eabi/13.2.1/../../../../arm-none-eabi/lib/thumb/v7e-m/nofp/libc_nano.a(libc_a-nano-vfscanf_float.o)
 .ARM.attributes
                0x00000535       0x2e /opt/gcc-arm-none-eabi/bin/../lib/gcc/arm-none-eabi/13.2.1/../../../../arm-none-eabi/lib/thumb/v7e-m/nofp/libc_nano.a(libc_a-impure.o)
 .ARM.attributes
                0x00000563       0x1c /opt/gcc-arm-none-eabi/bin/../lib/gcc/arm-none-eabi/13.2.1/../../../../arm-none-eabi/lib/thumb/v7e-m/nofp/libc_nano.a(libc_a-memchr.o)
 .ARM.attributes
                0x0000057f       0x2e /opt/gcc-arm-none-eabi/bin/../lib/gcc/arm-none-eabi/13.2.1/../../../../arm-none-eabi/lib/thumb/v7e-m/nofp/libc_nano.a(libc_a-memcpy-stub.o)
 .ARM.attributes
                0x000005ad       0x2e /opt/gcc-arm-none-eabi/bin/../lib/gcc/arm-none-eabi/13.2.1/../../../../arm-none-eabi/lib/thumb/v7e-m/nofp/libc_nano.a(libc_a-findfp.o)
 .ARM.attributes
                0x000005db       0x17 /opt/gcc-arm-none-eabi/bin/../lib/gcc/arm-none-eabi/13.2.1/../../../../arm-none-eabi/lib/thumb/v7e-m/nofp/libc_nano.a(libc_a-strlen.o)
 .ARM.attributes
                0x000005f2       0x2e /opt/gcc-arm-none-eabi/bin/../lib/gcc/arm-none-eabi/13.2.1/../../../../arm-none-eabi/lib/thumb/v7e-m/nofp/libc_nano.a(libc_a-sprintf.o)
 .ARM.attributes
                0x00000620       0x2e /opt/gcc-arm-none-eabi/bin/../lib/gcc/arm-none-eabi/13.2.1/../../../../arm-none-eabi/lib/thumb/v7e-m/nofp/libc_nano.a(libc_a-stdio.o)
 .ARM.attributes
                0x0000064e       0x2e /opt/gcc-arm-none-eabi/bin/../lib/gcc/arm-none-eabi/13.2.1/../../../../arm-none-eabi/lib/thumb/v7e-m/nofp/libc_nano.a(libc_a-dtoa.o)
 .ARM.attributes
                0x0000067c       0x2e /opt/gcc-arm-none-eabi/bin/../lib/gcc/arm-none-eabi/13.2.1/../../../../arm-none-eabi/lib/thumb/v7e-m/nofp/libc_nano.a(libc_a-readr.o)
 .ARM.attributes
                0x000006aa       0x2e /opt/gcc-arm-none-eabi/bin/../lib/gcc/arm-none-eabi/13.2.1/../../../../arm-none-eabi/lib/thumb/v7e-m/nofp/libc_nano.a(libc_a-writer.o)
 .ARM.attributes
                0x000006d8       0x2e /opt/gcc-arm-none-eabi/bin/../lib/gcc/arm-none-eabi/13.2.1/../../../../arm-none-eabi/lib/thumb/v7e-m/nofp/libc_nano.a(libc_a-fwalk.o)
 .ARM.attributes
                0x00000706       0x2e /opt/gcc-arm-none-eabi/bin/../lib/gcc/arm-none-eabi/13.2.1/../../../../arm-none-eabi/lib/thumb/v7e-m/nofp/libc_nano.a(libc_a-memset.o)
 .ARM.attributes
                0x00000734       0x2e /opt/gcc-arm-none-eabi/bin/../lib/gcc/arm-none-eabi/13.2.1/../../../../arm-none-eabi/lib/thumb/v7e-m/nofp/libc_nano.a(libm_a-sf_nan.o)
 .ARM.attributes
                0x00000762       0x2e /opt/gcc-arm-none-eabi/bin/../lib/gcc/arm-none-eabi/13.2.1/../../../../arm-none-eabi/lib/thumb/v7e-m/nofp/libc_nano.a(libc_a-strtod.o)
 .ARM.attributes
                0x00000790       0x2e /opt/gcc-arm-none-eabi/bin/../lib/gcc/arm-none-eabi/13.2.1/../../../../arm-none-eabi/lib/thumb/v7e-m/nofp/libc_nano.a(libc_a-strtol.o)
 .ARM.attributes
                0x000007be       0x2e /opt/gcc-arm-none-eabi/bin/../lib/gcc/arm-none-eabi/13.2.1/../../../../arm-none-eabi/lib/thumb/v7e-m/nofp/libc_nano.a(libc_a-gdtoa-gethex.o)
 .ARM.attributes
                0x000007ec       0x2e /opt/gcc-arm-none-eabi/bin/../lib/gcc/arm-none-eabi/13.2.1/../../../../arm-none-eabi/lib/thumb/v7e-m/nofp/libc_nano.a(libc_a-gdtoa-hexnan.o)
 .ARM.attributes
                0x0000081a       0x2e /opt/gcc-arm-none-eabi/bin/../lib/gcc/arm-none-eabi/13.2.1/../../../../arm-none-eabi/lib/thumb/v7e-m/nofp/libc_nano.a(libc_a-lock.o)
 .ARM.attributes
                0x00000848       0x2e /opt/gcc-arm-none-eabi/bin/../lib/gcc/arm-none-eabi/13.2.1/../../../../arm-none-eabi/lib/thumb/v7e-m/nofp/libc_nano.a(libc_a-locale.o)
 .ARM.attributes
                0x00000876       0x2e /opt/gcc-arm-none-eabi/bin/../lib/gcc/arm-none-eabi/13.2.1/../../../../arm-none-eabi/lib/thumb/v7e-m/nofp/libc_nano.a(libc_a-localeconv.o)
 .ARM.attributes
                0x000008a4       0x2e /opt/gcc-arm-none-eabi/bin/../lib/gcc/arm-none-eabi/13.2.1/../../../../arm-none-eabi/lib/thumb/v7e-m/nofp/libc_nano.a(libc_a-nano-svfprintf.o)
 .ARM.attributes
                0x000008d2       0x2e /opt/gcc-arm-none-eabi/bin/../lib/gcc/arm-none-eabi/13.2.1/../../../../arm-none-eabi/lib/thumb/v7e-m/nofp/libc_nano.a(libc_a-wctomb_r.o)
 .ARM.attributes
                0x00000900       0x2e /opt/gcc-arm-none-eabi/bin/../lib/gcc/arm-none-eabi/13.2.1/../../../../arm-none-eabi/lib/thumb/v7e-m/nofp/libc_nano.a(libc_a-closer.o)
 .ARM.attributes
                0x0000092e       0x2e /opt/gcc-arm-none-eabi/bin/../lib/gcc/arm-none-eabi/13.2.1/../../../../arm-none-eabi/lib/thumb/v7e-m/nofp/libc_nano.a(libc_a-reent.o)
 .ARM.attributes
                0x0000095c       0x2e /opt/gcc-arm-none-eabi/bin/../lib/gcc/arm-none-eabi/13.2.1/../../../../arm-none-eabi/lib/thumb/v7e-m/nofp/libc_nano.a(libc_a-fflush.o)
 .ARM.attributes
                0x0000098a       0x2e /opt/gcc-arm-none-eabi/bin/../lib/gcc/arm-none-eabi/13.2.1/../../../../arm-none-eabi/lib/thumb/v7e-m/nofp/libc_nano.a(libc_a-malloc.o)
 .ARM.attributes
                0x000009b8       0x2e /opt/gcc-arm-none-eabi/bin/../lib/gcc/arm-none-eabi/13.2.1/../../../../arm-none-eabi/lib/thumb/v7e-m/nofp/libc_nano.a(libc_a-mallocr.o)
 .ARM.attributes
                0x000009e6       0x2e /opt/gcc-arm-none-eabi/bin/../lib/gcc/arm-none-eabi/13.2.1/../../../../arm-none-eabi/lib/thumb/v7e-m/nofp/libc_nano.a(libc_a-mbtowc_r.o)
 .ARM.attributes
                0x00000a14       0x2e /opt/gcc-arm-none-eabi/bin/../lib/gcc/arm-none-eabi/13.2.1/../../../../arm-none-eabi/lib/thumb/v7e-m/nofp/libc_nano.a(libc_a-assert.o)
 .ARM.attributes
                0x00000a42       0x2e /opt/gcc-arm-none-eabi/bin/../lib/gcc/arm-none-eabi/13.2.1/../../../../arm-none-eabi/lib/thumb/v7e-m/nofp/libc_nano.a(libc_a-strncmp.o)
 .ARM.attributes
                0x00000a70       0x2e /opt/gcc-arm-none-eabi/bin/../lib/gcc/arm-none-eabi/13.2.1/../../../../arm-none-eabi/lib/thumb/v7e-m/nofp/libc_nano.a(libc_a-lseekr.o)
 .ARM.attributes
                0x00000a9e       0x2e /opt/gcc-arm-none-eabi/bin/../lib/gcc/arm-none-eabi/13.2.1/../../../../arm-none-eabi/lib/thumb/v7e-m/nofp/libc_nano.a(libc_a-fprintf.o)
 .ARM.attributes
                0x00000acc       0x2e /opt/gcc-arm-none-eabi/bin/../lib/gcc/arm-none-eabi/13.2.1/../../../../arm-none-eabi/lib/thumb/v7e-m/nofp/libc_nano.a(libc_a-mlock.o)
 .ARM.attributes
                0x00000afa       0x2e /opt/gcc-arm-none-eabi/bin/../lib/gcc/arm-none-eabi/13.2.1/../../../../arm-none-eabi/lib/thumb/v7e-m/nofp/libc_nano.a(libc_a-mprec.o)
 .ARM.attributes
                0x00000b28       0x2e /opt/gcc-arm-none-eabi/bin/../lib/gcc/arm-none-eabi/13.2.1/../../../../arm-none-eabi/lib/thumb/v7e-m/nofp/libc_nano.a(libc_a-callocr.o)
 .ARM.attributes
                0x00000b56       0x2e /opt/gcc-arm-none-eabi/bin/../lib/gcc/arm-none-eabi/13.2.1/../../../../arm-none-eabi/lib/thumb/v7e-m/nofp/libc_nano.a(libc_a-ctype_.o)
 .ARM.attributes
                0x00000b84       0x2e /opt/gcc-arm-none-eabi/bin/../lib/gcc/arm-none-eabi/13.2.1/../../../../arm-none-eabi/lib/thumb/v7e-m/nofp/libc_nano.a(libc_a-sbrkr.o)
 .ARM.attributes
                0x00000bb2       0x2e /opt/gcc-arm-none-eabi/bin/../lib/gcc/arm-none-eabi/13.2.1/../../../../arm-none-eabi/lib/thumb/v7e-m/nofp/libc_nano.a(libc_a-errno.o)
 .ARM.attributes
                0x00000be0       0x2e /opt/gcc-arm-none-eabi/bin/../lib/gcc/arm-none-eabi/13.2.1/../../../../arm-none-eabi/lib/thumb/v7e-m/nofp/libc_nano.a(libc_a-memmove.o)
 .ARM.attributes
                0x00000c0e       0x2e /opt/gcc-arm-none-eabi/bin/../lib/gcc/arm-none-eabi/13.2.1/../../../../arm-none-eabi/lib/thumb/v7e-m/nofp/libc_nano.a(libm_a-s_nan.o)
 .ARM.attributes
                0x00000c3c       0x2e /opt/gcc-arm-none-eabi/bin/../lib/gcc/arm-none-eabi/13.2.1/../../../../arm-none-eabi/lib/thumb/v7e-m/nofp/libc_nano.a(libc_a-reallocr.o)
 .ARM.attributes
                0x00000c6a       0x2e /opt/gcc-arm-none-eabi/bin/../lib/gcc/arm-none-eabi/13.2.1/../../../../arm-none-eabi/lib/thumb/v7e-m/nofp/libc_nano.a(libc_a-freer.o)
 .ARM.attributes
                0x00000c98       0x2e /opt/gcc-arm-none-eabi/bin/../lib/gcc/arm-none-eabi/13.2.1/../../../../arm-none-eabi/lib/thumb/v7e-m/nofp/libc_nano.a(libc_a-nano-vfprintf.o)
 .ARM.attributes
                0x00000cc6       0x2e /opt/gcc-arm-none-eabi/bin/../lib/gcc/arm-none-eabi/13.2.1/../../../../arm-none-eabi/lib/thumb/v7e-m/nofp/libc_nano.a(libc_a-wbuf.o)
 .ARM.attributes
                0x00000cf4       0x2e /opt/gcc-arm-none-eabi/bin/../lib/gcc/arm-none-eabi/13.2.1/../../../../arm-none-eabi/lib/thumb/v7e-m/nofp/libc_nano.a(libc_a-wsetup.o)
 .ARM.attributes
                0x00000d22       0x2e /opt/gcc-arm-none-eabi/bin/../lib/gcc/arm-none-eabi/13.2.1/../../../../arm-none-eabi/lib/thumb/v7e-m/nofp/libc_nano.a(libc_a-abort.o)
 .ARM.attributes
                0x00000d50       0x2e /opt/gcc-arm-none-eabi/bin/../lib/gcc/arm-none-eabi/13.2.1/../../../../arm-none-eabi/lib/thumb/v7e-m/nofp/libc_nano.a(libc_a-msizer.o)
 .ARM.attributes
                0x00000d7e       0x2e /opt/gcc-arm-none-eabi/bin/../lib/gcc/arm-none-eabi/13.2.1/../../../../arm-none-eabi/lib/thumb/v7e-m/nofp/libc_nano.a(libc_a-makebuf.o)
 .ARM.attributes
                0x00000dac       0x2e /opt/gcc-arm-none-eabi/bin/../lib/gcc/arm-none-eabi/13.2.1/../../../../arm-none-eabi/lib/thumb/v7e-m/nofp/libc_nano.a(libc_a-signal.o)
 .ARM.attributes
                0x00000dda       0x2e /opt/gcc-arm-none-eabi/bin/../lib/gcc/arm-none-eabi/13.2.1/../../../../arm-none-eabi/lib/thumb/v7e-m/nofp/libc_nano.a(libc_a-fstatr.o)
 .ARM.attributes
                0x00000e08       0x2e /opt/gcc-arm-none-eabi/bin/../lib/gcc/arm-none-eabi/13.2.1/../../../../arm-none-eabi/lib/thumb/v7e-m/nofp/libc_nano.a(libc_a-isattyr.o)
 .ARM.attributes
                0x00000e36       0x2e /opt/gcc-arm-none-eabi/bin/../lib/gcc/arm-none-eabi/13.2.1/../../../../arm-none-eabi/lib/thumb/v7e-m/nofp/libc_nano.a(libc_a-signalr.o)
 .ARM.attributes
                0x00000e64       0x1e /opt/gcc-arm-none-eabi/bin/../lib/gcc/arm-none-eabi/13.2.1/thumb/v7e-m/nofp/libgcc.a(_arm_addsubdf3.o)
 .ARM.attributes
                0x00000e82       0x1e /opt/gcc-arm-none-eabi/bin/../lib/gcc/arm-none-eabi/13.2.1/thumb/v7e-m/nofp/libgcc.a(_arm_muldivdf3.o)
 .ARM.attributes
                0x00000ea0       0x1e /opt/gcc-arm-none-eabi/bin/../lib/gcc/arm-none-eabi/13.2.1/thumb/v7e-m/nofp/libgcc.a(_arm_cmpdf2.o)
 .ARM.attributes
                0x00000ebe       0x1e /opt/gcc-arm-none-eabi/bin/../lib/gcc/arm-none-eabi/13.2.1/thumb/v7e-m/nofp/libgcc.a(_arm_unorddf2.o)
 .ARM.attributes
                0x00000edc       0x1e /opt/gcc-arm-none-eabi/bin/../lib/gcc/arm-none-eabi/13.2.1/thumb/v7e-m/nofp/libgcc.a(_arm_fixdfsi.o)
 .ARM.attributes
                0x00000efa       0x1e /opt/gcc-arm-none-eabi/bin/../lib/gcc/arm-none-eabi/13.2.1/thumb/v7e-m/nofp/libgcc.a(_arm_fixunsdfsi.o)
 .ARM.attributes
                0x00000f18       0x1e /opt/gcc-arm-none-eabi/bin/../lib/gcc/arm-none-eabi/13.2.1/thumb/v7e-m/nofp/libgcc.a(_arm_truncdfsf2.o)
 .ARM.attributes
                0x00000f36       0x2e /opt/gcc-arm-none-eabi/bin/../lib/gcc/arm-none-eabi/13.2.1/thumb/v7e-m/nofp/libgcc.a(_fixdfdi.o)
 .ARM.attributes
                0x00000f64       0x2e /opt/gcc-arm-none-eabi/bin/../lib/gcc/arm-none-eabi/13.2.1/thumb/v7e-m/nofp/libgcc.a(_fixunsdfdi.o)
 .ARM.attributes
                0x00000f92       0x2e /opt/gcc-arm-none-eabi/bin/../lib/gcc/arm-none-eabi/13.2.1/../../../../arm-none-eabi/lib/thumb/v7e-m/nofp/libnosys.a(close.o)
 .ARM.attributes
                0x00000fc0       0x2e /opt/gcc-arm-none-eabi/bin/../lib/gcc/arm-none-eabi/13.2.1/../../../../arm-none-eabi/lib/thumb/v7e-m/nofp/libnosys.a(fstat.o)
 .ARM.attributes
                0x00000fee       0x2e /opt/gcc-arm-none-eabi/bin/../lib/gcc/arm-none-eabi/13.2.1/../../../../arm-none-eabi/lib/thumb/v7e-m/nofp/libnosys.a(getpid.o)
 .ARM.attributes
                0x0000101c       0x2e /opt/gcc-arm-none-eabi/bin/../lib/gcc/arm-none-eabi/13.2.1/../../../../arm-none-eabi/lib/thumb/v7e-m/nofp/libnosys.a(isatty.o)
 .ARM.attributes