Archive member included to satisfy reference by file (symbol)

/opt/gcc-arm-none-eabi/bin/../lib/gcc/arm-none-eabi/13.2.1/../../../../arm-none-eabi/lib/thumb/v7e-m/nofp/libc_nano.a(libc_a-exit.o)
                              /opt/gcc-arm-none-eabi/bin/../lib/gcc/arm-none-eabi/13.2.1/../../../../arm-none-eabi/lib/thumb/v7e-m/nofp/crt0.o (exit)
/opt/gcc-arm-none-eabi/bin/../lib/gcc/arm-none-eabi/13.2.1/../../../../arm-none-eabi/lib/thumb/v7e-m/nofp/libc_nano.a(libc_a-init.o)
                              /opt/gcc-arm-none-eabi/bin/../lib/gcc/arm-none-eabi/13.2.1/../../../../arm-none-eabi/lib/thumb/v7e-m/nofp/crt0.o (__libc_init_array)
/opt/gcc-arm-none-eabi/bin/../lib/gcc/arm-none-eabi/13.2.1/../../../../arm-none-eabi/lib/thumb/v7e-m/nofp/libc_nano.a(libc_a-nano-vfprintf_float.o)
                              (_printf_float)
/opt/gcc-arm-none-eabi/bin/../lib/gcc/arm-none-eabi/13.2.1/../../../../arm-none-eabi/lib/thumb/v7e-m/nofp/libc_nano.a(libc_a-nano-vfprintf_i.o)
                              /opt/gcc-arm-none-eabi/bin/../lib/gcc/arm-none-eabi/13.2.1/../../../../arm-none-eabi/lib/thumb/v7e-m/nofp/libc_nano.a(libc_a-nano-vfprintf_float.o) (_printf_common)
/opt/gcc-arm-none-eabi/bin/../lib/gcc/arm-none-eabi/13.2.1/../../../../arm-none-eabi/lib/thumb/v7e-m/nofp/libc_nano.a(libc_a-nano-vfscanf_float.o)
                              (_scanf_float)
/opt/gcc-arm-none-eabi/bin/../lib/gcc/arm-none-eabi/13.2.1/../../../../arm-none-eabi/lib/thumb/v7e-m/nofp/libc_nano.a(libc_a-memchr.o)
                              /opt/gcc-arm-none-eabi/bin/../lib/gcc/arm-none-eabi/13.2.1/../../../../arm-none-eabi/lib/thumb/v7e-m/nofp/libc_nano.a(libc_a-nano-vfprintf_i.o) (memchr)
/opt/gcc-arm-none-eabi/bin/../lib/gcc/arm-none-eabi/13.2.1/../../../../arm-none-eabi/lib/thumb/v7e-m/nofp/libc_nano.a(libc_a-memcpy-stub.o)
                              CMakeFiles/Drone.dir/FWLIB/src/stm32f4xx_cryp_aes.c.o (memcpy)
/opt/gcc-arm-none-eabi/bin/../lib/gcc/arm-none-eabi/13.2.1/../../../../arm-none-eabi/lib/thumb/v7e-m/nofp/libc_nano.a(libc_a-findfp.o)
                              /opt/gcc-arm-none-eabi/bin/../lib/gcc/arm-none-eabi/13.2.1/../../../../arm-none-eabi/lib/thumb/v7e-m/nofp/libc_nano.a(libc_a-exit.o) (__stdio_exit_handler)
/opt/gcc-arm-none-eabi/bin/../lib/gcc/arm-none-eabi/13.2.1/../../../../arm-none-eabi/lib/thumb/v7e-m/nofp/libc_nano.a(libc_a-strlen.o)
                              CMakeFiles/Drone.dir/os/src/os_core.c.o (strlen)
/opt/gcc-arm-none-eabi/bin/../lib/gcc/arm-none-eabi/13.2.1/../../../../arm-none-eabi/lib/thumb/v7e-m/nofp/libc_nano.a(libc_a-sprintf.o)
                              /opt/gcc-arm-none-eabi/bin/../lib/gcc/arm-none-eabi/13.2.1/../../../../arm-none-eabi/lib/thumb/v7e-m/nofp/libc_nano.a(libc_a-nano-vfscanf_float.o) (sprintf)
/opt/gcc-arm-none-eabi/bin/../lib/gcc/arm-none-eabi/13.2.1/../../../../arm-none-eabi/lib/thumb/v7e-m/nofp/libc_nano.a(libc_a-stdio.o)
                              /opt/gcc-arm-none-eabi/bin/../lib/gcc/arm-none-eabi/13.2.1/../../../../arm-none-eabi/lib/thumb/v7e-m/nofp/libc_nano.a(libc_a-findfp.o) (__sread)
/opt/gcc-arm-none-eabi/bin/../lib/gcc/arm-none-eabi/13.2.1/../../../../arm-none-eabi/lib/thumb/v7e-m/nofp/libc_nano.a(libc_a-dtoa.o)
                              /opt/gcc-arm-none-eabi/bin/../lib/gcc/arm-none-eabi/13.2.1/../../../../arm-none-eabi/lib/thumb/v7e-m/nofp/libc_nano.a(libc_a-nano-vfprintf_float.o) (_dtoa_r)
/opt/gcc-arm-none-eabi/bin/../lib/gcc/arm-none-eabi/13.2.1/../../../../arm-none-eabi/lib/thumb/v7e-m/nofp/libc_nano.a(libc_a-readr.o)
                              /opt/gcc-arm-none-eabi/bin/../lib/gcc/arm-none-eabi/13.2.1/../../../../arm-none-eabi/lib/thumb/v7e-m/nofp/libc_nano.a(libc_a-stdio.o) (_read_r)
/opt/gcc-arm-none-eabi/bin/../lib/gcc/arm-none-eabi/13.2.1/../../../../arm-none-eabi/lib/thumb/v7e-m/nofp/libc_nano.a(libc_a-writer.o)
                              /opt/gcc-arm-none-eabi/bin/../lib/gcc/arm-none-eabi/13.2.1/../../../../arm-none-eabi/lib/thumb/v7e-m/nofp/libc_nano.a(libc_a-stdio.o) (_write_r)
/opt/gcc-arm-none-eabi/bin/../lib/gcc/arm-none-eabi/13.2.1/../../../../arm-none-eabi/lib/thumb/v7e-m/nofp/libc_nano.a(libc_a-fwalk.o)
                              /opt/gcc-arm-none-eabi/bin/../lib/gcc/arm-none-eabi/13.2.1/../../../../arm-none-eabi/lib/thumb/v7e-m/nofp/libc_nano.a(libc_a-findfp.o) (_fwalk_sglue)
/opt/gcc-arm-none-eabi/bin/../lib/gcc/arm-none-eabi/13.2.1/../../../../arm-none-eabi/lib/thumb/v7e-m/nofp/libc_nano.a(libc_a-memset.o)
                              /opt/gcc-arm-none-eabi/bin/../lib/gcc/arm-none-eabi/13.2.1/../../../../arm-none-eabi/lib/thumb/v7e-m/nofp/crt0.o (memset)
/opt/gcc-arm-none-eabi/bin/../lib/gcc/arm-none-eabi/13.2.1/../../../../arm-none-eabi/lib/thumb/v7e-m/nofp/libc_nano.a(libm_a-sf_nan.o)
                              /opt/gcc-arm-none-eabi/bin/../lib/gcc/arm-none-eabi/13.2.1/../../../../arm-none-eabi/lib/thumb/v7e-m/nofp/libc_nano.a(libc_a-nano-vfscanf_float.o) (nanf)
[...]
Memory Configuration

Name             Origin             Length             Attributes
RAM              0x20000000         0x00018000         xrw
FLASH            0x08000000         0x00080000         xr
*default*        0x00000000         0xffffffff

Linker script and memory map

LOAD /opt/gcc-arm-none-eabi/bin/../lib/gcc/arm-none-eabi/13.2.1/thumb/v7e-m/nofp/crti.o
LOAD /opt/gcc-arm-none-eabi/bin/../lib/gcc/arm-none-eabi/13.2.1/thumb/v7e-m/nofp/crtbegin.o
LOAD /opt/gcc-arm-none-eabi/bin/../lib/gcc/arm-none-eabi/13.2.1/../../../../arm-none-eabi/lib/thumb/v7e-m/nofp/crt0.o
LOAD CMakeFiles/Drone.dir/FWLIB/src/misc.c.o
LOAD CMakeFiles/Drone.dir/FWLIB/src/stm32f4xx_adc.c.o
LOAD CMakeFiles/Drone.dir/FWLIB/src/stm32f4xx_can.c.o
LOAD CMakeFiles/Drone.dir/FWLIB/src/stm32f4xx_cec.c.o
LOAD CMakeFiles/Drone.dir/FWLIB/src/stm32f4xx_crc.c.o
LOAD CMakeFiles/Drone.dir/FWLIB/src/stm32f4xx_cryp.c.o
LOAD CMakeFiles/Drone.dir/FWLIB/src/stm32f4xx_cryp_aes.c.o
LOAD CMakeFiles/Drone.dir/FWLIB/src/stm32f4xx_cryp_des.c.o
LOAD CMakeFiles/Drone.dir/FWLIB/src/stm32f4xx_cryp_tdes.c.o
LOAD CMakeFiles/Drone.dir/FWLIB/src/stm32f4xx_dac.c.o
LOAD CMakeFiles/Drone.dir/FWLIB/src/stm32f4xx_dbgmcu.c.o
LOAD CMakeFiles/Drone.dir/FWLIB/src/stm32f4xx_dcmi.c.o
LOAD CMakeFiles/Drone.dir/FWLIB/src/stm32f4xx_dfsdm.c.o
LOAD CMakeFiles/Drone.dir/FWLIB/src/stm32f4xx_dma.c.o
LOAD CMakeFiles/Drone.dir/FWLIB/src/stm32f4xx_dma2d.c.o
LOAD CMakeFiles/Drone.dir/FWLIB/src/stm32f4xx_dsi.c.o
LOAD CMakeFiles/Drone.dir/FWLIB/src/stm32f4xx_exti.c.o
LOAD CMakeFiles/Drone.dir/FWLIB/src/stm32f4xx_flash.c.o
LOAD CMakeFiles/Drone.dir/FWLIB/src/stm32f4xx_flash_ramfunc.c.o
LOAD CMakeFiles/Drone.dir/FWLIB/src/stm32f4xx_fmpi2c.c.o
LOAD CMakeFiles/Drone.dir/FWLIB/src/stm32f4xx_gpio.c.o
LOAD CMakeFiles/Drone.dir/FWLIB/src/stm32f4xx_hash.c.o
LOAD CMakeFiles/Drone.dir/FWLIB/src/stm32f4xx_hash_md5.c.o
LOAD CMakeFiles/Drone.dir/FWLIB/src/stm32f4xx_hash_sha1.c.o
LOAD CMakeFiles/Drone.dir/FWLIB/src/stm32f4xx_i2c.c.o
LOAD CMakeFiles/Drone.dir/FWLIB/src/stm32f4xx_iwdg.c.o
LOAD CMakeFiles/Drone.dir/FWLIB/src/stm32f4xx_lptim.c.o
LOAD CMakeFiles/Drone.dir/FWLIB/src/stm32f4xx_ltdc.c.o
LOAD CMakeFiles/Drone.dir/FWLIB/src/stm32f4xx_pwr.c.o
LOAD CMakeFiles/Drone.dir/FWLIB/src/stm32f4xx_qspi.c.o
LOAD CMakeFiles/Drone.dir/FWLIB/src/stm32f4xx_rcc.c.o
LOAD CMakeFiles/Drone.dir/FWLIB/src/stm32f4xx_rng.c.o
LOAD CMakeFiles/Drone.dir/FWLIB/src/stm32f4xx_rtc.c.o
LOAD CMakeFiles/Drone.dir/FWLIB/src/stm32f4xx_sai.c.o
LOAD CMakeFiles/Drone.dir/FWLIB/src/stm32f4xx_sdio.c.o
LOAD CMakeFiles/Drone.dir/FWLIB/src/stm32f4xx_spdifrx.c.o
LOAD CMakeFiles/Drone.dir/FWLIB/src/stm32f4xx_spi.c.o
LOAD CMakeFiles/Drone.dir/FWLIB/src/stm32f4xx_syscfg.c.o
LOAD CMakeFiles/Drone.dir/FWLIB/src/stm32f4xx_tim.c.o
LOAD CMakeFiles/Drone.dir/FWLIB/src/stm32f4xx_usart.c.o
LOAD CMakeFiles/Drone.dir/FWLIB/src/stm32f4xx_wwdg.c.o
LOAD CMakeFiles/Drone.dir/HARDWARE/src/HMC5883L.c.o
LOAD CMakeFiles/Drone.dir/HARDWARE/src/MPU.c.o
LOAD CMakeFiles/Drone.dir/HARDWARE/src/Moter.c.o
LOAD CMakeFiles/Drone.dir/HARDWARE/src/MyI2C.c.o
LOAD CMakeFiles/Drone.dir/HARDWARE/src/Receiver.c.o
LOAD CMakeFiles/Drone.dir/HARDWARE/src/Serial.c.o
LOAD CMakeFiles/Drone.dir/SYSTEM/src/ChangeHCLK.c.o
LOAD CMakeFiles/Drone.dir/SYSTEM/src/Delay.c.o
LOAD CMakeFiles/Drone.dir/USER/src/main.c.o
LOAD CMakeFiles/Drone.dir/USER/src/stm32f4xx_it.c.o
LOAD CMakeFiles/Drone.dir/USER/src/system_stm32f4xx.c.o
LOAD CMakeFiles/Drone.dir/os/src/app_hooks.c.o
LOAD CMakeFiles/Drone.dir/os/src/os_core.c.o
LOAD CMakeFiles/Drone.dir/os/src/os_cpu.c.o
LOAD CMakeFiles/Drone.dir/os/src/os_dbg_r.c.o
LOAD CMakeFiles/Drone.dir/os/src/os_flag.c.o
LOAD CMakeFiles/Drone.dir/os/src/os_mbox.c.o
LOAD CMakeFiles/Drone.dir/os/src/os_mem.c.o
LOAD CMakeFiles/Drone.dir/os/src/os_mutex.c.o
LOAD CMakeFiles/Drone.dir/os/src/os_q.c.o
LOAD CMakeFiles/Drone.dir/os/src/os_sem.c.o
LOAD CMakeFiles/Drone.dir/os/src/os_task.c.o
LOAD CMakeFiles/Drone.dir/os/src/os_time.c.o
LOAD CMakeFiles/Drone.dir/os/src/os_tmr.c.o
LOAD CMakeFiles/Drone.dir/CORE/startup_stm32f401xe.s.o
LOAD /opt/gcc-arm-none-eabi/bin/../lib/gcc/arm-none-eabi/13.2.1/../../../../arm-none-eabi/lib/thumb/v7e-m/nofp/libc_nano.a
LOAD /opt/gcc-arm-none-eabi/bin/../lib/gcc/arm-none-eabi/13.2.1/../../../../arm-none-eabi/lib/thumb/v7e-m/nofp/libm.a
START GROUP
LOAD /opt/gcc-arm-none-eabi/bin/../lib/gcc/arm-none-eabi/13.2.1/thumb/v7e-m/nofp/libgcc.a
LOAD /opt/gcc-arm-none-eabi/bin/../lib/gcc/arm-none-eabi/13.2.1/../../../../arm-none-eabi/lib/thumb/v7e-m/nofp/libg_nano.a
LOAD /opt/gcc-arm-none-eabi/bin/../lib/gcc/arm-none-eabi/13.2.1/../../../../arm-none-eabi/lib/thumb/v7e-m/nofp/libc_nano.a
END GROUP
START GROUP
LOAD /opt/gcc-arm-none-eabi/bin/../lib/gcc/arm-none-eabi/13.2.1/thumb/v7e-m/nofp/libgcc.a
LOAD /opt/gcc-arm-none-eabi/bin/../lib/gcc/arm-none-eabi/13.2.1/../../../../arm-none-eabi/lib/thumb/v7e-m/nofp/libc_nano.a
LOAD /opt/gcc-arm-none-eabi/bin/../lib/gcc/arm-none-eabi/13.2.1/../../../../arm-none-eabi/lib/thumb/v7e-m/nofp/libnosys.a
END GROUP
START GROUP
LOAD /opt/gcc-arm-none-eabi/bin/../lib/gcc/arm-none-eabi/13.2.1/thumb/v7e-m/nofp/libgcc.a
LOAD /opt/gcc-arm-none-eabi/bin/../lib/gcc/arm-none-eabi/13.2.1/../../../../arm-none-eabi/lib/thumb/v7e-m/nofp/libc_nano.a
LOAD /opt/gcc-arm-none-eabi/bin/../lib/gcc/arm-none-eabi/13.2.1/../../../../arm-none-eabi/lib/thumb/v7e-m/nofp/libnosys.a
END GROUP
LOAD /opt/gcc-arm-none-eabi/bin/../lib/gcc/arm-none-eabi/13.2.1/thumb/v7e-m/nofp/crtend.o
LOAD /opt/gcc-arm-none-eabi/bin/../lib/gcc/arm-none-eabi/13.2.1/thumb/v7e-m/nofp/crtn.o
                0x20018000                        _estack = (ORIGIN (RAM) + LENGTH (RAM))
                0x00000200                        _Min_Heap_Size = 0x200
                0x00000400                        _Min_Stack_Size = 0x400

.isr_vector     0x08000000      0x194
                0x08000000                        . = ALIGN (0x4)
 *(.isr_vector)
 .isr_vector    0x08000000      0x194 CMakeFiles/Drone.dir/CORE/startup_stm32f401xe.s.o
                0x08000000                g_pfnVectors
                0x08000194                        . = ALIGN (0x4)

.text           0x080001a0     0x6120
                0x080001a0                        . = ALIGN (0x4)
 *(.text)
 .text          0x080001a0       0xa0 /opt/gcc-arm-none-eabi/bin/../lib/gcc/arm-none-eabi/13.2.1/../../../../arm-none-eabi/lib/thumb/v7e-m/nofp/libc_nano.a(libc_a-memchr.o)
                0x080001a0                memchr
 .text          0x08000240       0x10 /opt/gcc-arm-none-eabi/bin/../lib/gcc/arm-none-eabi/13.2.1/../../../../arm-none-eabi/lib/thumb/v7e-m/nofp/libc_nano.a(libc_a-strlen.o)
                0x08000240                strlen
 .text          0x08000250      0x378 /opt/gcc-arm-none-eabi/bin/../lib/gcc/arm-none-eabi/13.2.1/thumb/v7e-m/nofp/libgcc.a(_arm_addsubdf3.o)
                0x08000250                __aeabi_drsub
                0x08000258                __aeabi_dsub
                0x08000258                __subdf3
                0x0800025c                __adddf3
                0x0800025c                __aeabi_dadd
                0x080004d4                __aeabi_ui2d
                0x080004d4                __floatunsidf
                0x080004f4                __floatsidf
                0x080004f4                __aeabi_i2d
                0x08000518                __extendsfdf2
                0x08000518                __aeabi_f2d
                0x0800055c                __aeabi_ul2d
                0x0800055c                __floatundidf
                0x0800056c                __floatdidf
                0x0800056c                __aeabi_l2d
 .text          0x080005c8      0x424 /opt/gcc-arm-none-eabi/bin/../lib/gcc/arm-none-eabi/13.2.1/thumb/v7e-m/nofp/libgcc.a(_arm_muldivdf3.o)
                0x080005c8                __aeabi_dmul
                0x080005c8                __muldf3
                0x0800081c                __aeabi_ddiv
                0x0800081c                __divdf3
 .text          0x080009ec      0x110 /opt/gcc-arm-none-eabi/bin/../lib/gcc/arm-none-eabi/13.2.1/thumb/v7e-m/nofp/libgcc.a(_arm_cmpdf2.o)
                0x080009ec                __gtdf2
                0x080009ec                __gedf2
                0x080009f4                __ltdf2
                0x080009f4                __ledf2
                0x080009fc                __cmpdf2
                0x080009fc                __eqdf2
                0x080009fc                __nedf2
                0x08000a78                __aeabi_cdrcmple
                0x08000a88                __aeabi_cdcmple
                0x08000a88                __aeabi_cdcmpeq
                0x08000a98                __aeabi_dcmpeq
                0x08000aac                __aeabi_dcmplt
                0x08000ac0                __aeabi_dcmple
                0x08000ad4                __aeabi_dcmpge
                0x08000ae8                __aeabi_dcmpgt
 .text          0x08000afc       0x2c /opt/gcc-arm-none-eabi/bin/../lib/gcc/arm-none-eabi/13.2.1/thumb/v7e-m/nofp/libgcc.a(_arm_unorddf2.o)
                0x08000afc                __aeabi_dcmpun
                0x08000afc                __unorddf2
 .text          0x08000b28       0x50 /opt/gcc-arm-none-eabi/bin/../lib/gcc/arm-none-eabi/13.2.1/thumb/v7e-m/nofp/libgcc.a(_arm_fixdfsi.o)
                0x08000b28                __fixdfsi
                0x08000b28                __aeabi_d2iz
 .text          0x08000b78       0x40 /opt/gcc-arm-none-eabi/bin/../lib/gcc/arm-none-eabi/13.2.1/thumb/v7e-m/nofp/libgcc.a(_arm_fixunsdfsi.o)
                0x08000b78                __fixunsdfsi
                0x08000b78                __aeabi_d2uiz
 .text          0x08000bb8       0xa0 /opt/gcc-arm-none-eabi/bin/../lib/gcc/arm-none-eabi/13.2.1/thumb/v7e-m/nofp/libgcc.a(_arm_truncdfsf2.o)
                0x08000bb8                __aeabi_d2f
                0x08000bb8                __truncdfsf2
 .text          0x08000c58      0x21c /opt/gcc-arm-none-eabi/bin/../lib/gcc/arm-none-eabi/13.2.1/thumb/v7e-m/nofp/libgcc.a(_arm_addsubsf3.o)
                0x08000c58                __aeabi_frsub
                0x08000c60                __subsf3
                0x08000c60                __aeabi_fsub
                0x08000c64                __aeabi_fadd
                0x08000c64                __addsf3
                0x08000dc4                __aeabi_ui2f
                0x08000dc4                __floatunsisf
                0x08000dcc                __aeabi_i2f
                0x08000dcc                __floatsisf
                0x08000de8                __floatundisf
                0x08000de8                __aeabi_ul2f
                0x08000df8                __floatdisf
                0x08000df8                __aeabi_l2f
 .text          0x08000e74      0x2a0 /opt/gcc-arm-none-eabi/bin/../lib/gcc/arm-none-eabi/13.2.1/thumb/v7e-m/nofp/libgcc.a(_arm_muldivsf3.o)
                0x08000e74                __mulsf3
                0x08000e74                __aeabi_fmul
                0x08000fdc                __divsf3
                0x08000fdc                __aeabi_fdiv
 .text          0x08001114       0x4c /opt/gcc-arm-none-eabi/bin/../lib/gcc/arm-none-eabi/13.2.1/thumb/v7e-m/nofp/libgcc.a(_arm_fixsfsi.o)
                0x08001114                __fixsfsi
                0x08001114                __aeabi_f2iz
 *(.text*)
 .text.deregister_tm_clones
                0x08001160       0x1c /opt/gcc-arm-none-eabi/bin/../lib/gcc/arm-none-eabi/13.2.1/thumb/v7e-m/nofp/crtbegin.o
 .text.register_tm_clones
                0x0800117c       0x24 /opt/gcc-arm-none-eabi/bin/../lib/gcc/arm-none-eabi/13.2.1/thumb/v7e-m/nofp/crtbegin.o
 .text.__do_global_dtors_aux
                0x080011a0       0x28 /opt/gcc-arm-none-eabi/bin/../lib/gcc/arm-none-eabi/13.2.1/thumb/v7e-m/nofp/crtbegin.o
 .text.frame_dummy
                0x080011c8       0x24 /opt/gcc-arm-none-eabi/bin/../lib/gcc/arm-none-eabi/13.2.1/thumb/v7e-m/nofp/crtbegin.o
 .text.HMC5883L_WriteReg
                0x080011ec       0x30 CMakeFiles/Drone.dir/HARDWARE/src/HMC5883L.c.o
                0x080011ec                HMC5883L_WriteReg
 .text.HMC5883L_ReadTwoReg
                0x0800121c       0x50 CMakeFiles/Drone.dir/HARDWARE/src/HMC5883L.c.o
                0x0800121c                HMC5883L_ReadTwoReg
 .text.HMC5883L_Init
                0x0800126c       0x22 CMakeFiles/Drone.dir/HARDWARE/src/HMC5883L.c.o
                0x0800126c                HMC5883L_Init
 .text.HMC5883L_GetData
                0x0800128e       0x1e CMakeFiles/Drone.dir/HARDWARE/src/HMC5883L.c.o
                0x0800128e                HMC5883L_GetData
 .text.MPU6050_WriteReg
                0x080012ac       0x30 CMakeFiles/Drone.dir/HARDWARE/src/MPU.c.o
                0x080012ac                MPU6050_WriteReg
 .text.MPU6050_ReadTwoReg
                0x080012dc       0x50 CMakeFiles/Drone.dir/HARDWARE/src/MPU.c.o
                0x080012dc                MPU6050_ReadTwoReg
 .text.MPU6050_Init
                0x0800132c       0x4a CMakeFiles/Drone.dir/HARDWARE/src/MPU.c.o
                0x0800132c                MPU6050_Init
 .text.MPU6050_GetData
                0x08001376       0x36 CMakeFiles/Drone.dir/HARDWARE/src/MPU.c.o
                0x08001376                MPU6050_GetData
 .text.ChangeDutyCycle
                0x080013ac       0x34 CMakeFiles/Drone.dir/HARDWARE/src/Moter.c.o
                0x080013ac                ChangeDutyCycle
 .text.PWM_Init
                0x080013e0       0xe8 CMakeFiles/Drone.dir/HARDWARE/src/Moter.c.o
                0x080013e0                PWM_Init
 .text.ChangeAccelrator
                0x080014c8       0x48 CMakeFiles/Drone.dir/HARDWARE/src/Moter.c.o
                0x080014c8                ChangeAccelrator
 .text.MyI2C_W_SCL
                0x08001510       0x1c CMakeFiles/Drone.dir/HARDWARE/src/MyI2C.c.o
                0x08001510                MyI2C_W_SCL
 .text.MyI2C_W_SDA
                0x0800152c       0x1c CMakeFiles/Drone.dir/HARDWARE/src/MyI2C.c.o
                0x0800152c                MyI2C_W_SDA
 .text.MyI2C_R_SDA
                0x08001548       0x18 CMakeFiles/Drone.dir/HARDWARE/src/MyI2C.c.o
                0x08001548                MyI2C_R_SDA
 .text.MyI2C_Init
                0x08001560       0x50 CMakeFiles/Drone.dir/HARDWARE/src/MyI2C.c.o
                0x08001560                MyI2C_Init
 .text.MyI2C_Start
                0x080015b0       0x1e CMakeFiles/Drone.dir/HARDWARE/src/MyI2C.c.o
                0x080015b0                MyI2C_Start
 .text.MyI2C_Stop
                0x080015ce       0x18 CMakeFiles/Drone.dir/HARDWARE/src/MyI2C.c.o
                0x080015ce                MyI2C_Stop
 .text.MyI2C_SendByte
                0x080015e6       0x26 CMakeFiles/Drone.dir/HARDWARE/src/MyI2C.c.o
                0x080015e6                MyI2C_SendByte
 .text.MyI2C_ReceiveByte
                0x0800160c       0x3a CMakeFiles/Drone.dir/HARDWARE/src/MyI2C.c.o
                0x0800160c                MyI2C_ReceiveByte
 .text.MyI2C_SendAck
                0x08001646       0x16 CMakeFiles/Drone.dir/HARDWARE/src/MyI2C.c.o
                0x08001646                MyI2C_SendAck
 .text.MyI2C_ReceiveAck
                0x0800165c       0x1e CMakeFiles/Drone.dir/HARDWARE/src/MyI2C.c.o
                0x0800165c                MyI2C_ReceiveAck
 *fill*         0x0800167a        0x2 
 .text.Receiver_Init
                0x0800167c       0xbc CMakeFiles/Drone.dir/HARDWARE/src/Receiver.c.o
                0x0800167c                Receiver_Init
 .text.TIM1_CC_IRQHandler
                0x08001738       0x4c CMakeFiles/Drone.dir/HARDWARE/src/Receiver.c.o
                0x08001738                TIM1_CC_IRQHandler
 .text.Serial_Init
                0x08001784       0xd4 CMakeFiles/Drone.dir/HARDWARE/src/Serial.c.o
                0x08001784                Serial_Init
 .text.Serial_SendByte
                0x08001858       0x10 CMakeFiles/Drone.dir/HARDWARE/src/Serial.c.o
                0x08001858                Serial_SendByte
 .text.Serial_SendArray
                0x08001868       0x16 CMakeFiles/Drone.dir/HARDWARE/src/Serial.c.o
                0x08001868                Serial_SendArray
 .text.Serial_SendNumber
                0x0800187e       0x32 CMakeFiles/Drone.dir/HARDWARE/src/Serial.c.o
                0x0800187e                Serial_SendNumber
 .text.USART1_IRQHandler
                0x080018b0       0x34 CMakeFiles/Drone.dir/HARDWARE/src/Serial.c.o
                0x080018b0                USART1_IRQHandler
 .text.Delay_us
                0x080018e4       0x1e CMakeFiles/Drone.dir/SYSTEM/src/Delay.c.o
                0x080018e4                Delay_us
 *fill*         0x08001902        0x2 
 .text.TimingDelay_Decrement
                0x08001904       0x14 CMakeFiles/Drone.dir/SYSTEM/src/Delay.c.o
                0x08001904                TimingDelay_Decrement
 .text.startup.main
                0x08001918       0xd4 CMakeFiles/Drone.dir/USER/src/main.c.o
                0x08001918                main
 .text.NMI_Handler
                0x080019ec        0x2 CMakeFiles/Drone.dir/USER/src/stm32f4xx_it.c.o
                0x080019ec                NMI_Handler
 .text.HardFault_Handler
                0x080019ee        0x2 CMakeFiles/Drone.dir/USER/src/stm32f4xx_it.c.o
                0x080019ee                HardFault_Handler
 .text.MemManage_Handler
                0x080019f0        0x2 CMakeFiles/Drone.dir/USER/src/stm32f4xx_it.c.o
                0x080019f0                MemManage_Handler
 .text.BusFault_Handler
                0x080019f2        0x2 CMakeFiles/Drone.dir/USER/src/stm32f4xx_it.c.o
                0x080019f2                BusFault_Handler
 .text.UsageFault_Handler
                0x080019f4        0x2 CMakeFiles/Drone.dir/USER/src/stm32f4xx_it.c.o
                0x080019f4                UsageFault_Handler
 .text.SVC_Handler
                0x080019f6        0x2 CMakeFiles/Drone.dir/USER/src/stm32f4xx_it.c.o
                0x080019f6                SVC_Handler
 .text.DebugMon_Handler
                0x080019f8        0x2 CMakeFiles/Drone.dir/USER/src/stm32f4xx_it.c.o
                0x080019f8                DebugMon_Handler
 .text.SysTick_Handler
                0x080019fa        0x4 CMakeFiles/Drone.dir/USER/src/stm32f4xx_it.c.o
                0x080019fa                SysTick_Handler
 *fill*         0x080019fe        0x2 
 .text.SystemInit
                0x08001a00       0xe0 CMakeFiles/Drone.dir/USER/src/system_stm32f4xx.c.o
                0x08001a00                SystemInit
 .text.Reset_Handler
                0x08001ae0       0x50 CMakeFiles/Drone.dir/CORE/startup_stm32f401xe.s.o
                0x08001ae0                Reset_Handler
 .text.Default_Handler
                0x08001b30        0x2 CMakeFiles/Drone.dir/CORE/startup_stm32f401xe.s.o
                0x08001b30                RTC_Alarm_IRQHandler
                0x08001b30                EXTI2_IRQHandler
                0x08001b30                SPI4_IRQHandler
                0x08001b30                DMA2_Stream5_IRQHandler
                0x08001b30                DMA1_Stream5_IRQHandler
                0x08001b30                PVD_IRQHandler
                0x08001b30                SDIO_IRQHandler
                0x08001b30                TAMP_STAMP_IRQHandler
                0x08001b30                PendSV_Handler
                0x08001b30                EXTI3_IRQHandler
                0x08001b30                TIM1_UP_TIM10_IRQHandler
                0x08001b30                I2C3_ER_IRQHandler
                0x08001b30                EXTI0_IRQHandler
                0x08001b30                I2C2_EV_IRQHandler
                0x08001b30                DMA1_Stream2_IRQHandler
                0x08001b30                FPU_IRQHandler
                0x08001b30                DMA2_Stream2_IRQHandler
                0x08001b30                SPI1_IRQHandler
                0x08001b30                TIM1_BRK_TIM9_IRQHandler
                0x08001b30                DMA2_Stream3_IRQHandler
                0x08001b30                USART6_IRQHandler
                0x08001b30                DMA2_Stream0_IRQHandler
                0x08001b30                TIM4_IRQHandler
                0x08001b30                I2C1_EV_IRQHandler
                0x08001b30                DMA1_Stream6_IRQHandler
                0x08001b30                DMA1_Stream1_IRQHandler
                0x08001b30                TIM3_IRQHandler
                0x08001b30                RCC_IRQHandler
                0x08001b30                Default_Handler
                0x08001b30                EXTI15_10_IRQHandler
                0x08001b30                ADC_IRQHandler
                0x08001b30                DMA1_Stream7_IRQHandler
                0x08001b30                TIM5_IRQHandler
                0x08001b30                DMA2_Stream7_IRQHandler
                0x08001b30                I2C3_EV_IRQHandler
                0x08001b30                EXTI9_5_IRQHandler
                0x08001b30                RTC_WKUP_IRQHandler
                0x08001b30                SPI2_IRQHandler
                0x08001b30                DMA1_Stream0_IRQHandler
                0x08001b30                EXTI4_IRQHandler
                0x08001b30                WWDG_IRQHandler
                0x08001b30                TIM2_IRQHandler
                0x08001b30                OTG_FS_WKUP_IRQHandler
                0x08001b30                TIM1_TRG_COM_TIM11_IRQHandler
                0x08001b30                EXTI1_IRQHandler
                0x08001b30                USART2_IRQHandler
                0x08001b30                I2C2_ER_IRQHandler
                0x08001b30                DMA2_Stream1_IRQHandler
                0x08001b30                FLASH_IRQHandler
                0x08001b30                DMA2_Stream4_IRQHandler
                0x08001b30                OTG_FS_IRQHandler
                0x08001b30                SPI3_IRQHandler
                0x08001b30                DMA1_Stream4_IRQHandler
                0x08001b30                I2C1_ER_IRQHandler
                0x08001b30                DMA2_Stream6_IRQHandler
                0x08001b30                DMA1_Stream3_IRQHandler
 *fill*         0x08001b32        0x2 
 .text.__libc_init_array
                0x08001b34       0x48 /opt/gcc-arm-none-eabi/bin/../lib/gcc/arm-none-eabi/13.2.1/../../../../arm-none-eabi/lib/thumb/v7e-m/nofp/libc_nano.a(libc_a-init.o)
                0x08001b34                __libc_init_array
 .text.__cvt    0x08001b7c       0xc8 /opt/gcc-arm-none-eabi/bin/../lib/gcc/arm-none-eabi/13.2.1/../../../../arm-none-eabi/lib/thumb/v7e-m/nofp/libc_nano.a(libc_a-nano-vfprintf_float.o)
                0x08001b7c                __cvt
 .text.__exponent
                0x08001c44       0x74 /opt/gcc-arm-none-eabi/bin/../lib/gcc/arm-none-eabi/13.2.1/../../../../arm-none-eabi/lib/thumb/v7e-m/nofp/libc_nano.a(libc_a-nano-vfprintf_float.o)
                0x08001c44                __exponent
 .text._printf_float
                0x08001cb8      0x458 /opt/gcc-arm-none-eabi/bin/../lib/gcc/arm-none-eabi/13.2.1/../../../../arm-none-eabi/lib/thumb/v7e-m/nofp/libc_nano.a(libc_a-nano-vfprintf_float.o)
                0x08001cb8                _printf_float
 .text._printf_common
                0x08002110       0xda /opt/gcc-arm-none-eabi/bin/../lib/gcc/arm-none-eabi/13.2.1/../../../../arm-none-eabi/lib/thumb/v7e-m/nofp/libc_nano.a(libc_a-nano-vfprintf_i.o)
                0x08002110                _printf_common
 *fill*         0x080021ea        0x2 
 .text._printf_i
                0x080021ec      0x23c /opt/gcc-arm-none-eabi/bin/../lib/gcc/arm-none-eabi/13.2.1/../../../../arm-none-eabi/lib/thumb/v7e-m/nofp/libc_nano.a(libc_a-nano-vfprintf_i.o)
                0x080021ec                _printf_i
 .text._scanf_float
                0x08002428      0x41c /opt/gcc-arm-none-eabi/bin/../lib/gcc/arm-none-eabi/13.2.1/../../../../arm-none-eabi/lib/thumb/v7e-m/nofp/libc_nano.a(libc_a-nano-vfscanf_float.o)
                0x08002428                _scanf_float
 .text.memcpy   0x08002844       0x1c /opt/gcc-arm-none-eabi/bin/../lib/gcc/arm-none-eabi/13.2.1/../../../../arm-none-eabi/lib/thumb/v7e-m/nofp/libc_nano.a(libc_a-memcpy-stub.o)
                0x08002844                memcpy
 .text.std      0x08002860       0x6c /opt/gcc-arm-none-eabi/bin/../lib/gcc/arm-none-eabi/13.2.1/../../../../arm-none-eabi/lib/thumb/v7e-m/nofp/libc_nano.a(libc_a-findfp.o)
 .text.stdio_exit_handler
                0x080028cc       0x18 /opt/gcc-arm-none-eabi/bin/../lib/gcc/arm-none-eabi/13.2.1/../../../../arm-none-eabi/lib/thumb/v7e-m/nofp/libc_nano.a(libc_a-findfp.o)
 .text.cleanup_stdio
                0x080028e4       0x40 /opt/gcc-arm-none-eabi/bin/../lib/gcc/arm-none-eabi/13.2.1/../../../../arm-none-eabi/lib/thumb/v7e-m/nofp/libc_nano.a(libc_a-findfp.o)
 .text.global_stdio_init.part.0
                0x08002924       0x3c /opt/gcc-arm-none-eabi/bin/../lib/gcc/arm-none-eabi/13.2.1/../../../../arm-none-eabi/lib/thumb/v7e-m/nofp/libc_nano.a(libc_a-findfp.o)
 .text.__sfp_lock_acquire
                0x08002960        0xc /opt/gcc-arm-none-eabi/bin/../lib/gcc/arm-none-eabi/13.2.1/../../../../arm-none-eabi/lib/thumb/v7e-m/nofp/libc_nano.a(libc_a-findfp.o)
                0x08002960                __sfp_lock_acquire
 .text.__sfp_lock_release
                0x0800296c        0xc /opt/gcc-arm-none-eabi/bin/../lib/gcc/arm-none-eabi/13.2.1/../../../../arm-none-eabi/lib/thumb/v7e-m/nofp/libc_nano.a(libc_a-findfp.o)
                0x0800296c                __sfp_lock_release
 .text.__sinit  0x08002978       0x30 /opt/gcc-arm-none-eabi/bin/../lib/gcc/arm-none-eabi/13.2.1/../../../../arm-none-eabi/lib/thumb/v7e-m/nofp/libc_nano.a(libc_a-findfp.o)
                0x08002978                __sinit
 .text.sprintf  0x080029a8       0x40 /opt/gcc-arm-none-eabi/bin/../lib/gcc/arm-none-eabi/13.2.1/../../../../arm-none-eabi/lib/thumb/v7e-m/nofp/libc_nano.a(libc_a-sprintf.o)
                0x080029a8                sprintf
                0x080029a8                siprintf
 .text.__sread  0x080029e8       0x22 /opt/gcc-arm-none-eabi/bin/../lib/gcc/arm-none-eabi/13.2.1/../../../../arm-none-eabi/lib/thumb/v7e-m/nofp/libc_nano.a(libc_a-stdio.o)
                0x080029e8                __sread
 .text.__swrite
                0x08002a0a       0x38 /opt/gcc-arm-none-eabi/bin/../lib/gcc/arm-none-eabi/13.2.1/../../../../arm-none-eabi/lib/thumb/v7e-m/nofp/libc_nano.a(libc_a-stdio.o)
                0x08002a0a                __swrite
 .text.__sseek  0x08002a42       0x24 /opt/gcc-arm-none-eabi/bin/../lib/gcc/arm-none-eabi/13.2.1/../../../../arm-none-eabi/lib/thumb/v7e-m/nofp/libc_nano.a(libc_a-stdio.o)
                0x08002a42                __sseek
 .text.__sclose
                0x08002a66        0x8 /opt/gcc-arm-none-eabi/bin/../lib/gcc/arm-none-eabi/13.2.1/../../../../arm-none-eabi/lib/thumb/v7e-m/nofp/libc_nano.a(libc_a-stdio.o)
                0x08002a66                __sclose
 .text.quorem   0x08002a6e      0x110 /opt/gcc-arm-none-eabi/bin/../lib/gcc/arm-none-eabi/13.2.1/../../../../arm-none-eabi/lib/thumb/v7e-m/nofp/libc_nano.a(libc_a-dtoa.o)
 *fill*         0x08002b7e        0x2 
 .text._dtoa_r  0x08002b80      0xb7c /opt/gcc-arm-none-eabi/bin/../lib/gcc/arm-none-eabi/13.2.1/../../../../arm-none-eabi/lib/thumb/v7e-m/nofp/libc_nano.a(libc_a-dtoa.o)
                0x08002b80                _dtoa_r
 .text._read_r  0x080036fc       0x24 /opt/gcc-arm-none-eabi/bin/../lib/gcc/arm-none-eabi/13.2.1/../../../../arm-none-eabi/lib/thumb/v7e-m/nofp/libc_nano.a(libc_a-readr.o)
                0x080036fc                _read_r
 .text._write_r
                0x08003720       0x24 /opt/gcc-arm-none-eabi/bin/../lib/gcc/arm-none-eabi/13.2.1/../../../../arm-none-eabi/lib/thumb/v7e-m/nofp/libc_nano.a(libc_a-writer.o)
                0x08003720                _write_r
 .text._fwalk_sglue
                0x08003744       0x3c /opt/gcc-arm-none-eabi/bin/../lib/gcc/arm-none-eabi/13.2.1/../../../../arm-none-eabi/lib/thumb/v7e-m/nofp/libc_nano.a(libc_a-fwalk.o)
                0x08003744                _fwalk_sglue
 .text.memset   0x08003780       0x10 /opt/gcc-arm-none-eabi/bin/../lib/gcc/arm-none-eabi/13.2.1/../../../../arm-none-eabi/lib/thumb/v7e-m/nofp/libc_nano.a(libc_a-memset.o)
                0x08003780                memset
 .text.nanf     0x08003790        0x8 /opt/gcc-arm-none-eabi/bin/../lib/gcc/arm-none-eabi/13.2.1/../../../../arm-none-eabi/lib/thumb/v7e-m/nofp/libc_nano.a(libm_a-sf_nan.o)
                0x08003790                nanf
 .text.sulp     0x08003798       0x42 /opt/gcc-arm-none-eabi/bin/../lib/gcc/arm-none-eabi/13.2.1/../../../../arm-none-eabi/lib/thumb/v7e-m/nofp/libc_nano.a(libc_a-strtod.o)
 *fill*         0x080037da        0x6 
 .text._strtod_l
                0x080037e0      0xba8 /opt/gcc-arm-none-eabi/bin/../lib/gcc/arm-none-eabi/13.2.1/../../../../arm-none-eabi/lib/thumb/v7e-m/nofp/libc_nano.a(libc_a-strtod.o)
                0x080037e0                _strtod_l
 .text._strtod_r
                0x08004388        0xc /opt/gcc-arm-none-eabi/bin/../lib/gcc/arm-none-eabi/13.2.1/../../../../arm-none-eabi/lib/thumb/v7e-m/nofp/libc_nano.a(libc_a-strtod.o)
                0x08004388                _strtod_r
 .text._strtol_l.isra.0
                0x08004394       0xf4 /opt/gcc-arm-none-eabi/bin/../lib/gcc/arm-none-eabi/13.2.1/../../../../arm-none-eabi/lib/thumb/v7e-m/nofp/libc_nano.a(libc_a-strtol.o)
 .text._strtol_r
                0x08004488        0x4 /opt/gcc-arm-none-eabi/bin/../lib/gcc/arm-none-eabi/13.2.1/../../../../arm-none-eabi/lib/thumb/v7e-m/nofp/libc_nano.a(libc_a-strtol.o)
                0x08004488                _strtol_r
 .text.rshift   0x0800448c       0xa4 /opt/gcc-arm-none-eabi/bin/../lib/gcc/arm-none-eabi/13.2.1/../../../../arm-none-eabi/lib/thumb/v7e-m/nofp/libc_nano.a(libc_a-gdtoa-gethex.o)
 .text.__hexdig_fun
                0x08004530       0x2a /opt/gcc-arm-none-eabi/bin/../lib/gcc/arm-none-eabi/13.2.1/../../../../arm-none-eabi/lib/thumb/v7e-m/nofp/libc_nano.a(libc_a-gdtoa-gethex.o)
                0x08004530                __hexdig_fun
 *fill*         0x0800455a        0x2 
 .text.__gethex
                0x0800455c      0x420 /opt/gcc-arm-none-eabi/bin/../lib/gcc/arm-none-eabi/13.2.1/../../../../arm-none-eabi/lib/thumb/v7e-m/nofp/libc_nano.a(libc_a-gdtoa-gethex.o)
                0x0800455c                __gethex
 .text.L_shift  0x0800497c       0x24 /opt/gcc-arm-none-eabi/bin/../lib/gcc/arm-none-eabi/13.2.1/../../../../arm-none-eabi/lib/thumb/v7e-m/nofp/libc_nano.a(libc_a-gdtoa-hexnan.o)
 .text.__match  0x080049a0       0x28 /opt/gcc-arm-none-eabi/bin/../lib/gcc/arm-none-eabi/13.2.1/../../../../arm-none-eabi/lib/thumb/v7e-m/nofp/libc_nano.a(libc_a-gdtoa-hexnan.o)
                0x080049a0                __match
 .text.__hexnan
                0x080049c8      0x136 /opt/gcc-arm-none-eabi/bin/../lib/gcc/arm-none-eabi/13.2.1/../../../../arm-none-eabi/lib/thumb/v7e-m/nofp/libc_nano.a(libc_a-gdtoa-hexnan.o)
                0x080049c8                __hexnan
 .text.__retarget_lock_init_recursive
                0x08004afe        0x2 /opt/gcc-arm-none-eabi/bin/../lib/gcc/arm-none-eabi/13.2.1/../../../../arm-none-eabi/lib/thumb/v7e-m/nofp/libc_nano.a(libc_a-lock.o)
                0x08004afe                __retarget_lock_init_recursive
 .text.__retarget_lock_acquire_recursive
                0x08004b00        0x2 /opt/gcc-arm-none-eabi/bin/../lib/gcc/arm-none-eabi/13.2.1/../../../../arm-none-eabi/lib/thumb/v7e-m/nofp/libc_nano.a(libc_a-lock.o)
                0x08004b00                __retarget_lock_acquire_recursive
 .text.__retarget_lock_release_recursive
                0x08004b02        0x2 /opt/gcc-arm-none-eabi/bin/../lib/gcc/arm-none-eabi/13.2.1/../../../../arm-none-eabi/lib/thumb/v7e-m/nofp/libc_nano.a(libc_a-lock.o)
                0x08004b02                __retarget_lock_release_recursive
 .text._localeconv_r
                0x08004b04        0x8 /opt/gcc-arm-none-eabi/bin/../lib/gcc/arm-none-eabi/13.2.1/../../../../arm-none-eabi/lib/thumb/v7e-m/nofp/libc_nano.a(libc_a-localeconv.o)
                0x08004b04                _localeconv_r
 .text.__ssputs_r
                0x08004b0c       0xb6 /opt/gcc-arm-none-eabi/bin/../lib/gcc/arm-none-eabi/13.2.1/../../../../arm-none-eabi/lib/thumb/v7e-m/nofp/libc_nano.a(libc_a-nano-svfprintf.o)
                0x08004b0c                __ssputs_r
 *fill*         0x08004bc2        0x2 
 .text._svfprintf_r
                0x08004bc4      0x1f8 /opt/gcc-arm-none-eabi/bin/../lib/gcc/arm-none-eabi/13.2.1/../../../../arm-none-eabi/lib/thumb/v7e-m/nofp/libc_nano.a(libc_a-nano-svfprintf.o)
                0x08004bc4                _svfprintf_r
                0x08004bc4                _svfiprintf_r
 .text.__ascii_wctomb
                0x08004dbc       0x1a /opt/gcc-arm-none-eabi/bin/../lib/gcc/arm-none-eabi/13.2.1/../../../../arm-none-eabi/lib/thumb/v7e-m/nofp/libc_nano.a(libc_a-wctomb_r.o)
                0x08004dbc                __ascii_wctomb
 *fill*         0x08004dd6        0x2 
 .text._close_r
                0x08004dd8       0x20 /opt/gcc-arm-none-eabi/bin/../lib/gcc/arm-none-eabi/13.2.1/../../../../arm-none-eabi/lib/thumb/v7e-m/nofp/libc_nano.a(libc_a-closer.o)
                0x08004dd8                _close_r
 .text.__sflush_r
                0x08004df8      0x100 /opt/gcc-arm-none-eabi/bin/../lib/gcc/arm-none-eabi/13.2.1/../../../../arm-none-eabi/lib/thumb/v7e-m/nofp/libc_nano.a(libc_a-fflush.o)
                0x08004df8                __sflush_r
 .text._fflush_r
                0x08004ef8       0x50 /opt/gcc-arm-none-eabi/bin/../lib/gcc/arm-none-eabi/13.2.1/../../../../arm-none-eabi/lib/thumb/v7e-m/nofp/libc_nano.a(libc_a-fflush.o)
                0x08004ef8                _fflush_r
 .text.malloc   0x08004f48       0x10 /opt/gcc-arm-none-eabi/bin/../lib/gcc/arm-none-eabi/13.2.1/../../../../arm-none-eabi/lib/thumb/v7e-m/nofp/libc_nano.a(libc_a-malloc.o)
                0x08004f48                malloc
 .text.sbrk_aligned
                0x08004f58       0x44 /opt/gcc-arm-none-eabi/bin/../lib/gcc/arm-none-eabi/13.2.1/../../../../arm-none-eabi/lib/thumb/v7e-m/nofp/libc_nano.a(libc_a-mallocr.o)
 .text._malloc_r
                0x08004f9c      0x100 /opt/gcc-arm-none-eabi/bin/../lib/gcc/arm-none-eabi/13.2.1/../../../../arm-none-eabi/lib/thumb/v7e-m/nofp/libc_nano.a(libc_a-mallocr.o)
                0x08004f9c                _malloc_r
 .text.__ascii_mbtowc
                0x0800509c       0x24 /opt/gcc-arm-none-eabi/bin/../lib/gcc/arm-none-eabi/13.2.1/../../../../arm-none-eabi/lib/thumb/v7e-m/nofp/libc_nano.a(libc_a-mbtowc_r.o)
                0x0800509c                __ascii_mbtowc
 .text.__assert_func
                0x080050c0       0x3c /opt/gcc-arm-none-eabi/bin/../lib/gcc/arm-none-eabi/13.2.1/../../../../arm-none-eabi/lib/thumb/v7e-m/nofp/libc_nano.a(libc_a-assert.o)
                0x080050c0                __assert_func
 .text.strncmp  0x080050fc       0x24 /opt/gcc-arm-none-eabi/bin/../lib/gcc/arm-none-eabi/13.2.1/../../../../arm-none-eabi/lib/thumb/v7e-m/nofp/libc_nano.a(libc_a-strncmp.o)
                0x080050fc                strncmp
 .text._lseek_r
                0x08005120       0x24 /opt/gcc-arm-none-eabi/bin/../lib/gcc/arm-none-eabi/13.2.1/../../../../arm-none-eabi/lib/thumb/v7e-m/nofp/libc_nano.a(libc_a-lseekr.o)
                0x08005120                _lseek_r
 .text.fprintf  0x08005144       0x24 /opt/gcc-arm-none-eabi/bin/../lib/gcc/arm-none-eabi/13.2.1/../../../../arm-none-eabi/lib/thumb/v7e-m/nofp/libc_nano.a(libc_a-fprintf.o)
                0x08005144                fprintf
                0x08005144                fiprintf
 .text.__malloc_lock
                0x08005168        0xc /opt/gcc-arm-none-eabi/bin/../lib/gcc/arm-none-eabi/13.2.1/../../../../arm-none-eabi/lib/thumb/v7e-m/nofp/libc_nano.a(libc_a-mlock.o)
                0x08005168                __malloc_lock
 .text.__malloc_unlock
                0x08005174        0xc /opt/gcc-arm-none-eabi/bin/../lib/gcc/arm-none-eabi/13.2.1/../../../../arm-none-eabi/lib/thumb/v7e-m/nofp/libc_nano.a(libc_a-mlock.o)
                0x08005174                __malloc_unlock
 .text._Balloc  0x08005180       0x80 /opt/gcc-arm-none-eabi/bin/../lib/gcc/arm-none-eabi/13.2.1/../../../../arm-none-eabi/lib/thumb/v7e-m/nofp/libc_nano.a(libc_a-mprec.o)
                0x08005180                _Balloc
 .text._Bfree   0x08005200       0x44 /opt/gcc-arm-none-eabi/bin/../lib/gcc/arm-none-eabi/13.2.1/../../../../arm-none-eabi/lib/thumb/v7e-m/nofp/libc_nano.a(libc_a-mprec.o)
                0x08005200                _Bfree
 .text.__multadd
                0x08005244       0x8c /opt/gcc-arm-none-eabi/bin/../lib/gcc/arm-none-eabi/13.2.1/../../../../arm-none-eabi/lib/thumb/v7e-m/nofp/libc_nano.a(libc_a-mprec.o)
                0x08005244                __multadd
 .text.__s2b    0x080052d0       0x94 /opt/gcc-arm-none-eabi/bin/../lib/gcc/arm-none-eabi/13.2.1/../../../../arm-none-eabi/lib/thumb/v7e-m/nofp/libc_nano.a(libc_a-mprec.o)
                0x080052d0                __s2b
 .text.__hi0bits
                0x08005364       0x3e /opt/gcc-arm-none-eabi/bin/../lib/gcc/arm-none-eabi/13.2.1/../../../../arm-none-eabi/lib/thumb/v7e-m/nofp/libc_nano.a(libc_a-mprec.o)
                0x08005364                __hi0bits
 .text.__lo0bits
                0x080053a2       0x5a /opt/gcc-arm-none-eabi/bin/../lib/gcc/arm-none-eabi/13.2.1/../../../../arm-none-eabi/lib/thumb/v7e-m/nofp/libc_nano.a(libc_a-mprec.o)
                0x080053a2                __lo0bits
 .text.__i2b    0x080053fc       0x2c /opt/gcc-arm-none-eabi/bin/../lib/gcc/arm-none-eabi/13.2.1/../../../../arm-none-eabi/lib/thumb/v7e-m/nofp/libc_nano.a(libc_a-mprec.o)
                0x080053fc                __i2b
 .text.__multiply
                0x08005428      0x144 /opt/gcc-arm-none-eabi/bin/../lib/gcc/arm-none-eabi/13.2.1/../../../../arm-none-eabi/lib/thumb/v7e-m/nofp/libc_nano.a(libc_a-mprec.o)
                0x08005428                __multiply
 .text.__pow5mult
                0x0800556c       0xb4 /opt/gcc-arm-none-eabi/bin/../lib/gcc/arm-none-eabi/13.2.1/../../../../arm-none-eabi/lib/thumb/v7e-m/nofp/libc_nano.a(libc_a-mprec.o)
                0x0800556c                __pow5mult
 .text.__lshift
                0x08005620       0xd8 /opt/gcc-arm-none-eabi/bin/../lib/gcc/arm-none-eabi/13.2.1/../../../../arm-none-eabi/lib/thumb/v7e-m/nofp/libc_nano.a(libc_a-mprec.o)
                0x08005620                __lshift
 .text.__mcmp   0x080056f8       0x36 /opt/gcc-arm-none-eabi/bin/../lib/gcc/arm-none-eabi/13.2.1/../../../../arm-none-eabi/lib/thumb/v7e-m/nofp/libc_nano.a(libc_a-mprec.o)
                0x080056f8                __mcmp
 *fill*         0x0800572e        0x2 
 .text.__mdiff  0x08005730      0x124 /opt/gcc-arm-none-eabi/bin/../lib/gcc/arm-none-eabi/13.2.1/../../../../arm-none-eabi/lib/thumb/v7e-m/nofp/libc_nano.a(libc_a-mprec.o)
                0x08005730                __mdiff
 .text.__ulp    0x08005854       0x40 /opt/gcc-arm-none-eabi/bin/../lib/gcc/arm-none-eabi/13.2.1/../../../../arm-none-eabi/lib/thumb/v7e-m/nofp/libc_nano.a(libc_a-mprec.o)
                0x08005854                __ulp
 .text.__b2d    0x08005894       0x94 /opt/gcc-arm-none-eabi/bin/../lib/gcc/arm-none-eabi/13.2.1/../../../../arm-none-eabi/lib/thumb/v7e-m/nofp/libc_nano.a(libc_a-mprec.o)
                0x08005894                __b2d
 .text.__d2b    0x08005928       0xb0 /opt/gcc-arm-none-eabi/bin/../lib/gcc/arm-none-eabi/13.2.1/../../../../arm-none-eabi/lib/thumb/v7e-m/nofp/libc_nano.a(libc_a-mprec.o)
                0x08005928                __d2b
 .text.__ratio  0x080059d8       0x60 /opt/gcc-arm-none-eabi/bin/../lib/gcc/arm-none-eabi/13.2.1/../../../../arm-none-eabi/lib/thumb/v7e-m/nofp/libc_nano.a(libc_a-mprec.o)
                0x080059d8                __ratio
 .text.__copybits
                0x08005a38       0x46 /opt/gcc-arm-none-eabi/bin/../lib/gcc/arm-none-eabi/13.2.1/../../../../arm-none-eabi/lib/thumb/v7e-m/nofp/libc_nano.a(libc_a-mprec.o)
                0x08005a38                __copybits
 .text.__any_on
                0x08005a7e       0x42 /opt/gcc-arm-none-eabi/bin/../lib/gcc/arm-none-eabi/13.2.1/../../../../arm-none-eabi/lib/thumb/v7e-m/nofp/libc_nano.a(libc_a-mprec.o)
                0x08005a7e                __any_on
 .text._calloc_r
                0x08005ac0       0x28 /opt/gcc-arm-none-eabi/bin/../lib/gcc/arm-none-eabi/13.2.1/../../../../arm-none-eabi/lib/thumb/v7e-m/nofp/libc_nano.a(libc_a-callocr.o)
                0x08005ac0                _calloc_r
 .text._sbrk_r  0x08005ae8       0x20 /opt/gcc-arm-none-eabi/bin/../lib/gcc/arm-none-eabi/13.2.1/../../../../arm-none-eabi/lib/thumb/v7e-m/nofp/libc_nano.a(libc_a-sbrkr.o)
                0x08005ae8                _sbrk_r
 .text.__errno  0x08005b08        0xc /opt/gcc-arm-none-eabi/bin/../lib/gcc/arm-none-eabi/13.2.1/../../../../arm-none-eabi/lib/thumb/v7e-m/nofp/libc_nano.a(libc_a-errno.o)
                0x08005b08                __errno
 .text.memmove  0x08005b14       0x34 /opt/gcc-arm-none-eabi/bin/../lib/gcc/arm-none-eabi/13.2.1/../../../../arm-none-eabi/lib/thumb/v7e-m/nofp/libc_nano.a(libc_a-memmove.o)
                0x08005b14                memmove
 .text.nan      0x08005b48        0xc /opt/gcc-arm-none-eabi/bin/../lib/gcc/arm-none-eabi/13.2.1/../../../../arm-none-eabi/lib/thumb/v7e-m/nofp/libc_nano.a(libm_a-s_nan.o)
                0x08005b48                nan
 .text._realloc_r
                0x08005b54       0x5c /opt/gcc-arm-none-eabi/bin/../lib/gcc/arm-none-eabi/13.2.1/../../../../arm-none-eabi/lib/thumb/v7e-m/nofp/libc_nano.a(libc_a-reallocr.o)
                0x08005b54                _realloc_r
 .text._free_r  0x08005bb0       0x94 /opt/gcc-arm-none-eabi/bin/../lib/gcc/arm-none-eabi/13.2.1/../../../../arm-none-eabi/lib/thumb/v7e-m/nofp/libc_nano.a(libc_a-freer.o)
                0x08005bb0                _free_r
 .text.__sfputc_r
                0x08005c44       0x2a /opt/gcc-arm-none-eabi/bin/../lib/gcc/arm-none-eabi/13.2.1/../../../../arm-none-eabi/lib/thumb/v7e-m/nofp/libc_nano.a(libc_a-nano-vfprintf.o)
 .text.__sfputs_r
                0x08005c6e       0x24 /opt/gcc-arm-none-eabi/bin/../lib/gcc/arm-none-eabi/13.2.1/../../../../arm-none-eabi/lib/thumb/v7e-m/nofp/libc_nano.a(libc_a-nano-vfprintf.o)
                0x08005c6e                __sfputs_r
 *fill*         0x08005c92        0x2 
 .text._vfprintf_r
                0x08005c94      0x230 /opt/gcc-arm-none-eabi/bin/../lib/gcc/arm-none-eabi/13.2.1/../../../../arm-none-eabi/lib/thumb/v7e-m/nofp/libc_nano.a(libc_a-nano-vfprintf.o)
                0x08005c94                _vfiprintf_r
                0x08005c94                _vfprintf_r
 .text.__swbuf_r
                0x08005ec4       0x7c /opt/gcc-arm-none-eabi/bin/../lib/gcc/arm-none-eabi/13.2.1/../../../../arm-none-eabi/lib/thumb/v7e-m/nofp/libc_nano.a(libc_a-wbuf.o)
                0x08005ec4                __swbuf_r
 .text.__swsetup_r
                0x08005f40       0xac /opt/gcc-arm-none-eabi/bin/../lib/gcc/arm-none-eabi/13.2.1/../../../../arm-none-eabi/lib/thumb/v7e-m/nofp/libc_nano.a(libc_a-wsetup.o)
                0x08005f40                __swsetup_r
 .text.abort    0x08005fec        0xe /opt/gcc-arm-none-eabi/bin/../lib/gcc/arm-none-eabi/13.2.1/../../../../arm-none-eabi/lib/thumb/v7e-m/nofp/libc_nano.a(libc_a-abort.o)
                0x08005fec                abort
 .text._malloc_usable_size_r
                0x08005ffa       0x10 /opt/gcc-arm-none-eabi/bin/../lib/gcc/arm-none-eabi/13.2.1/../../../../arm-none-eabi/lib/thumb/v7e-m/nofp/libc_nano.a(libc_a-msizer.o)
                0x08005ffa                _malloc_usable_size_r
 .text.__swhatbuf_r
                0x0800600a       0x4c /opt/gcc-arm-none-eabi/bin/../lib/gcc/arm-none-eabi/13.2.1/../../../../arm-none-eabi/lib/thumb/v7e-m/nofp/libc_nano.a(libc_a-makebuf.o)
                0x0800600a                __swhatbuf_r
 .text.__smakebuf_r
                0x08006056       0x78 /opt/gcc-arm-none-eabi/bin/../lib/gcc/arm-none-eabi/13.2.1/../../../../arm-none-eabi/lib/thumb/v7e-m/nofp/libc_nano.a(libc_a-makebuf.o)
                0x08006056                __smakebuf_r
 .text._raise_r
                0x080060ce       0x50 /opt/gcc-arm-none-eabi/bin/../lib/gcc/arm-none-eabi/13.2.1/../../../../arm-none-eabi/lib/thumb/v7e-m/nofp/libc_nano.a(libc_a-signal.o)
                0x080060ce                _raise_r
 *fill*         0x0800611e        0x2 
 .text.raise    0x08006120       0x10 /opt/gcc-arm-none-eabi/bin/../lib/gcc/arm-none-eabi/13.2.1/../../../../arm-none-eabi/lib/thumb/v7e-m/nofp/libc_nano.a(libc_a-signal.o)
                0x08006120                raise
 .text._fstat_r
                0x08006130       0x24 /opt/gcc-arm-none-eabi/bin/../lib/gcc/arm-none-eabi/13.2.1/../../../../arm-none-eabi/lib/thumb/v7e-m/nofp/libc_nano.a(libc_a-fstatr.o)
                0x08006130                _fstat_r
 .text._isatty_r
                0x08006154       0x20 /opt/gcc-arm-none-eabi/bin/../lib/gcc/arm-none-eabi/13.2.1/../../../../arm-none-eabi/lib/thumb/v7e-m/nofp/libc_nano.a(libc_a-isattyr.o)
                0x08006154                _isatty_r
 .text._kill_r  0x08006174       0x24 /opt/gcc-arm-none-eabi/bin/../lib/gcc/arm-none-eabi/13.2.1/../../../../arm-none-eabi/lib/thumb/v7e-m/nofp/libc_nano.a(libc_a-signalr.o)
                0x08006174                _kill_r
 .text._getpid_r
                0x08006198        0x4 /opt/gcc-arm-none-eabi/bin/../lib/gcc/arm-none-eabi/13.2.1/../../../../arm-none-eabi/lib/thumb/v7e-m/nofp/libc_nano.a(libc_a-signalr.o)
                0x08006198                _getpid_r
 .text.__fixdfdi
                0x0800619c       0x30 /opt/gcc-arm-none-eabi/bin/../lib/gcc/arm-none-eabi/13.2.1/thumb/v7e-m/nofp/libgcc.a(_fixdfdi.o)
                0x0800619c                __aeabi_d2lz
                0x0800619c                __fixdfdi
 .text.__fixunsdfdi
                0x080061cc       0x3c /opt/gcc-arm-none-eabi/bin/../lib/gcc/arm-none-eabi/13.2.1/thumb/v7e-m/nofp/libgcc.a(_fixunsdfdi.o)
                0x080061cc                __aeabi_d2ulz
                0x080061cc                __fixunsdfdi
 .text._close   0x08006208       0x10 /opt/gcc-arm-none-eabi/bin/../lib/gcc/arm-none-eabi/13.2.1/../../../../arm-none-eabi/lib/thumb/v7e-m/nofp/libnosys.a(close.o)
                0x08006208                _close
 .text._fstat   0x08006218       0x10 /opt/gcc-arm-none-eabi/bin/../lib/gcc/arm-none-eabi/13.2.1/../../../../arm-none-eabi/lib/thumb/v7e-m/nofp/libnosys.a(fstat.o)
                0x08006218                _fstat
 .text._getpid  0x08006228       0x10 /opt/gcc-arm-none-eabi/bin/../lib/gcc/arm-none-eabi/13.2.1/../../../../arm-none-eabi/lib/thumb/v7e-m/nofp/libnosys.a(getpid.o)
                0x08006228                _getpid
 .text._isatty  0x08006238       0x10 /opt/gcc-arm-none-eabi/bin/../lib/gcc/arm-none-eabi/13.2.1/../../../../arm-none-eabi/lib/thumb/v7e-m/nofp/libnosys.a(isatty.o)
                0x08006238                _isatty
 .text._kill    0x08006248       0x10 /opt/gcc-arm-none-eabi/bin/../lib/gcc/arm-none-eabi/13.2.1/../../../../arm-none-eabi/lib/thumb/v7e-m/nofp/libnosys.a(kill.o)
                0x08006248                _kill
 .text._lseek   0x08006258       0x10 /opt/gcc-arm-none-eabi/bin/../lib/gcc/arm-none-eabi/13.2.1/../../../../arm-none-eabi/lib/thumb/v7e-m/nofp/libnosys.a(lseek.o)
                0x08006258                _lseek
 .text._read    0x08006268       0x10 /opt/gcc-arm-none-eabi/bin/../lib/gcc/arm-none-eabi/13.2.1/../../../../arm-none-eabi/lib/thumb/v7e-m/nofp/libnosys.a(read.o)
                0x08006268                _read
 .text._sbrk    0x08006278       0x1c /opt/gcc-arm-none-eabi/bin/../lib/gcc/arm-none-eabi/13.2.1/../../../../arm-none-eabi/lib/thumb/v7e-m/nofp/libnosys.a(sbrk.o)
                0x08006278                _sbrk
 .text._write   0x08006294       0x10 /opt/gcc-arm-none-eabi/bin/../lib/gcc/arm-none-eabi/13.2.1/../../../../arm-none-eabi/lib/thumb/v7e-m/nofp/libnosys.a(write.o)
                0x08006294                _write
 .text._exit    0x080062a4        0x4 /opt/gcc-arm-none-eabi/bin/../lib/gcc/arm-none-eabi/13.2.1/../../../../arm-none-eabi/lib/thumb/v7e-m/nofp/libnosys.a(_exit.o)
                0x080062a4                _exit
 *(.glue_7)
 .glue_7        0x080062a8        0x0 linker stubs
 *(.glue_7t)
 .glue_7t       0x080062a8        0x0 linker stubs
 *(.eh_frame)
 .eh_frame      0x080062a8        0x0 /opt/gcc-arm-none-eabi/bin/../lib/gcc/arm-none-eabi/13.2.1/thumb/v7e-m/nofp/crtbegin.o
 *(.init)
 .init          0x080062a8        0x4 /opt/gcc-arm-none-eabi/bin/../lib/gcc/arm-none-eabi/13.2.1/thumb/v7e-m/nofp/crti.o
                0x080062a8                _init
 .init          0x080062ac        0x8 /opt/gcc-arm-none-eabi/bin/../lib/gcc/arm-none-eabi/13.2.1/thumb/v7e-m/nofp/crtn.o
 *(.fini)
 .fini          0x080062b4        0x4 /opt/gcc-arm-none-eabi/bin/../lib/gcc/arm-none-eabi/13.2.1/thumb/v7e-m/nofp/crti.o
                0x080062b4                _fini
 .fini          0x080062b8        0x8 /opt/gcc-arm-none-eabi/bin/../lib/gcc/arm-none-eabi/13.2.1/thumb/v7e-m/nofp/crtn.o
                0x080062c0                        . = ALIGN (0x4)
                0x080062c0                        _etext = .

.vfp11_veneer   0x080062c0        0x0
 .vfp11_veneer  0x080062c0        0x0 linker stubs

.v4_bx          0x080062c0        0x0
 .v4_bx         0x080062c0        0x0 linker stubs

.iplt           0x080062c0        0x0
 .iplt          0x080062c0        0x0 /opt/gcc-arm-none-eabi/bin/../lib/gcc/arm-none-eabi/13.2.1/thumb/v7e-m/nofp/crtbegin.o

.rodata         0x080062c0      0x43c
                0x080062c0                        . = ALIGN (0x4)
 *(.rodata)
 *(.rodata*)
 .rodata.main.str1.1
                0x080062c0      0x1e3 CMakeFiles/Drone.dir/USER/src/main.c.o
                                  0xa (size before relaxing)
 .rodata._printf_float.str1.1
                0x080064a3       0x12 /opt/gcc-arm-none-eabi/bin/../lib/gcc/arm-none-eabi/13.2.1/../../../../arm-none-eabi/lib/thumb/v7e-m/nofp/libc_nano.a(libc_a-nano-vfprintf_float.o)
 .rodata._printf_i.str1.1
                0x080064a3       0x22 /opt/gcc-arm-none-eabi/bin/../lib/gcc/arm-none-eabi/13.2.1/../../../../arm-none-eabi/lib/thumb/v7e-m/nofp/libc_nano.a(libc_a-nano-vfprintf_i.o)
 .rodata._scanf_float.str1.1
                0x080064a3        0x6 /opt/gcc-arm-none-eabi/bin/../lib/gcc/arm-none-eabi/13.2.1/../../../../arm-none-eabi/lib/thumb/v7e-m/nofp/libc_nano.a(libc_a-nano-vfscanf_float.o)
 .rodata._dtoa_r.str1.1
                0x080064a3       0x90 /opt/gcc-arm-none-eabi/bin/../lib/gcc/arm-none-eabi/13.2.1/../../../../arm-none-eabi/lib/thumb/v7e-m/nofp/libc_nano.a(libc_a-dtoa.o)
 .rodata._strtod_l.str1.1
                0x080064a3        0xf /opt/gcc-arm-none-eabi/bin/../lib/gcc/arm-none-eabi/13.2.1/../../../../arm-none-eabi/lib/thumb/v7e-m/nofp/libc_nano.a(libc_a-strtod.o)
 *fill*         0x080064a3        0x1 
 .rodata.fpinan.0
                0x080064a4       0x14 /opt/gcc-arm-none-eabi/bin/../lib/gcc/arm-none-eabi/13.2.1/../../../../arm-none-eabi/lib/thumb/v7e-m/nofp/libc_nano.a(libc_a-strtod.o)
 .rodata.fpi.1  0x080064b8       0x14 /opt/gcc-arm-none-eabi/bin/../lib/gcc/arm-none-eabi/13.2.1/../../../../arm-none-eabi/lib/thumb/v7e-m/nofp/libc_nano.a(libc_a-strtod.o)
 *fill*         0x080064cc        0x4 
 .rodata.tinytens
                0x080064d0       0x28 /opt/gcc-arm-none-eabi/bin/../lib/gcc/arm-none-eabi/13.2.1/../../../../arm-none-eabi/lib/thumb/v7e-m/nofp/libc_nano.a(libc_a-strtod.o)
 .rodata.__gethex.str1.1
                0x080064f8       0x74 /opt/gcc-arm-none-eabi/bin/../lib/gcc/arm-none-eabi/13.2.1/../../../../arm-none-eabi/lib/thumb/v7e-m/nofp/libc_nano.a(libc_a-gdtoa-gethex.o)
 .rodata._setlocale_r.str1.1
                0x080064f8        0x9 /opt/gcc-arm-none-eabi/bin/../lib/gcc/arm-none-eabi/13.2.1/../../../../arm-none-eabi/lib/thumb/v7e-m/nofp/libc_nano.a(libc_a-locale.o)
 .rodata.str1.1
                0x080064f8        0x2 /opt/gcc-arm-none-eabi/bin/../lib/gcc/arm-none-eabi/13.2.1/../../../../arm-none-eabi/lib/thumb/v7e-m/nofp/libc_nano.a(libc_a-locale.o)
 .rodata._svfprintf_r.str1.1
                0x080064f8       0x11 /opt/gcc-arm-none-eabi/bin/../lib/gcc/arm-none-eabi/13.2.1/../../../../arm-none-eabi/lib/thumb/v7e-m/nofp/libc_nano.a(libc_a-nano-svfprintf.o)
 .rodata.__assert_func.str1.1
                0x080064f8       0x3d /opt/gcc-arm-none-eabi/bin/../lib/gcc/arm-none-eabi/13.2.1/../../../../arm-none-eabi/lib/thumb/v7e-m/nofp/libc_nano.a(libc_a-assert.o)
 .rodata._Balloc.str1.1
                0x080064f8       0x71 /opt/gcc-arm-none-eabi/bin/../lib/gcc/arm-none-eabi/13.2.1/../../../../arm-none-eabi/lib/thumb/v7e-m/nofp/libc_nano.a(libc_a-mprec.o)
 .rodata.__multadd.str1.1
                0x080064f8       0x11 /opt/gcc-arm-none-eabi/bin/../lib/gcc/arm-none-eabi/13.2.1/../../../../arm-none-eabi/lib/thumb/v7e-m/nofp/libc_nano.a(libc_a-mprec.o)
 .rodata.p05.0  0x080064f8        0xc /opt/gcc-arm-none-eabi/bin/../lib/gcc/arm-none-eabi/13.2.1/../../../../arm-none-eabi/lib/thumb/v7e-m/nofp/libc_nano.a(libc_a-mprec.o)
 *fill*         0x08006504        0x4 
 .rodata.__mprec_bigtens
                0x08006508       0x28 /opt/gcc-arm-none-eabi/bin/../lib/gcc/arm-none-eabi/13.2.1/../../../../arm-none-eabi/lib/thumb/v7e-m/nofp/libc_nano.a(libc_a-mprec.o)
                0x08006508                __mprec_bigtens
 .rodata.__mprec_tens
                0x08006530       0xc8 /opt/gcc-arm-none-eabi/bin/../lib/gcc/arm-none-eabi/13.2.1/../../../../arm-none-eabi/lib/thumb/v7e-m/nofp/libc_nano.a(libc_a-mprec.o)
                0x08006530                __mprec_tens
 .rodata._ctype_
                0x080065f8      0x101 /opt/gcc-arm-none-eabi/bin/../lib/gcc/arm-none-eabi/13.2.1/../../../../arm-none-eabi/lib/thumb/v7e-m/nofp/libc_nano.a(libc_a-ctype_.o)
                0x080065f8                _ctype_
 .rodata._vfprintf_r.str1.1
                0x080066f9       0x11 /opt/gcc-arm-none-eabi/bin/../lib/gcc/arm-none-eabi/13.2.1/../../../../arm-none-eabi/lib/thumb/v7e-m/nofp/libc_nano.a(libc_a-nano-vfprintf.o)
                0x0800670c                        . = ALIGN (0x4)
 *fill*         0x080066f9        0x3 

.ARM.extab
 *(.ARM.extab* .gnu.linkonce.armextab.*)

.ARM            0x080066fc        0x8
                0x080066fc                        __exidx_start = .
 *(.ARM.exidx*)
 .ARM.exidx     0x080066fc        0x8 /opt/gcc-arm-none-eabi/bin/../lib/gcc/arm-none-eabi/13.2.1/../../../../arm-none-eabi/lib/thumb/v7e-m/nofp/libc_nano.a(libc_a-memchr.o)
 .ARM.exidx     0x08006704        0x0 /opt/gcc-arm-none-eabi/bin/../lib/gcc/arm-none-eabi/13.2.1/../../../../arm-none-eabi/lib/thumb/v7e-m/nofp/libc_nano.a(libc_a-strlen.o)
                                  0x8 (size before relaxing)
                0x08006704                        __exidx_end = .

.rel.dyn        0x08006704        0x0
 .rel.iplt      0x08006704        0x0 /opt/gcc-arm-none-eabi/bin/../lib/gcc/arm-none-eabi/13.2.1/thumb/v7e-m/nofp/crtbegin.o

.preinit_array  0x08006704        0x0
                0x08006704                        PROVIDE (__preinit_array_start = .)
 *(.preinit_array*)
                0x08006704                        PROVIDE (__preinit_array_end = .)

.init_array     0x08006704        0x4
                0x08006704                        PROVIDE (__init_array_start = .)
 *(SORT_BY_NAME(.init_array.*))
 *(.init_array*)
 .init_array    0x08006704        0x4 /opt/gcc-arm-none-eabi/bin/../lib/gcc/arm-none-eabi/13.2.1/thumb/v7e-m/nofp/crtbegin.o
                0x08006708                        PROVIDE (__init_array_end = .)

.fini_array     0x08006708        0x4
                [!provide]                        PROVIDE (__fini_array_start = .)
 *(SORT_BY_NAME(.fini_array.*))
 *(.fini_array*)
 .fini_array    0x08006708        0x4 /opt/gcc-arm-none-eabi/bin/../lib/gcc/arm-none-eabi/13.2.1/thumb/v7e-m/nofp/crtbegin.o
                [!provide]                        PROVIDE (__fini_array_end = .)
                0x0800670c                        _sidata = LOADADDR (.data)

.data           0x20000000      0x1c8 load address 0x0800670c
                0x20000000                        . = ALIGN (0x4)
                0x20000000                        _sdata = .
 *(.data)
 *(.data*)
 .data.__sglue  0x20000000        0xc /opt/gcc-arm-none-eabi/bin/../lib/gcc/arm-none-eabi/13.2.1/../../../../arm-none-eabi/lib/thumb/v7e-m/nofp/libc_nano.a(libc_a-findfp.o)
                0x20000000                __sglue
 .data.__global_locale
                0x2000000c      0x16c /opt/gcc-arm-none-eabi/bin/../lib/gcc/arm-none-eabi/13.2.1/../../../../arm-none-eabi/lib/thumb/v7e-m/nofp/libc_nano.a(libc_a-locale.o)
                0x2000000c                __global_locale
 .data._impure_ptr
                0x20000178        0x4 /opt/gcc-arm-none-eabi/bin/../lib/gcc/arm-none-eabi/13.2.1/../../../../arm-none-eabi/lib/thumb/v7e-m/nofp/libc_nano.a(libc_a-impure.o)
                0x20000178                _impure_ptr
 .data._impure_data
                0x2000017c       0x4c /opt/gcc-arm-none-eabi/bin/../lib/gcc/arm-none-eabi/13.2.1/../../../../arm-none-eabi/lib/thumb/v7e-m/nofp/libc_nano.a(libc_a-impure.o)
                0x2000017c                _impure_data
                0x200001c8                        . = ALIGN (0x4)
                0x200001c8                        _edata = .

.tm_clone_table
                0x200001c8        0x0 load address 0x080068d4
 .tm_clone_table
                0x200001c8        0x0 /opt/gcc-arm-none-eabi/bin/../lib/gcc/arm-none-eabi/13.2.1/thumb/v7e-m/nofp/crtbegin.o
 .tm_clone_table
                0x200001c8        0x0 /opt/gcc-arm-none-eabi/bin/../lib/gcc/arm-none-eabi/13.2.1/thumb/v7e-m/nofp/crtend.o

.igot.plt       0x200001c8        0x0 load address 0x080068d4
 .igot.plt      0x200001c8        0x0 /opt/gcc-arm-none-eabi/bin/../lib/gcc/arm-none-eabi/13.2.1/thumb/v7e-m/nofp/crtbegin.o
                0x200001c8                        . = ALIGN (0x4)

.bss            0x200001c8      0x1a0 load address 0x080068d4
                0x200001c8                        _sbss = .
                0x200001c8                        __bss_start__ = _sbss
 *(.bss)
 *(.bss*)
 .bss.completed.1
                0x200001c8        0x1 /opt/gcc-arm-none-eabi/bin/../lib/gcc/arm-none-eabi/13.2.1/thumb/v7e-m/nofp/crtbegin.o
 *fill*         0x200001c9        0x3 
 .bss.object.0  0x200001cc       0x18 /opt/gcc-arm-none-eabi/bin/../lib/gcc/arm-none-eabi/13.2.1/thumb/v7e-m/nofp/crtbegin.o
 .bss.HMC_Data_Structure
                0x200001e4        0x6 CMakeFiles/Drone.dir/HARDWARE/src/HMC5883L.c.o
                0x200001e4                HMC_Data_Structure
 .bss.MPU_Data_Structure
                0x200001ea        0xc CMakeFiles/Drone.dir/HARDWARE/src/MPU.c.o
                0x200001ea                MPU_Data_Structure
 .bss.motor     0x200001f6        0x8 CMakeFiles/Drone.dir/HARDWARE/src/Moter.c.o
                0x200001f6                motor
 .bss.receiver  0x200001fe       0x14 CMakeFiles/Drone.dir/HARDWARE/src/Receiver.c.o
                0x200001fe                receiver
 .bss.Serial_RxFlag
                0x20000212        0x1 CMakeFiles/Drone.dir/HARDWARE/src/Serial.c.o
                0x20000212                Serial_RxFlag
 .bss.Serial_RxData
                0x20000213        0x1 CMakeFiles/Drone.dir/HARDWARE/src/Serial.c.o
                0x20000213                Serial_RxData
 .bss.TimingDelay
                0x20000214        0x4 CMakeFiles/Drone.dir/SYSTEM/src/Delay.c.o
 .bss.__sf      0x20000218      0x138 /opt/gcc-arm-none-eabi/bin/../lib/gcc/arm-none-eabi/13.2.1/../../../../arm-none-eabi/lib/thumb/v7e-m/nofp/libc_nano.a(libc_a-findfp.o)
                0x20000218                __sf
 .bss.__stdio_exit_handler
                0x20000350        0x4 /opt/gcc-arm-none-eabi/bin/../lib/gcc/arm-none-eabi/13.2.1/../../../../arm-none-eabi/lib/thumb/v7e-m/nofp/libc_nano.a(libc_a-findfp.o)
                0x20000350                __stdio_exit_handler
 .bss.__lock___malloc_recursive_mutex
                0x20000354        0x1 /opt/gcc-arm-none-eabi/bin/../lib/gcc/arm-none-eabi/13.2.1/../../../../arm-none-eabi/lib/thumb/v7e-m/nofp/libc_nano.a(libc_a-lock.o)
                0x20000354                __lock___malloc_recursive_mutex
 .bss.__lock___sfp_recursive_mutex
                0x20000355        0x1 /opt/gcc-arm-none-eabi/bin/../lib/gcc/arm-none-eabi/13.2.1/../../../../arm-none-eabi/lib/thumb/v7e-m/nofp/libc_nano.a(libc_a-lock.o)
                0x20000355                __lock___sfp_recursive_mutex
 *fill*         0x20000356        0x2 
 .bss.errno     0x20000358        0x4 /opt/gcc-arm-none-eabi/bin/../lib/gcc/arm-none-eabi/13.2.1/../../../../arm-none-eabi/lib/thumb/v7e-m/nofp/libc_nano.a(libc_a-reent.o)
                0x20000358                errno
 .bss.__malloc_sbrk_start
                0x2000035c        0x4 /opt/gcc-arm-none-eabi/bin/../lib/gcc/arm-none-eabi/13.2.1/../../../../arm-none-eabi/lib/thumb/v7e-m/nofp/libc_nano.a(libc_a-mallocr.o)
                0x2000035c                __malloc_sbrk_start
 .bss.__malloc_free_list
                0x20000360        0x4 /opt/gcc-arm-none-eabi/bin/../lib/gcc/arm-none-eabi/13.2.1/../../../../arm-none-eabi/lib/thumb/v7e-m/nofp/libc_nano.a(libc_a-mallocr.o)
                0x20000360                __malloc_free_list
 .bss.heap_end.0
                0x20000364        0x4 /opt/gcc-arm-none-eabi/bin/../lib/gcc/arm-none-eabi/13.2.1/../../../../arm-none-eabi/lib/thumb/v7e-m/nofp/libnosys.a(sbrk.o)
 *(COMMON)
                0x20000368                        . = ALIGN (0x4)
                0x20000368                        _ebss = .
                0x20000368                        __bss_end__ = _ebss

._user_heap_stack
                0x20000368      0x600 load address 0x080068d4
                0x20000368                        . = ALIGN (0x8)
                0x20000368                        PROVIDE (end = .)
                [!provide]                        PROVIDE (_end = .)
                0x20000568                        . = (. + _Min_Heap_Size)
 *fill*         0x20000368      0x200 
                0x20000968                        . = (. + _Min_Stack_Size)
 *fill*         0x20000568      0x400 
                0x20000968                        . = ALIGN (0x8)

/DISCARD/
 libc.a(*)
 libm.a(*)
 libgcc.a(*)

.ARM.attributes
                0x00000000       0x2a
 *(.ARM.attributes)
 .ARM.attributes
                0x00000000       0x1e /opt/gcc-arm-none-eabi/bin/../lib/gcc/arm-none-eabi/13.2.1/thumb/v7e-m/nofp/crti.o
 .ARM.attributes
                0x0000001e       0x2e /opt/gcc-arm-none-eabi/bin/../lib/gcc/arm-none-eabi/13.2.1/thumb/v7e-m/nofp/crtbegin.o
 .ARM.attributes
                0x0000004c       0x2e CMakeFiles/Drone.dir/HARDWARE/src/HMC5883L.c.o
 .ARM.attributes
                0x0000007a       0x2e CMakeFiles/Drone.dir/HARDWARE/src/MPU.c.o
 .ARM.attributes
                0x000000a8       0x2e CMakeFiles/Drone.dir/HARDWARE/src/Moter.c.o
 .ARM.attributes
                0x000000d6       0x2e CMakeFiles/Drone.dir/HARDWARE/src/MyI2C.c.o
 .ARM.attributes
                0x00000104       0x2e CMakeFiles/Drone.dir/HARDWARE/src/Receiver.c.o
 .ARM.attributes
                0x00000132       0x2e CMakeFiles/Drone.dir/HARDWARE/src/Serial.c.o
 .ARM.attributes
                0x00000160       0x2e CMakeFiles/Drone.dir/SYSTEM/src/Delay.c.o
 .ARM.attributes
                0x0000018e       0x2e CMakeFiles/Drone.dir/USER/src/main.c.o
 .ARM.attributes
                0x000001bc       0x2e CMakeFiles/Drone.dir/USER/src/stm32f4xx_it.c.o
 .ARM.attributes
                0x000001ea       0x2e CMakeFiles/Drone.dir/USER/src/system_stm32f4xx.c.o
 .ARM.attributes
                0x00000218       0x21 CMakeFiles/Drone.dir/CORE/startup_stm32f401xe.s.o
 .ARM.attributes
                0x00000239       0x2e /opt/gcc-arm-none-eabi/bin/../lib/gcc/arm-none-eabi/13.2.1/../../../../arm-none-eabi/lib/thumb/v7e-m/nofp/libc_nano.a(libc_a-init.o)
 .ARM.attributes
                0x00000267       0x2e /opt/gcc-arm-none-eabi/bin/../lib/gcc/arm-none-eabi/13.2.1/../../../../arm-none-eabi/lib/thumb/v7e-m/nofp/libc_nano.a(libc_a-nano-vfprintf_float.o)
 .ARM.attributes
                0x00000295       0x2e /opt/gcc-arm-none-eabi/bin/../lib/gcc/arm-none-eabi/13.2.1/../../../../arm-none-eabi/lib/thumb/v7e-m/nofp/libc_nano.a(libc_a-nano-vfprintf_i.o)
 .ARM.attributes
                0x000002c3       0x2e /opt/gcc-arm-none-eabi/bin/../lib/gcc/arm-none-eabi/13.2.1/../../../../arm-none-eabi/lib/thumb/v7e-m/nofp/libc_nano.a(libc_a-nano-vfscanf_float.o)
 .ARM.attributes
                0x000002f1       0x1c /opt/gcc-arm-none-eabi/bin/../lib/gcc/arm-none-eabi/13.2.1/../../../../arm-none-eabi/lib/thumb/v7e-m/nofp/libc_nano.a(libc_a-memchr.o)
 .ARM.attributes
                0x0000030d       0x2e /opt/gcc-arm-none-eabi/bin/../lib/gcc/arm-none-eabi/13.2.1/../../../../arm-none-eabi/lib/thumb/v7e-m/nofp/libc_nano.a(libc_a-memcpy-stub.o)
 .ARM.attributes
                0x0000033b       0x2e /opt/gcc-arm-none-eabi/bin/../lib/gcc/arm-none-eabi/13.2.1/../../../../arm-none-eabi/lib/thumb/v7e-m/nofp/libc_nano.a(libc_a-findfp.o)
 .ARM.attributes
                0x00000369       0x17 /opt/gcc-arm-none-eabi/bin/../lib/gcc/arm-none-eabi/13.2.1/../../../../arm-none-eabi/lib/thumb/v7e-m/nofp/libc_nano.a(libc_a-strlen.o)
 .ARM.attributes
                0x00000380       0x2e /opt/gcc-arm-none-eabi/bin/../lib/gcc/arm-none-eabi/13.2.1/../../../../arm-none-eabi/lib/thumb/v7e-m/nofp/libc_nano.a(libc_a-sprintf.o)
 .ARM.attributes
                0x000003ae       0x2e /opt/gcc-arm-none-eabi/bin/../lib/gcc/arm-none-eabi/13.2.1/../../../../arm-none-eabi/lib/thumb/v7e-m/nofp/libc_nano.a(libc_a-stdio.o)
 .ARM.attributes
                0x000003dc       0x2e /opt/gcc-arm-none-eabi/bin/../lib/gcc/arm-none-eabi/13.2.1/../../../../arm-none-eabi/lib/thumb/v7e-m/nofp/libc_nano.a(libc_a-dtoa.o)
 .ARM.attributes
                0x0000040a       0x2e /opt/gcc-arm-none-eabi/bin/../lib/gcc/arm-none-eabi/13.2.1/../../../../arm-none-eabi/lib/thumb/v7e-m/nofp/libc_nano.a(libc_a-readr.o)
 .ARM.attributes
                0x00000438       0x2e /opt/gcc-arm-none-eabi/bin/../lib/gcc/arm-none-eabi/13.2.1/../../../../arm-none-eabi/lib/thumb/v7e-m/nofp/libc_nano.a(libc_a-writer.o)
 .ARM.attributes
                0x00000466       0x2e /opt/gcc-arm-none-eabi/bin/../lib/gcc/arm-none-eabi/13.2.1/../../../../arm-none-eabi/lib/thumb/v7e-m/nofp/libc_nano.a(libc_a-fwalk.o)
 .ARM.attributes
                0x00000494       0x2e /opt/gcc-arm-none-eabi/bin/../lib/gcc/arm-none-eabi/13.2.1/../../../../arm-none-eabi/lib/thumb/v7e-m/nofp/libc_nano.a(libc_a-memset.o)
 .ARM.attributes
                0x000004c2       0x2e /opt/gcc-arm-none-eabi/bin/../lib/gcc/arm-none-eabi/13.2.1/../../../../arm-none-eabi/lib/thumb/v7e-m/nofp/libc_nano.a(libm_a-sf_nan.o)
 .ARM.attributes
                0x000004f0       0x2e /opt/gcc-arm-none-eabi/bin/../lib/gcc/arm-none-eabi/13.2.1/../../../../arm-none-eabi/lib/thumb/v7e-m/nofp/libc_nano.a(libc_a-strtod.o)
 .ARM.attributes
                0x0000051e       0x2e /opt/gcc-arm-none-eabi/bin/../lib/gcc/arm-none-eabi/13.2.1/../../../../arm-none-eabi/lib/thumb/v7e-m/nofp/libc_nano.a(libc_a-strtol.o)
 .ARM.attributes
                0x0000054c       0x2e /opt/gcc-arm-none-eabi/bin/../lib/gcc/arm-none-eabi/13.2.1/../../../../arm-none-eabi/lib/thumb/v7e-m/nofp/libc_nano.a(libc_a-gdtoa-gethex.o)
 .ARM.attributes
                0x0000057a       0x2e /opt/gcc-arm-none-eabi/bin/../lib/gcc/arm-none-eabi/13.2.1/../../../../arm-none-eabi/lib/thumb/v7e-m/nofp/libc_nano.a(libc_a-gdtoa-hexnan.o)
 .ARM.attributes
                0x000005a8       0x2e /opt/gcc-arm-none-eabi/bin/../lib/gcc/arm-none-eabi/13.2.1/../../../../arm-none-eabi/lib/thumb/v7e-m/nofp/libc_nano.a(libc_a-lock.o)
 .ARM.attributes
                0x000005d6       0x2e /opt/gcc-arm-none-eabi/bin/../lib/gcc/arm-none-eabi/13.2.1/../../../../arm-none-eabi/lib/thumb/v7e-m/nofp/libc_nano.a(libc_a-locale.o)
 .ARM.attributes
                0x00000604       0x2e /opt/gcc-arm-none-eabi/bin/../lib/gcc/arm-none-eabi/13.2.1/../../../../arm-none-eabi/lib/thumb/v7e-m/nofp/libc_nano.a(libc_a-localeconv.o)
 .ARM.attributes
                0x00000632       0x2e /opt/gcc-arm-none-eabi/bin/../lib/gcc/arm-none-eabi/13.2.1/../../../../arm-none-eabi/lib/thumb/v7e-m/nofp/libc_nano.a(libc_a-nano-svfprintf.o)
 .ARM.attributes
                0x00000660       0x2e /opt/gcc-arm-none-eabi/bin/../lib/gcc/arm-none-eabi/13.2.1/../../../../arm-none-eabi/lib/thumb/v7e-m/nofp/libc_nano.a(libc_a-wctomb_r.o)
 .ARM.attributes
                0x0000068e       0x2e /opt/gcc-arm-none-eabi/bin/../lib/gcc/arm-none-eabi/13.2.1/../../../../arm-none-eabi/lib/thumb/v7e-m/nofp/libc_nano.a(libc_a-closer.o)
 .ARM.attributes
                0x000006bc       0x2e /opt/gcc-arm-none-eabi/bin/../lib/gcc/arm-none-eabi/13.2.1/../../../../arm-none-eabi/lib/thumb/v7e-m/nofp/libc_nano.a(libc_a-reent.o)
 .ARM.attributes
                0x000006ea       0x2e /opt/gcc-arm-none-eabi/bin/../lib/gcc/arm-none-eabi/13.2.1/../../../../arm-none-eabi/lib/thumb/v7e-m/nofp/libc_nano.a(libc_a-impure.o)
 .ARM.attributes
                0x00000718       0x2e /opt/gcc-arm-none-eabi/bin/../lib/gcc/arm-none-eabi/13.2.1/../../../../arm-none-eabi/lib/thumb/v7e-m/nofp/libc_nano.a(libc_a-fflush.o)
 .ARM.attributes
                0x00000746       0x2e /opt/gcc-arm-none-eabi/bin/../lib/gcc/arm-none-eabi/13.2.1/../../../../arm-none-eabi/lib/thumb/v7e-m/nofp/libc_nano.a(libc_a-malloc.o)
 .ARM.attributes
                0x00000774       0x2e /opt/gcc-arm-none-eabi/bin/../lib/gcc/arm-none-eabi/13.2.1/../../../../arm-none-eabi/lib/thumb/v7e-m/nofp/libc_nano.a(libc_a-mallocr.o)
 .ARM.attributes
                0x000007a2       0x2e /opt/gcc-arm-none-eabi/bin/../lib/gcc/arm-none-eabi/13.2.1/../../../../arm-none-eabi/lib/thumb/v7e-m/nofp/libc_nano.a(libc_a-mbtowc_r.o)
 .ARM.attributes
                0x000007d0       0x2e /opt/gcc-arm-none-eabi/bin/../lib/gcc/arm-none-eabi/13.2.1/../../../../arm-none-eabi/lib/thumb/v7e-m/nofp/libc_nano.a(libc_a-assert.o)
 .ARM.attributes
                0x000007fe       0x2e /opt/gcc-arm-none-eabi/bin/../lib/gcc/arm-none-eabi/13.2.1/../../../../arm-none-eabi/lib/thumb/v7e-m/nofp/libc_nano.a(libc_a-strncmp.o)
 .ARM.attributes
                0x0000082c       0x2e /opt/gcc-arm-none-eabi/bin/../lib/gcc/arm-none-eabi/13.2.1/../../../../arm-none-eabi/lib/thumb/v7e-m/nofp/libc_nano.a(libc_a-lseekr.o)
 .ARM.attributes
                0x0000085a       0x2e /opt/gcc-arm-none-eabi/bin/../lib/gcc/arm-none-eabi/13.2.1/../../../../arm-none-eabi/lib/thumb/v7e-m/nofp/libc_nano.a(libc_a-fprintf.o)
 .ARM.attributes
                0x00000888       0x2e /opt/gcc-arm-none-eabi/bin/../lib/gcc/arm-none-eabi/13.2.1/../../../../arm-none-eabi/lib/thumb/v7e-m/nofp/libc_nano.a(libc_a-mlock.o)
 .ARM.attributes
                0x000008b6       0x2e /opt/gcc-arm-none-eabi/bin/../lib/gcc/arm-none-eabi/13.2.1/../../../../arm-none-eabi/lib/thumb/v7e-m/nofp/libc_nano.a(libc_a-mprec.o)
 .ARM.attributes
                0x000008e4       0x2e /opt/gcc-arm-none-eabi/bin/../lib/gcc/arm-none-eabi/13.2.1/../../../../arm-none-eabi/lib/thumb/v7e-m/nofp/libc_nano.a(libc_a-callocr.o)
 .ARM.attributes
                0x00000912       0x2e /opt/gcc-arm-none-eabi/bin/../lib/gcc/arm-none-eabi/13.2.1/../../../../arm-none-eabi/lib/thumb/v7e-m/nofp/libc_nano.a(libc_a-ctype_.o)
 .ARM.attributes
                0x00000940       0x2e /opt/gcc-arm-none-eabi/bin/../lib/gcc/arm-none-eabi/13.2.1/../../../../arm-none-eabi/lib/thumb/v7e-m/nofp/libc_nano.a(libc_a-sbrkr.o)
 .ARM.attributes
                0x0000096e       0x2e /opt/gcc-arm-none-eabi/bin/../lib/gcc/arm-none-eabi/13.2.1/../../../../arm-none-eabi/lib/thumb/v7e-m/nofp/libc_nano.a(libc_a-errno.o)
 .ARM.attributes
                0x0000099c       0x2e /opt/gcc-arm-none-eabi/bin/../lib/gcc/arm-none-eabi/13.2.1/../../../../arm-none-eabi/lib/thumb/v7e-m/nofp/libc_nano.a(libc_a-memmove.o)
 .ARM.attributes
                0x000009ca       0x2e /opt/gcc-arm-none-eabi/bin/../lib/gcc/arm-none-eabi/13.2.1/../../../../arm-none-eabi/lib/thumb/v7e-m/nofp/libc_nano.a(libm_a-s_nan.o)
 .ARM.attributes
                0x000009f8       0x2e /opt/gcc-arm-none-eabi/bin/../lib/gcc/arm-none-eabi/13.2.1/../../../../arm-none-eabi/lib/thumb/v7e-m/nofp/libc_nano.a(libc_a-reallocr.o)
 .ARM.attributes
                0x00000a26       0x2e /opt/gcc-arm-none-eabi/bin/../lib/gcc/arm-none-eabi/13.2.1/../../../../arm-none-eabi/lib/thumb/v7e-m/nofp/libc_nano.a(libc_a-freer.o)
 .ARM.attributes
                0x00000a54       0x2e /opt/gcc-arm-none-eabi/bin/../lib/gcc/arm-none-eabi/13.2.1/../../../../arm-none-eabi/lib/thumb/v7e-m/nofp/libc_nano.a(libc_a-nano-vfprintf.o)
 .ARM.attributes
                0x00000a82       0x2e /opt/gcc-arm-none-eabi/bin/../lib/gcc/arm-none-eabi/13.2.1/../../../../arm-none-eabi/lib/thumb/v7e-m/nofp/libc_nano.a(libc_a-wbuf.o)
 .ARM.attributes
                0x00000ab0       0x2e /opt/gcc-arm-none-eabi/bin/../lib/gcc/arm-none-eabi/13.2.1/../../../../arm-none-eabi/lib/thumb/v7e-m/nofp/libc_nano.a(libc_a-wsetup.o)
 .ARM.attributes
                0x00000ade       0x2e /opt/gcc-arm-none-eabi/bin/../lib/gcc/arm-none-eabi/13.2.1/../../../../arm-none-eabi/lib/thumb/v7e-m/nofp/libc_nano.a(libc_a-abort.o)
 .ARM.attributes
                0x00000b0c       0x2e /opt/gcc-arm-none-eabi/bin/../lib/gcc/arm-none-eabi/13.2.1/../../../../arm-none-eabi/lib/thumb/v7e-m/nofp/libc_nano.a(libc_a-msizer.o)
 .ARM.attributes
                0x00000b3a       0x2e /opt/gcc-arm-none-eabi/bin/../lib/gcc/arm-none-eabi/13.2.1/../../../../arm-none-eabi/lib/thumb/v7e-m/nofp/libc_nano.a(libc_a-makebuf.o)
 .ARM.attributes
                0x00000b68       0x2e /opt/gcc-arm-none-eabi/bin/../lib/gcc/arm-none-eabi/13.2.1/../../../../arm-none-eabi/lib/thumb/v7e-m/nofp/libc_nano.a(libc_a-signal.o)
 .ARM.attributes
                0x00000b96       0x2e /opt/gcc-arm-none-eabi/bin/../lib/gcc/arm-none-eabi/13.2.1/../../../../arm-none-eabi/lib/thumb/v7e-m/nofp/libc_nano.a(libc_a-fstatr.o)
 .ARM.attributes
                0x00000bc4       0x2e /opt/gcc-arm-none-eabi/bin/../lib/gcc/arm-none-eabi/13.2.1/../../../../arm-none-eabi/lib/thumb/v7e-m/nofp/libc_nano.a(libc_a-isattyr.o)
 .ARM.attributes
                0x00000bf2       0x2e /opt/gcc-arm-none-eabi/bin/../lib/gcc/arm-none-eabi/13.2.1/../../../../arm-none-eabi/lib/thumb/v7e-m/nofp/libc_nano.a(libc_a-signalr.o)
 .ARM.attributes
                0x00000c20       0x1e /opt/gcc-arm-none-eabi/bin/../lib/gcc/arm-none-eabi/13.2.1/thumb/v7e-m/nofp/libgcc.a(_arm_addsubdf3.o)
 .ARM.attributes
                0x00000c3e       0x1e /opt/gcc-arm-none-eabi/bin/../lib/gcc/arm-none-eabi/13.2.1/thumb/v7e-m/nofp/libgcc.a(_arm_muldivdf3.o)
 .ARM.attributes
                0x00000c5c       0x1e /opt/gcc-arm-none-eabi/bin/../lib/gcc/arm-none-eabi/13.2.1/thumb/v7e-m/nofp/libgcc.a(_arm_cmpdf2.o)
 .ARM.attributes
                0x00000c7a       0x1e /opt/gcc-arm-none-eabi/bin/../lib/gcc/arm-none-eabi/13.2.1/thumb/v7e-m/nofp/libgcc.a(_arm_unorddf2.o)
 .ARM.attributes
                0x00000c98       0x1e /opt/gcc-arm-none-eabi/bin/../lib/gcc/arm-none-eabi/13.2.1/thumb/v7e-m/nofp/libgcc.a(_arm_fixdfsi.o)
 .ARM.attributes
                0x00000cb6       0x1e /opt/gcc-arm-none-eabi/bin/../lib/gcc/arm-none-eabi/13.2.1/thumb/v7e-m/nofp/libgcc.a(_arm_fixunsdfsi.o)
 .ARM.attributes
                0x00000cd4       0x1e /opt/gcc-arm-none-eabi/bin/../lib/gcc/arm-none-eabi/13.2.1/thumb/v7e-m/nofp/libgcc.a(_arm_truncdfsf2.o)
 .ARM.attributes
                0x00000cf2       0x1e /opt/gcc-arm-none-eabi/bin/../lib/gcc/arm-none-eabi/13.2.1/thumb/v7e-m/nofp/libgcc.a(_arm_addsubsf3.o)
 .ARM.attributes
                0x00000d10       0x1e /opt/gcc-arm-none-eabi/bin/../lib/gcc/arm-none-eabi/13.2.1/thumb/v7e-m/nofp/libgcc.a(_arm_muldivsf3.o)
 .ARM.attributes
                0x00000d2e       0x1e /opt/gcc-arm-none-eabi/bin/../lib/gcc/arm-none-eabi/13.2.1/thumb/v7e-m/nofp/libgcc.a(_arm_fixsfsi.o)
 .ARM.attributes
                0x00000d4c       0x2e /opt/gcc-arm-none-eabi/bin/../lib/gcc/arm-none-eabi/13.2.1/thumb/v7e-m/nofp/libgcc.a(_fixdfdi.o)
 .ARM.attributes
                0x00000d7a       0x2e /opt/gcc-arm-none-eabi/bin/../lib/gcc/arm-none-eabi/13.2.1/thumb/v7e-m/nofp/libgcc.a(_fixunsdfdi.o)
 .ARM.attributes
                0x00000da8       0x2e /opt/gcc-arm-none-eabi/bin/../lib/gcc/arm-none-eabi/13.2.1/../../../../arm-none-eabi/lib/thumb/v7e-m/nofp/libnosys.a(close.o)
 .ARM.attributes
                0x00000dd6       0x2e /opt/gcc-arm-none-eabi/bin/../lib/gcc/arm-none-eabi/13.2.1/../../../../arm-none-eabi/lib/thumb/v7e-m/nofp/libnosys.a(fstat.o)
 .ARM.attributes
                0x00000e04       0x2e /opt/gcc-arm-none-eabi/bin/../lib/gcc/arm-none-eabi/13.2.1/../../../../arm-none-eabi/lib/thumb/v7e-m/nofp/libnosys.a(getpid.o)
 .ARM.attributes
                0x00000e32       0x2e /opt/gcc-arm-none-eabi/bin/../lib/gcc/arm-none-eabi/13.2.1/../../../../arm-none-eabi/lib/thumb/v7e-m/nofp/libnosys.a(isatty.o)
 .ARM.attributes
                0x00000e60       0x2e /opt/gcc-arm-none-eabi/bin/../lib/gcc/arm-none-eabi/13.2.1/../../../../arm-none-eabi/lib/thumb/v7e-m/nofp/libnosys.a(kill.o)
 .ARM.attributes
                0x00000e8e       0x2e /opt/gcc-arm-none-eabi/bin/../lib/gcc/arm-none-eabi/13.2.1/../../../../arm-none-eabi/lib/thumb/v7e-m/nofp/libnosys.a(lseek.o)
 .ARM.attributes
                0x00000ebc       0x2e /opt/gcc-arm-none-eabi/bin/../lib/gcc/arm-none-eabi/13.2.1/../../../../arm-none-eabi/lib/thumb/v7e-m/nofp/libnosys.a(read.o)
 .ARM.attributes
                0x00000eea       0x2e /opt/gcc-arm-none-eabi/bin/../lib/gcc/arm-none-eabi/13.2.1/../../../../arm-none-eabi/lib/thumb/v7e-m/nofp/libnosys.a(sbrk.o)
 .ARM.attributes
                0x00000f18       0x2e /opt/gcc-arm-none-eabi/bin/../lib/gcc/arm-none-eabi/13.2.1/../../../../arm-none-eabi/lib/thumb/v7e-m/nofp/libnosys.a(write.o)
 .ARM.attributes
                0x00000f46       0x2e /opt/gcc-arm-none-eabi/bin/../lib/gcc/arm-none-eabi/13.2.1/../../../../arm-none-eabi/lib/thumb/v7e-m/nofp/libnosys.a(_exit.o)
 .ARM.attributes
                0x00000f74       0x2e /opt/gcc-arm-none-eabi/bin/../lib/gcc/arm-none-eabi/13.2.1/thumb/v7e-m/nofp/crtend.o
 .ARM.attributes
                0x00000fa2       0x1e /opt/gcc-arm-none-eabi/bin/../lib/gcc/arm-none-eabi/13.2.1/thumb/v7e-m/nofp/crtn.o
OUTPUT(Drone elf32-littlearm)
LOAD linker stubs
LOAD /opt/gcc-arm-none-eabi/bin/../lib/gcc/arm-none-eabi/13.2.1/../../../../arm-none-eabi/lib/thumb/v7e-m/nofp/libc.a
LOAD /opt/gcc-arm-none-eabi/bin/../lib/gcc/arm-none-eabi/13.2.1/../../../../arm-none-eabi/lib/thumb/v7e-m/nofp/libm.a
LOAD /opt/gcc-arm-none-eabi/bin/../lib/gcc/arm-none-eabi/13.2.1/thumb/v7e-m/nofp/libgcc.a

.debug_info     0x00000000     0x36a4
 .debug_info    0x00000000      0x68e CMakeFiles/Drone.dir/HARDWARE/src/HMC5883L.c.o
 .debug_info    0x0000068e      0x66e CMakeFiles/Drone.dir/HARDWARE/src/MPU.c.o
 .debug_info    0x00000cfc      0x63d CMakeFiles/Drone.dir/HARDWARE/src/Moter.c.o
 .debug_info    0x00001339      0x61f CMakeFiles/Drone.dir/HARDWARE/src/MyI2C.c.o
 .debug_info    0x00001958      0x6d5 CMakeFiles/Drone.dir/HARDWARE/src/Receiver.c.o
 .debug_info    0x0000202d      0x93a CMakeFiles/Drone.dir/HARDWARE/src/Serial.c.o
 .debug_info    0x00002967      0x1a8 CMakeFiles/Drone.dir/SYSTEM/src/Delay.c.o
 .debug_info    0x00002b0f      0x455 CMakeFiles/Drone.dir/USER/src/main.c.o
 .debug_info    0x00002f64       0xf9 CMakeFiles/Drone.dir/USER/src/stm32f4xx_it.c.o
 .debug_info    0x0000305d      0x617 CMakeFiles/Drone.dir/USER/src/system_stm32f4xx.c.o
 .debug_info    0x00003674       0x30 CMakeFiles/Drone.dir/CORE/startup_stm32f401xe.s.o

.debug_abbrev   0x00000000      0xe8c
 .debug_abbrev  0x00000000      0x1c0 CMakeFiles/Drone.dir/HARDWARE/src/HMC5883L.c.o
 .debug_abbrev  0x000001c0      0x1a5 CMakeFiles/Drone.dir/HARDWARE/src/MPU.c.o
 .debug_abbrev  0x00000365      0x152 CMakeFiles/Drone.dir/HARDWARE/src/Moter.c.o
 .debug_abbrev  0x000004b7      0x197 CMakeFiles/Drone.dir/HARDWARE/src/MyI2C.c.o
 .debug_abbrev  0x0000064e      0x143 CMakeFiles/Drone.dir/HARDWARE/src/Receiver.c.o
 .debug_abbrev  0x00000791      0x236 CMakeFiles/Drone.dir/HARDWARE/src/Serial.c.o
 .debug_abbrev  0x000009c7      0x10e CMakeFiles/Drone.dir/SYSTEM/src/Delay.c.o
 .debug_abbrev  0x00000ad5      0x145 CMakeFiles/Drone.dir/USER/src/main.c.o
 .debug_abbrev  0x00000c1a       0xb4 CMakeFiles/Drone.dir/USER/src/stm32f4xx_it.c.o
 .debug_abbrev  0x00000cce      0x19a CMakeFiles/Drone.dir/USER/src/system_stm32f4xx.c.o
 .debug_abbrev  0x00000e68       0x24 CMakeFiles/Drone.dir/CORE/startup_stm32f401xe.s.o

.debug_loclists
                0x00000000      0x79c
 .debug_loclists
                0x00000000      0x1fb CMakeFiles/Drone.dir/HARDWARE/src/HMC5883L.c.o
 .debug_loclists
                0x000001fb      0x185 CMakeFiles/Drone.dir/HARDWARE/src/MPU.c.o
 .debug_loclists
                0x00000380       0x4d CMakeFiles/Drone.dir/HARDWARE/src/Moter.c.o
 .debug_loclists
                0x000003cd       0xfb CMakeFiles/Drone.dir/HARDWARE/src/MyI2C.c.o
 .debug_loclists
                0x000004c8      0x17c CMakeFiles/Drone.dir/HARDWARE/src/Serial.c.o
 .debug_loclists
                0x00000644       0x71 CMakeFiles/Drone.dir/SYSTEM/src/Delay.c.o
 .debug_loclists
                0x000006b5       0x34 CMakeFiles/Drone.dir/USER/src/main.c.o
 .debug_loclists
                0x000006e9       0xb3 CMakeFiles/Drone.dir/USER/src/system_stm32f4xx.c.o

.debug_aranges  0x00000000      0x2b8
 .debug_aranges
                0x00000000       0x50 CMakeFiles/Drone.dir/HARDWARE/src/HMC5883L.c.o
 .debug_aranges
                0x00000050       0x50 CMakeFiles/Drone.dir/HARDWARE/src/MPU.c.o
 .debug_aranges
                0x000000a0       0x30 CMakeFiles/Drone.dir/HARDWARE/src/Moter.c.o
 .debug_aranges
                0x000000d0       0x68 CMakeFiles/Drone.dir/HARDWARE/src/MyI2C.c.o
 .debug_aranges
                0x00000138       0x28 CMakeFiles/Drone.dir/HARDWARE/src/Receiver.c.o
 .debug_aranges
                0x00000160       0x50 CMakeFiles/Drone.dir/HARDWARE/src/Serial.c.o
 .debug_aranges
                0x000001b0       0x40 CMakeFiles/Drone.dir/SYSTEM/src/Delay.c.o
 .debug_aranges
                0x000001f0       0x20 CMakeFiles/Drone.dir/USER/src/main.c.o
 .debug_aranges
                0x00000210       0x58 CMakeFiles/Drone.dir/USER/src/stm32f4xx_it.c.o
 .debug_aranges
                0x00000268       0x28 CMakeFiles/Drone.dir/USER/src/system_stm32f4xx.c.o
 .debug_aranges
                0x00000290       0x28 CMakeFiles/Drone.dir/CORE/startup_stm32f401xe.s.o

.debug_rnglists
                0x00000000      0x1e5
 .debug_rnglists
                0x00000000       0x38 CMakeFiles/Drone.dir/HARDWARE/src/HMC5883L.c.o
 .debug_rnglists
                0x00000038       0x37 CMakeFiles/Drone.dir/HARDWARE/src/MPU.c.o
 .debug_rnglists
                0x0000006f       0x20 CMakeFiles/Drone.dir/HARDWARE/src/Moter.c.o
 .debug_rnglists
                0x0000008f       0x49 CMakeFiles/Drone.dir/HARDWARE/src/MyI2C.c.o
 .debug_rnglists
                0x000000d8       0x1a CMakeFiles/Drone.dir/HARDWARE/src/Receiver.c.o
 .debug_rnglists
                0x000000f2       0x44 CMakeFiles/Drone.dir/HARDWARE/src/Serial.c.o
 .debug_rnglists
                0x00000136       0x2b CMakeFiles/Drone.dir/SYSTEM/src/Delay.c.o
 .debug_rnglists
                0x00000161       0x14 CMakeFiles/Drone.dir/USER/src/main.c.o
 .debug_rnglists
                0x00000175       0x3d CMakeFiles/Drone.dir/USER/src/stm32f4xx_it.c.o
 .debug_rnglists
                0x000001b2       0x1a CMakeFiles/Drone.dir/USER/src/system_stm32f4xx.c.o
 .debug_rnglists
                0x000001cc       0x19 CMakeFiles/Drone.dir/CORE/startup_stm32f401xe.s.o

.debug_line     0x00000000     0x1e35
 .debug_line    0x00000000      0x3f4 CMakeFiles/Drone.dir/HARDWARE/src/HMC5883L.c.o
 .debug_line    0x000003f4      0x314 CMakeFiles/Drone.dir/HARDWARE/src/MPU.c.o
 .debug_line    0x00000708      0x33a CMakeFiles/Drone.dir/HARDWARE/src/Moter.c.o
 .debug_line    0x00000a42      0x3af CMakeFiles/Drone.dir/HARDWARE/src/MyI2C.c.o
 .debug_line    0x00000df1      0x2db CMakeFiles/Drone.dir/HARDWARE/src/Receiver.c.o
 .debug_line    0x000010cc      0x443 CMakeFiles/Drone.dir/HARDWARE/src/Serial.c.o
 .debug_line    0x0000150f      0x1ef CMakeFiles/Drone.dir/SYSTEM/src/Delay.c.o
 .debug_line    0x000016fe      0x1e7 CMakeFiles/Drone.dir/USER/src/main.c.o
 .debug_line    0x000018e5      0x13e CMakeFiles/Drone.dir/USER/src/stm32f4xx_it.c.o
 .debug_line    0x00001a23      0x398 CMakeFiles/Drone.dir/USER/src/system_stm32f4xx.c.o
 .debug_line    0x00001dbb       0x7a CMakeFiles/Drone.dir/CORE/startup_stm32f401xe.s.o

.debug_str      0x00000000      0xb54
 .debug_str     0x00000000      0xb54 CMakeFiles/Drone.dir/HARDWARE/src/HMC5883L.c.o
                                0x2fc (size before relaxing)
 .debug_str     0x00000b54      0x2ce CMakeFiles/Drone.dir/HARDWARE/src/MPU.c.o
 .debug_str     0x00000b54      0x424 CMakeFiles/Drone.dir/HARDWARE/src/Moter.c.o
 .debug_str     0x00000b54      0x38a CMakeFiles/Drone.dir/HARDWARE/src/MyI2C.c.o
 .debug_str     0x00000b54      0x404 CMakeFiles/Drone.dir/HARDWARE/src/Receiver.c.o
 .debug_str     0x00000b54      0x464 CMakeFiles/Drone.dir/HARDWARE/src/Serial.c.o
 .debug_str     0x00000b54      0x1e3 CMakeFiles/Drone.dir/SYSTEM/src/Delay.c.o
 .debug_str     0x00000b54      0x2cd CMakeFiles/Drone.dir/USER/src/main.c.o
 .debug_str     0x00000b54      0x207 CMakeFiles/Drone.dir/USER/src/stm32f4xx_it.c.o
 .debug_str     0x00000b54      0x3dc CMakeFiles/Drone.dir/USER/src/system_stm32f4xx.c.o
 .debug_str     0x00000b54       0x7d CMakeFiles/Drone.dir/CORE/startup_stm32f401xe.s.o

.comment        0x00000000       0x44
 .comment       0x00000000       0x44 CMakeFiles/Drone.dir/HARDWARE/src/HMC5883L.c.o
                                 0x45 (size before relaxing)
 .comment       0x00000044       0x45 CMakeFiles/Drone.dir/HARDWARE/src/MPU.c.o
 .comment       0x00000044       0x45 CMakeFiles/Drone.dir/HARDWARE/src/Moter.c.o
 .comment       0x00000044       0x45 CMakeFiles/Drone.dir/HARDWARE/src/MyI2C.c.o
 .comment       0x00000044       0x45 CMakeFiles/Drone.dir/HARDWARE/src/Receiver.c.o
 .comment       0x00000044       0x45 CMakeFiles/Drone.dir/HARDWARE/src/Serial.c.o
 .comment       0x00000044       0x45 CMakeFiles/Drone.dir/SYSTEM/src/Delay.c.o
 .comment       0x00000044       0x45 CMakeFiles/Drone.dir/USER/src/main.c.o
 .comment       0x00000044       0x45 CMakeFiles/Drone.dir/USER/src/stm32f4xx_it.c.o
 .comment       0x00000044       0x45 CMakeFiles/Drone.dir/USER/src/system_stm32f4xx.c.o

.debug_frame    0x00000000     0x1c6c
 .debug_frame   0x00000000       0xec CMakeFiles/Drone.dir/HARDWARE/src/HMC5883L.c.o
 .debug_frame   0x000000ec       0xd4 CMakeFiles/Drone.dir/HARDWARE/src/MPU.c.o
 .debug_frame   0x000001c0       0x50 CMakeFiles/Drone.dir/HARDWARE/src/Moter.c.o
 .debug_frame   0x00000210       0xfc CMakeFiles/Drone.dir/HARDWARE/src/MyI2C.c.o
 .debug_frame   0x0000030c       0x30 CMakeFiles/Drone.dir/HARDWARE/src/Receiver.c.o
 .debug_frame   0x0000033c       0x9c CMakeFiles/Drone.dir/HARDWARE/src/Serial.c.o
 .debug_frame   0x000003d8       0x70 CMakeFiles/Drone.dir/SYSTEM/src/Delay.c.o
 .debug_frame   0x00000448       0x2c CMakeFiles/Drone.dir/USER/src/main.c.o
 .debug_frame   0x00000474       0x90 CMakeFiles/Drone.dir/USER/src/stm32f4xx_it.c.o
 .debug_frame   0x00000504       0x38 CMakeFiles/Drone.dir/USER/src/system_stm32f4xx.c.o
 .debug_frame   0x0000053c       0x2c /opt/gcc-arm-none-eabi/bin/../lib/gcc/arm-none-eabi/13.2.1/../../../../arm-none-eabi/lib/thumb/v7e-m/nofp/libc_nano.a(libc_a-init.o)
 .debug_frame   0x00000568       0x94 /opt/gcc-arm-none-eabi/bin/../lib/gcc/arm-none-eabi/13.2.1/../../../../arm-none-eabi/lib/thumb/v7e-m/nofp/libc_nano.a(libc_a-nano-vfprintf_float.o)
 .debug_frame   0x000005fc       0x60 /opt/gcc-arm-none-eabi/bin/../lib/gcc/arm-none-eabi/13.2.1/../../../../arm-none-eabi/lib/thumb/v7e-m/nofp/libc_nano.a(libc_a-nano-vfprintf_i.o)
 .debug_frame   0x0000065c       0x40 /opt/gcc-arm-none-eabi/bin/../lib/gcc/arm-none-eabi/13.2.1/../../../../arm-none-eabi/lib/thumb/v7e-m/nofp/libc_nano.a(libc_a-nano-vfscanf_float.o)
 .debug_frame   0x0000069c       0x28 /opt/gcc-arm-none-eabi/bin/../lib/gcc/arm-none-eabi/13.2.1/../../../../arm-none-eabi/lib/thumb/v7e-m/nofp/libc_nano.a(libc_a-memcpy-stub.o)
 .debug_frame   0x000006c4      0x144 /opt/gcc-arm-none-eabi/bin/../lib/gcc/arm-none-eabi/13.2.1/../../../../arm-none-eabi/lib/thumb/v7e-m/nofp/libc_nano.a(libc_a-findfp.o)
 .debug_frame   0x00000808       0x6c /opt/gcc-arm-none-eabi/bin/../lib/gcc/arm-none-eabi/13.2.1/../../../../arm-none-eabi/lib/thumb/v7e-m/nofp/libc_nano.a(libc_a-sprintf.o)
 .debug_frame   0x00000874       0x88 /opt/gcc-arm-none-eabi/bin/../lib/gcc/arm-none-eabi/13.2.1/../../../../arm-none-eabi/lib/thumb/v7e-m/nofp/libc_nano.a(libc_a-stdio.o)
 .debug_frame   0x000008fc       0x70 /opt/gcc-arm-none-eabi/bin/../lib/gcc/arm-none-eabi/13.2.1/../../../../arm-none-eabi/lib/thumb/v7e-m/nofp/libc_nano.a(libc_a-dtoa.o)
 .debug_frame   0x0000096c       0x2c /opt/gcc-arm-none-eabi/bin/../lib/gcc/arm-none-eabi/13.2.1/../../../../arm-none-eabi/lib/thumb/v7e-m/nofp/libc_nano.a(libc_a-readr.o)
 .debug_frame   0x00000998       0x2c /opt/gcc-arm-none-eabi/bin/../lib/gcc/arm-none-eabi/13.2.1/../../../../arm-none-eabi/lib/thumb/v7e-m/nofp/libc_nano.a(libc_a-writer.o)
 .debug_frame   0x000009c4       0x34 /opt/gcc-arm-none-eabi/bin/../lib/gcc/arm-none-eabi/13.2.1/../../../../arm-none-eabi/lib/thumb/v7e-m/nofp/libc_nano.a(libc_a-fwalk.o)
 .debug_frame   0x000009f8       0x20 /opt/gcc-arm-none-eabi/bin/../lib/gcc/arm-none-eabi/13.2.1/../../../../arm-none-eabi/lib/thumb/v7e-m/nofp/libc_nano.a(libc_a-memset.o)
 .debug_frame   0x00000a18       0x20 /opt/gcc-arm-none-eabi/bin/../lib/gcc/arm-none-eabi/13.2.1/../../../../arm-none-eabi/lib/thumb/v7e-m/nofp/libc_nano.a(libm_a-sf_nan.o)
 .debug_frame   0x00000a38       0xf8 /opt/gcc-arm-none-eabi/bin/../lib/gcc/arm-none-eabi/13.2.1/../../../../arm-none-eabi/lib/thumb/v7e-m/nofp/libc_nano.a(libc_a-strtod.o)
 .debug_frame   0x00000b30       0x64 /opt/gcc-arm-none-eabi/bin/../lib/gcc/arm-none-eabi/13.2.1/../../../../arm-none-eabi/lib/thumb/v7e-m/nofp/libc_nano.a(libc_a-strtol.o)
 .debug_frame   0x00000b94       0x74 /opt/gcc-arm-none-eabi/bin/../lib/gcc/arm-none-eabi/13.2.1/../../../../arm-none-eabi/lib/thumb/v7e-m/nofp/libc_nano.a(libc_a-gdtoa-gethex.o)
 .debug_frame   0x00000c08       0x78 /opt/gcc-arm-none-eabi/bin/../lib/gcc/arm-none-eabi/13.2.1/../../../../arm-none-eabi/lib/thumb/v7e-m/nofp/libc_nano.a(libc_a-gdtoa-hexnan.o)
 .debug_frame   0x00000c80       0xb0 /opt/gcc-arm-none-eabi/bin/../lib/gcc/arm-none-eabi/13.2.1/../../../../arm-none-eabi/lib/thumb/v7e-m/nofp/libc_nano.a(libc_a-lock.o)
 .debug_frame   0x00000d30       0x48 /opt/gcc-arm-none-eabi/bin/../lib/gcc/arm-none-eabi/13.2.1/../../../../arm-none-eabi/lib/thumb/v7e-m/nofp/libc_nano.a(libc_a-locale.o)
 .debug_frame   0x00000d78       0x40 /opt/gcc-arm-none-eabi/bin/../lib/gcc/arm-none-eabi/13.2.1/../../../../arm-none-eabi/lib/thumb/v7e-m/nofp/libc_nano.a(libc_a-localeconv.o)
 .debug_frame   0x00000db8       0x90 /opt/gcc-arm-none-eabi/bin/../lib/gcc/arm-none-eabi/13.2.1/../../../../arm-none-eabi/lib/thumb/v7e-m/nofp/libc_nano.a(libc_a-nano-svfprintf.o)
 .debug_frame   0x00000e48       0x3c /opt/gcc-arm-none-eabi/bin/../lib/gcc/arm-none-eabi/13.2.1/../../../../arm-none-eabi/lib/thumb/v7e-m/nofp/libc_nano.a(libc_a-wctomb_r.o)
 .debug_frame   0x00000e84       0x2c /opt/gcc-arm-none-eabi/bin/../lib/gcc/arm-none-eabi/13.2.1/../../../../arm-none-eabi/lib/thumb/v7e-m/nofp/libc_nano.a(libc_a-closer.o)
 .debug_frame   0x00000eb0       0x38 /opt/gcc-arm-none-eabi/bin/../lib/gcc/arm-none-eabi/13.2.1/../../../../arm-none-eabi/lib/thumb/v7e-m/nofp/libc_nano.a(libc_a-reent.o)
 .debug_frame   0x00000ee8       0x5c /opt/gcc-arm-none-eabi/bin/../lib/gcc/arm-none-eabi/13.2.1/../../../../arm-none-eabi/lib/thumb/v7e-m/nofp/libc_nano.a(libc_a-fflush.o)
 .debug_frame   0x00000f44       0x30 /opt/gcc-arm-none-eabi/bin/../lib/gcc/arm-none-eabi/13.2.1/../../../../arm-none-eabi/lib/thumb/v7e-m/nofp/libc_nano.a(libc_a-malloc.o)
 .debug_frame   0x00000f74       0x50 /opt/gcc-arm-none-eabi/bin/../lib/gcc/arm-none-eabi/13.2.1/../../../../arm-none-eabi/lib/thumb/v7e-m/nofp/libc_nano.a(libc_a-mallocr.o)
 .debug_frame   0x00000fc4       0x48 /opt/gcc-arm-none-eabi/bin/../lib/gcc/arm-none-eabi/13.2.1/../../../../arm-none-eabi/lib/thumb/v7e-m/nofp/libc_nano.a(libc_a-mbtowc_r.o)
 .debug_frame   0x0000100c       0x40 /opt/gcc-arm-none-eabi/bin/../lib/gcc/arm-none-eabi/13.2.1/../../../../arm-none-eabi/lib/thumb/v7e-m/nofp/libc_nano.a(libc_a-assert.o)
 .debug_frame   0x0000104c       0x28 /opt/gcc-arm-none-eabi/bin/../lib/gcc/arm-none-eabi/13.2.1/../../../../arm-none-eabi/lib/thumb/v7e-m/nofp/libc_nano.a(libc_a-strncmp.o)
 .debug_frame   0x00001074       0x2c /opt/gcc-arm-none-eabi/bin/../lib/gcc/arm-none-eabi/13.2.1/../../../../arm-none-eabi/lib/thumb/v7e-m/nofp/libc_nano.a(libc_a-lseekr.o)
 .debug_frame   0x000010a0       0x64 /opt/gcc-arm-none-eabi/bin/../lib/gcc/arm-none-eabi/13.2.1/../../../../arm-none-eabi/lib/thumb/v7e-m/nofp/libc_nano.a(libc_a-fprintf.o)
 .debug_frame   0x00001104       0x30 /opt/gcc-arm-none-eabi/bin/../lib/gcc/arm-none-eabi/13.2.1/../../../../arm-none-eabi/lib/thumb/v7e-m/nofp/libc_nano.a(libc_a-mlock.o)
 .debug_frame   0x00001134      0x258 /opt/gcc-arm-none-eabi/bin/../lib/gcc/arm-none-eabi/13.2.1/../../../../arm-none-eabi/lib/thumb/v7e-m/nofp/libc_nano.a(libc_a-mprec.o)
 .debug_frame   0x0000138c       0x2c /opt/gcc-arm-none-eabi/bin/../lib/gcc/arm-none-eabi/13.2.1/../../../../arm-none-eabi/lib/thumb/v7e-m/nofp/libc_nano.a(libc_a-callocr.o)
 .debug_frame   0x000013b8       0x2c /opt/gcc-arm-none-eabi/bin/../lib/gcc/arm-none-eabi/13.2.1/../../../../arm-none-eabi/lib/thumb/v7e-m/nofp/libc_nano.a(libc_a-sbrkr.o)
 .debug_frame   0x000013e4       0x20 /opt/gcc-arm-none-eabi/bin/../lib/gcc/arm-none-eabi/13.2.1/../../../../arm-none-eabi/lib/thumb/v7e-m/nofp/libc_nano.a(libc_a-errno.o)
 .debug_frame   0x00001404       0x28 /opt/gcc-arm-none-eabi/bin/../lib/gcc/arm-none-eabi/13.2.1/../../../../arm-none-eabi/lib/thumb/v7e-m/nofp/libc_nano.a(libc_a-memmove.o)
 .debug_frame   0x0000142c       0x20 /opt/gcc-arm-none-eabi/bin/../lib/gcc/arm-none-eabi/13.2.1/../../../../arm-none-eabi/lib/thumb/v7e-m/nofp/libc_nano.a(libm_a-s_nan.o)